Archive member included to satisfy reference by file (symbol)

c:/msys64/mingw64/bin/../lib/gcc/arm-none-eabi/12.2.0/../../../../arm-none-eabi/lib/thumb/v7e-m/nofp\libm.a(libm_a-w_exp.o)
                              objdir/.//network.o (exp)
c:/msys64/mingw64/bin/../lib/gcc/arm-none-eabi/12.2.0/../../../../arm-none-eabi/lib/thumb/v7e-m/nofp\libm.a(libm_a-wf_exp.o)
                              objdir/.//network.o (expf)
c:/msys64/mingw64/bin/../lib/gcc/arm-none-eabi/12.2.0/../../../../arm-none-eabi/lib/thumb/v7e-m/nofp\libm.a(libm_a-s_finite.o)
                              c:/msys64/mingw64/bin/../lib/gcc/arm-none-eabi/12.2.0/../../../../arm-none-eabi/lib/thumb/v7e-m/nofp\libm.a(libm_a-w_exp.o) (finite)
c:/msys64/mingw64/bin/../lib/gcc/arm-none-eabi/12.2.0/../../../../arm-none-eabi/lib/thumb/v7e-m/nofp\libm.a(libm_a-sf_finite.o)
                              c:/msys64/mingw64/bin/../lib/gcc/arm-none-eabi/12.2.0/../../../../arm-none-eabi/lib/thumb/v7e-m/nofp\libm.a(libm_a-wf_exp.o) (finitef)
c:/msys64/mingw64/bin/../lib/gcc/arm-none-eabi/12.2.0/../../../../arm-none-eabi/lib/thumb/v7e-m/nofp\libm.a(libm_a-e_exp.o)
                              c:/msys64/mingw64/bin/../lib/gcc/arm-none-eabi/12.2.0/../../../../arm-none-eabi/lib/thumb/v7e-m/nofp\libm.a(libm_a-w_exp.o) (__ieee754_exp)
c:/msys64/mingw64/bin/../lib/gcc/arm-none-eabi/12.2.0/../../../../arm-none-eabi/lib/thumb/v7e-m/nofp\libm.a(libm_a-ef_exp.o)
                              c:/msys64/mingw64/bin/../lib/gcc/arm-none-eabi/12.2.0/../../../../arm-none-eabi/lib/thumb/v7e-m/nofp\libm.a(libm_a-wf_exp.o) (__ieee754_expf)
c:/msys64/mingw64/bin/../lib/gcc/arm-none-eabi/12.2.0/../../../../arm-none-eabi/lib/thumb/v7e-m/nofp\libm.a(libm_a-math_err.o)
                              c:/msys64/mingw64/bin/../lib/gcc/arm-none-eabi/12.2.0/../../../../arm-none-eabi/lib/thumb/v7e-m/nofp\libm.a(libm_a-e_exp.o) (__math_uflow)
c:/msys64/mingw64/bin/../lib/gcc/arm-none-eabi/12.2.0/../../../../arm-none-eabi/lib/thumb/v7e-m/nofp\libm.a(libm_a-math_errf.o)
                              c:/msys64/mingw64/bin/../lib/gcc/arm-none-eabi/12.2.0/../../../../arm-none-eabi/lib/thumb/v7e-m/nofp\libm.a(libm_a-ef_exp.o) (__math_uflowf)
c:/msys64/mingw64/bin/../lib/gcc/arm-none-eabi/12.2.0/thumb/v7e-m/nofp\libgcc.a(_arm_muldf3.o)
                              c:/msys64/mingw64/bin/../lib/gcc/arm-none-eabi/12.2.0/../../../../arm-none-eabi/lib/thumb/v7e-m/nofp\libm.a(libm_a-e_exp.o) (__aeabi_dmul)
c:/msys64/mingw64/bin/../lib/gcc/arm-none-eabi/12.2.0/thumb/v7e-m/nofp\libgcc.a(_arm_mulsf3.o)
                              c:/msys64/mingw64/bin/../lib/gcc/arm-none-eabi/12.2.0/../../../../arm-none-eabi/lib/thumb/v7e-m/nofp\libm.a(libm_a-ef_exp.o) (__aeabi_fmul)
c:/msys64/mingw64/bin/../lib/gcc/arm-none-eabi/12.2.0/thumb/v7e-m/nofp\libgcc.a(_arm_addsubdf3.o)
                              c:/msys64/mingw64/bin/../lib/gcc/arm-none-eabi/12.2.0/../../../../arm-none-eabi/lib/thumb/v7e-m/nofp\libm.a(libm_a-e_exp.o) (__aeabi_dsub)
c:/msys64/mingw64/bin/../lib/gcc/arm-none-eabi/12.2.0/thumb/v7e-m/nofp\libgcc.a(_arm_muldivdf3.o)
                              objdir/.//network.o (__aeabi_ddiv)
c:/msys64/mingw64/bin/../lib/gcc/arm-none-eabi/12.2.0/thumb/v7e-m/nofp\libgcc.a(_arm_cmpdf2.o)
                              c:/msys64/mingw64/bin/../lib/gcc/arm-none-eabi/12.2.0/../../../../arm-none-eabi/lib/thumb/v7e-m/nofp\libm.a(libm_a-math_err.o) (__aeabi_dcmpeq)
c:/msys64/mingw64/bin/../lib/gcc/arm-none-eabi/12.2.0/thumb/v7e-m/nofp\libgcc.a(_arm_unorddf2.o)
                              c:/msys64/mingw64/bin/../lib/gcc/arm-none-eabi/12.2.0/../../../../arm-none-eabi/lib/thumb/v7e-m/nofp\libm.a(libm_a-math_err.o) (__aeabi_dcmpun)
c:/msys64/mingw64/bin/../lib/gcc/arm-none-eabi/12.2.0/thumb/v7e-m/nofp\libgcc.a(_arm_fixdfsi.o)
                              c:/msys64/mingw64/bin/../lib/gcc/arm-none-eabi/12.2.0/../../../../arm-none-eabi/lib/thumb/v7e-m/nofp\libm.a(libm_a-e_exp.o) (__aeabi_d2iz)
c:/msys64/mingw64/bin/../lib/gcc/arm-none-eabi/12.2.0/thumb/v7e-m/nofp\libgcc.a(_arm_fixunsdfsi.o)
                              objdir/.//network.o (__aeabi_d2uiz)
c:/msys64/mingw64/bin/../lib/gcc/arm-none-eabi/12.2.0/thumb/v7e-m/nofp\libgcc.a(_arm_addsubsf3.o)
                              c:/msys64/mingw64/bin/../lib/gcc/arm-none-eabi/12.2.0/../../../../arm-none-eabi/lib/thumb/v7e-m/nofp\libm.a(libm_a-ef_exp.o) (__aeabi_fsub)
c:/msys64/mingw64/bin/../lib/gcc/arm-none-eabi/12.2.0/thumb/v7e-m/nofp\libgcc.a(_arm_muldivsf3.o)
                              objdir/.//network.o (__aeabi_fdiv)
c:/msys64/mingw64/bin/../lib/gcc/arm-none-eabi/12.2.0/thumb/v7e-m/nofp\libgcc.a(_arm_cmpsf2.o)
                              c:/msys64/mingw64/bin/../lib/gcc/arm-none-eabi/12.2.0/../../../../arm-none-eabi/lib/thumb/v7e-m/nofp\libm.a(libm_a-wf_exp.o) (__aeabi_fcmplt)
c:/msys64/mingw64/bin/../lib/gcc/arm-none-eabi/12.2.0/thumb/v7e-m/nofp\libgcc.a(_arm_unordsf2.o)
[...]
Memory Configuration

Name             Origin             Length             Attributes
RAM              0x20000000         0x0000a000         xrw
ROM              0x08000000         0x00040000         xr
*default*        0x00000000         0xffffffff

Linker script and memory map

LOAD c:/msys64/mingw64/bin/../lib/gcc/arm-none-eabi/12.2.0/thumb/v7e-m/nofp/crti.o
LOAD c:/msys64/mingw64/bin/../lib/gcc/arm-none-eabi/12.2.0/thumb/v7e-m/nofp/crtbegin.o
LOAD c:/msys64/mingw64/bin/../lib/gcc/arm-none-eabi/12.2.0/../../../../arm-none-eabi/lib/thumb/v7e-m/nofp/crt0.o
LOAD objdir/.//main.o
LOAD objdir/.//network.o
LOAD objdir/simpleserial.o
LOAD objdir/stm32f3_hal.o
LOAD objdir/stm32f3_hal_lowlevel.o
LOAD objdir/stm32f3_sysmem.o
LOAD objdir/stm32f3_startup.o
LOAD c:/msys64/mingw64/bin/../lib/gcc/arm-none-eabi/12.2.0/../../../../arm-none-eabi/lib/thumb/v7e-m/nofp\libm.a
LOAD c:/msys64/mingw64/bin/../lib/gcc/arm-none-eabi/12.2.0/../../../../arm-none-eabi/lib/thumb/v7e-m/nofp\libm.a
START GROUP
LOAD c:/msys64/mingw64/bin/../lib/gcc/arm-none-eabi/12.2.0/thumb/v7e-m/nofp\libgcc.a
LOAD c:/msys64/mingw64/bin/../lib/gcc/arm-none-eabi/12.2.0/../../../../arm-none-eabi/lib/thumb/v7e-m/nofp\libg_nano.a
LOAD c:/msys64/mingw64/bin/../lib/gcc/arm-none-eabi/12.2.0/../../../../arm-none-eabi/lib/thumb/v7e-m/nofp\libc_nano.a
END GROUP
START GROUP
LOAD c:/msys64/mingw64/bin/../lib/gcc/arm-none-eabi/12.2.0/thumb/v7e-m/nofp\libgcc.a
LOAD c:/msys64/mingw64/bin/../lib/gcc/arm-none-eabi/12.2.0/../../../../arm-none-eabi/lib/thumb/v7e-m/nofp\libc_nano.a
LOAD c:/msys64/mingw64/bin/../lib/gcc/arm-none-eabi/12.2.0/../../../../arm-none-eabi/lib/thumb/v7e-m/nofp\libnosys.a
END GROUP
START GROUP
LOAD c:/msys64/mingw64/bin/../lib/gcc/arm-none-eabi/12.2.0/thumb/v7e-m/nofp\libgcc.a
LOAD c:/msys64/mingw64/bin/../lib/gcc/arm-none-eabi/12.2.0/../../../../arm-none-eabi/lib/thumb/v7e-m/nofp\libc_nano.a
LOAD c:/msys64/mingw64/bin/../lib/gcc/arm-none-eabi/12.2.0/../../../../arm-none-eabi/lib/thumb/v7e-m/nofp\libnosys.a
END GROUP
LOAD c:/msys64/mingw64/bin/../lib/gcc/arm-none-eabi/12.2.0/thumb/v7e-m/nofp/crtend.o
LOAD c:/msys64/mingw64/bin/../lib/gcc/arm-none-eabi/12.2.0/thumb/v7e-m/nofp/crtn.o
                0x2000a000                        _estack = 0x2000a000
                0x00000000                        _Min_Heap_Size = 0x0
                0x00000400                        _Min_Stack_Size = 0x400

.isr_vector     0x08000000      0x188
                0x08000000                        . = ALIGN (0x4)
 *(.isr_vector)
 .isr_vector    0x08000000      0x188 objdir/stm32f3_startup.o
                0x08000000                g_pfnVectors
                0x08000188                        . = ALIGN (0x4)

.text           0x08000190     0x55a4
                0x08000190                        . = ALIGN (0x4)
 *(.text)
 .text          0x08000190       0x50 c:/msys64/mingw64/bin/../lib/gcc/arm-none-eabi/12.2.0/../../../../arm-none-eabi/lib/thumb/v7e-m/nofp\libm.a(libm_a-wf_exp.o)
                0x08000190                expf
 .text          0x080001e0       0x10 c:/msys64/mingw64/bin/../lib/gcc/arm-none-eabi/12.2.0/../../../../arm-none-eabi/lib/thumb/v7e-m/nofp\libm.a(libm_a-sf_finite.o)
                0x080001e0                finitef
 .text          0x080001f0      0x240 c:/msys64/mingw64/bin/../lib/gcc/arm-none-eabi/12.2.0/../../../../arm-none-eabi/lib/thumb/v7e-m/nofp\libm.a(libm_a-ef_exp.o)
                0x080001f0                __ieee754_expf
 .text          0x08000430       0x94 c:/msys64/mingw64/bin/../lib/gcc/arm-none-eabi/12.2.0/../../../../arm-none-eabi/lib/thumb/v7e-m/nofp\libm.a(libm_a-math_errf.o)
                0x08000468                __math_uflowf
                0x08000470                __math_oflowf
                0x08000478                __math_divzerof
                0x08000498                __math_invalidf
 .text          0x080004c4      0x21c c:/msys64/mingw64/bin/../lib/gcc/arm-none-eabi/12.2.0/thumb/v7e-m/nofp\libgcc.a(_arm_addsubsf3.o)
                0x080004c4                __aeabi_frsub
                0x080004cc                __subsf3
                0x080004cc                __aeabi_fsub
                0x080004d0                __aeabi_fadd
                0x080004d0                __addsf3
                0x08000630                __aeabi_ui2f
                0x08000630                __floatunsisf
                0x08000638                __aeabi_i2f
                0x08000638                __floatsisf
                0x08000654                __aeabi_ul2f
                0x08000654                __floatundisf
                0x08000664                __aeabi_l2f
                0x08000664                __floatdisf
 .text          0x080006e0      0x2a0 c:/msys64/mingw64/bin/../lib/gcc/arm-none-eabi/12.2.0/thumb/v7e-m/nofp\libgcc.a(_arm_muldivsf3.o)
                0x080006e0                __mulsf3
                0x080006e0                __aeabi_fmul
                0x08000848                __aeabi_fdiv
                0x08000848                __divsf3
 .text          0x08000980       0xec c:/msys64/mingw64/bin/../lib/gcc/arm-none-eabi/12.2.0/thumb/v7e-m/nofp\libgcc.a(_arm_cmpsf2.o)
                0x08000980                __gesf2
                0x08000980                __gtsf2
                0x08000988                __lesf2
                0x08000988                __ltsf2
                0x08000990                __nesf2
                0x08000990                __eqsf2
                0x08000990                __cmpsf2
                0x080009f0                __aeabi_cfrcmple
                0x080009f8                __aeabi_cfcmpeq
                0x080009f8                __aeabi_cfcmple
                0x08000a08                __aeabi_fcmpeq
                0x08000a1c                __aeabi_fcmplt
                0x08000a30                __aeabi_fcmple
                0x08000a44                __aeabi_fcmpge
                0x08000a58                __aeabi_fcmpgt
 .text          0x08000a6c       0x2c c:/msys64/mingw64/bin/../lib/gcc/arm-none-eabi/12.2.0/thumb/v7e-m/nofp\libgcc.a(_arm_unordsf2.o)
                0x08000a6c                __unordsf2
                0x08000a6c                __aeabi_fcmpun
 .text          0x08000a98       0x4c c:/msys64/mingw64/bin/../lib/gcc/arm-none-eabi/12.2.0/thumb/v7e-m/nofp\libgcc.a(_arm_fixsfsi.o)
                0x08000a98                __aeabi_f2iz
                0x08000a98                __fixsfsi
 .text          0x08000ae4       0x40 c:/msys64/mingw64/bin/../lib/gcc/arm-none-eabi/12.2.0/thumb/v7e-m/nofp\libgcc.a(_arm_fixunssfsi.o)
                0x08000ae4                __fixunssfsi
                0x08000ae4                __aeabi_f2uiz
 .text          0x08000b24       0x20 c:/msys64/mingw64/bin/../lib/gcc/arm-none-eabi/12.2.0/../../../../arm-none-eabi/lib/thumb/v7e-m/nofp\libg_nano.a(libc_a-malloc.o)
                0x08000b24                malloc
                0x08000b34                free
 .text          0x08000b44      0x140 c:/msys64/mingw64/bin/../lib/gcc/arm-none-eabi/12.2.0/../../../../arm-none-eabi/lib/thumb/v7e-m/nofp\libg_nano.a(libc_a-mallocr.o)
                0x08000b8c                _malloc_r
 .text          0x08000c84       0x18 c:/msys64/mingw64/bin/../lib/gcc/arm-none-eabi/12.2.0/../../../../arm-none-eabi/lib/thumb/v7e-m/nofp\libg_nano.a(libc_a-mlock.o)
                0x08000c84                __malloc_lock
                0x08000c90                __malloc_unlock
 .text          0x08000c9c       0xf0 c:/msys64/mingw64/bin/../lib/gcc/arm-none-eabi/12.2.0/../../../../arm-none-eabi/lib/thumb/v7e-m/nofp\libg_nano.a(libc_a-rand.o)
                0x08000c9c                srand
                0x08000d00                rand
 .text          0x08000d8c      0x2dc c:/msys64/mingw64/bin/../lib/gcc/arm-none-eabi/12.2.0/../../../../arm-none-eabi/lib/thumb/v7e-m/nofp\libg_nano.a(libc_a-findfp.o)
                0x08000f08                __sfp
                0x08000fc8                __sinit
                0x08001008                __sfp_lock_acquire
                0x08001014                __sfp_lock_release
                0x08001020                __fp_lock_all
                0x08001044                __fp_unlock_all
 .text          0x08001068       0x48 c:/msys64/mingw64/bin/../lib/gcc/arm-none-eabi/12.2.0/../../../../arm-none-eabi/lib/thumb/v7e-m/nofp\libg_nano.a(libc_a-fwalk.o)
                0x08001068                _fwalk_sglue
 .text          0x080010b0       0x94 c:/msys64/mingw64/bin/../lib/gcc/arm-none-eabi/12.2.0/../../../../arm-none-eabi/lib/thumb/v7e-m/nofp\libg_nano.a(libc_a-stdio.o)
                0x080010b0                __sread
                0x080010d4                __seofread
                0x080010d8                __swrite
                0x08001118                __sseek
                0x0800113c                __sclose
 .text          0x08001144       0xa4 c:/msys64/mingw64/bin/../lib/gcc/arm-none-eabi/12.2.0/../../../../arm-none-eabi/lib/thumb/v7e-m/nofp\libg_nano.a(libc_a-memset.o)
                0x08001144                memset
 .text          0x080011e8       0x24 c:/msys64/mingw64/bin/../lib/gcc/arm-none-eabi/12.2.0/../../../../arm-none-eabi/lib/thumb/v7e-m/nofp\libg_nano.a(libc_a-closer.o)
                0x080011e8                _close_r
 .text          0x0800120c       0x2c c:/msys64/mingw64/bin/../lib/gcc/arm-none-eabi/12.2.0/../../../../arm-none-eabi/lib/thumb/v7e-m/nofp\libg_nano.a(libc_a-lseekr.o)
                0x0800120c                _lseek_r
 .text          0x08001238       0x2c c:/msys64/mingw64/bin/../lib/gcc/arm-none-eabi/12.2.0/../../../../arm-none-eabi/lib/thumb/v7e-m/nofp\libg_nano.a(libc_a-readr.o)
                0x08001238                _read_r
 .text          0x08001264       0x24 c:/msys64/mingw64/bin/../lib/gcc/arm-none-eabi/12.2.0/../../../../arm-none-eabi/lib/thumb/v7e-m/nofp\libg_nano.a(libc_a-sbrkr.o)
                0x08001264                _sbrk_r
 .text          0x08001288       0x2c c:/msys64/mingw64/bin/../lib/gcc/arm-none-eabi/12.2.0/../../../../arm-none-eabi/lib/thumb/v7e-m/nofp\libg_nano.a(libc_a-writer.o)
                0x08001288                _write_r
 .text          0x080012b4        0xc c:/msys64/mingw64/bin/../lib/gcc/arm-none-eabi/12.2.0/../../../../arm-none-eabi/lib/thumb/v7e-m/nofp\libg_nano.a(libc_a-errno.o)
                0x080012b4                __errno
 .text          0x080012c0       0x50 c:/msys64/mingw64/bin/../lib/gcc/arm-none-eabi/12.2.0/../../../../arm-none-eabi/lib/thumb/v7e-m/nofp\libg_nano.a(libc_a-init.o)
                0x080012c0                __libc_init_array
 .text          0x08001310       0x28 c:/msys64/mingw64/bin/../lib/gcc/arm-none-eabi/12.2.0/../../../../arm-none-eabi/lib/thumb/v7e-m/nofp\libg_nano.a(libc_a-lock.o)
                0x08001310                __retarget_lock_init
                0x08001314                __retarget_lock_init_recursive
                0x08001318                __retarget_lock_close
                0x0800131c                __retarget_lock_close_recursive
                0x08001320                __retarget_lock_acquire
                0x08001324                __retarget_lock_acquire_recursive
                0x08001328                __retarget_lock_try_acquire
                0x0800132c                __retarget_lock_try_acquire_recursive
                0x08001330                __retarget_lock_release
                0x08001334                __retarget_lock_release_recursive
 .text          0x08001338       0x4c c:/msys64/mingw64/bin/../lib/gcc/arm-none-eabi/12.2.0/../../../../arm-none-eabi/lib/thumb/v7e-m/nofp\libg_nano.a(libc_a-assert.o)
                0x08001338                __assert_func
                0x08001378                __assert
 .text          0x08001384       0xbc c:/msys64/mingw64/bin/../lib/gcc/arm-none-eabi/12.2.0/../../../../arm-none-eabi/lib/thumb/v7e-m/nofp\libg_nano.a(libc_a-freer.o)
                0x08001384                _free_r
 .text          0x08001440      0x190 c:/msys64/mingw64/bin/../lib/gcc/arm-none-eabi/12.2.0/../../../../arm-none-eabi/lib/thumb/v7e-m/nofp\libg_nano.a(libc_a-fflush.o)
                0x08001440                __sflush_r
                0x08001550                _fflush_r
                0x080015a8                fflush
 .text          0x080015d0       0x44 c:/msys64/mingw64/bin/../lib/gcc/arm-none-eabi/12.2.0/../../../../arm-none-eabi/lib/thumb/v7e-m/nofp\libg_nano.a(libc_a-fprintf.o)
                0x080015d0                _fprintf_r
                0x080015d0                _fiprintf_r
                0x080015ec                fiprintf
                0x080015ec                fprintf
 .text          0x08001614       0x10 c:/msys64/mingw64/bin/../lib/gcc/arm-none-eabi/12.2.0/../../../../arm-none-eabi/lib/thumb/v7e-m/nofp\libg_nano.a(libc_a-abort.o)
                0x08001614                abort
 .text          0x08001624      0x350 c:/msys64/mingw64/bin/../lib/gcc/arm-none-eabi/12.2.0/../../../../arm-none-eabi/lib/thumb/v7e-m/nofp\libg_nano.a(libc_a-nano-vfprintf.o)
                0x0800164c                __sfputs_r
                0x0800167c                __sprint_r
                0x0800169c                _vfiprintf_r
                0x0800169c                _vfprintf_r
                0x0800195c                vfprintf
                0x0800195c                vfiprintf
 .text          0x08001974      0x3a4 c:/msys64/mingw64/bin/../lib/gcc/arm-none-eabi/12.2.0/../../../../arm-none-eabi/lib/thumb/v7e-m/nofp\libg_nano.a(libc_a-nano-vfprintf_i.o)
                0x08001974                _printf_common
                0x08001a98                _printf_i
 .text          0x08001d18      0x2f8 c:/msys64/mingw64/bin/../lib/gcc/arm-none-eabi/12.2.0/../../../../arm-none-eabi/lib/thumb/v7e-m/nofp\libg_nano.a(libc_a-fvwrite.o)
                0x08001d18                __sfvwrite_r
 .text          0x08002010       0xa0 c:/msys64/mingw64/bin/../lib/gcc/arm-none-eabi/12.2.0/../../../../arm-none-eabi/lib/thumb/v7e-m/nofp\libg_nano.a(libc_a-wbuf.o)
                0x08002010                __swbuf_r
                0x08002098                __swbuf
 .text          0x080020b0       0xc0 c:/msys64/mingw64/bin/../lib/gcc/arm-none-eabi/12.2.0/../../../../arm-none-eabi/lib/thumb/v7e-m/nofp\libg_nano.a(libc_a-wsetup.o)
                0x080020b0                __swsetup_r
 .text          0x08002170      0x100 c:/msys64/mingw64/bin/../lib/gcc/arm-none-eabi/12.2.0/../../../../arm-none-eabi/lib/thumb/v7e-m/nofp\libg_nano.a(libc_a-memmove.o)
                0x08002170                memmove
 .text          0x08002270      0x260 c:/msys64/mingw64/bin/../lib/gcc/arm-none-eabi/12.2.0/../../../../arm-none-eabi/lib/thumb/v7e-m/nofp\libg_nano.a(libc_a-signal.o)
                0x08002270                _init_signal_r
                0x0800229c                _signal_r
                0x080022e8                _raise_r
                0x08002338                __sigtramp_r
                0x08002398                raise
                0x080023ec                signal
                0x08002438                _init_signal
                0x0800246c                __sigtramp
 .text          0x080024d0       0x30 c:/msys64/mingw64/bin/../lib/gcc/arm-none-eabi/12.2.0/../../../../arm-none-eabi/lib/thumb/v7e-m/nofp\libg_nano.a(libc_a-signalr.o)
                0x080024d0                _kill_r
                0x080024fc                _getpid_r
 .text          0x08002500       0xa0 c:/msys64/mingw64/bin/../lib/gcc/arm-none-eabi/12.2.0/../../../../arm-none-eabi/lib/thumb/v7e-m/nofp\libg_nano.a(libc_a-memchr.o)
                0x08002500                memchr
 .text          0x080025a0      0x134 c:/msys64/mingw64/bin/../lib/gcc/arm-none-eabi/12.2.0/../../../../arm-none-eabi/lib/thumb/v7e-m/nofp\libg_nano.a(libc_a-memcpy.o)
                0x080025a0                memcpy
 .text          0x080026d4       0x68 c:/msys64/mingw64/bin/../lib/gcc/arm-none-eabi/12.2.0/../../../../arm-none-eabi/lib/thumb/v7e-m/nofp\libg_nano.a(libc_a-reallocr.o)
                0x080026d4                _realloc_r
 .text          0x0800273c      0x114 c:/msys64/mingw64/bin/../lib/gcc/arm-none-eabi/12.2.0/../../../../arm-none-eabi/lib/thumb/v7e-m/nofp\libg_nano.a(libc_a-makebuf.o)
                0x0800273c                __smakebuf_r
                0x08002800                __swhatbuf_r
 .text          0x08002850       0x2c c:/msys64/mingw64/bin/../lib/gcc/arm-none-eabi/12.2.0/../../../../arm-none-eabi/lib/thumb/v7e-m/nofp\libg_nano.a(libc_a-fstatr.o)
                0x08002850                _fstat_r
 .text          0x0800287c       0x24 c:/msys64/mingw64/bin/../lib/gcc/arm-none-eabi/12.2.0/../../../../arm-none-eabi/lib/thumb/v7e-m/nofp\libg_nano.a(libc_a-isattyr.o)
                0x0800287c                _isatty_r
 .text          0x080028a0       0x10 c:/msys64/mingw64/bin/../lib/gcc/arm-none-eabi/12.2.0/../../../../arm-none-eabi/lib/thumb/v7e-m/nofp\libg_nano.a(libc_a-msizer.o)
                0x080028a0                _malloc_usable_size_r
 .text          0x080028b0       0x10 c:/msys64/mingw64/bin/../lib/gcc/arm-none-eabi/12.2.0/../../../../arm-none-eabi/lib/thumb/v7e-m/nofp\libnosys.a(close.o)
                0x080028b0                _close
 .text          0x080028c0       0x10 c:/msys64/mingw64/bin/../lib/gcc/arm-none-eabi/12.2.0/../../../../arm-none-eabi/lib/thumb/v7e-m/nofp\libnosys.a(fstat.o)
                0x080028c0                _fstat
 .text          0x080028d0       0x10 c:/msys64/mingw64/bin/../lib/gcc/arm-none-eabi/12.2.0/../../../../arm-none-eabi/lib/thumb/v7e-m/nofp\libnosys.a(getpid.o)
                0x080028d0                _getpid
 .text          0x080028e0       0x10 c:/msys64/mingw64/bin/../lib/gcc/arm-none-eabi/12.2.0/../../../../arm-none-eabi/lib/thumb/v7e-m/nofp\libnosys.a(isatty.o)
                0x080028e0                _isatty
 .text          0x080028f0       0x10 c:/msys64/mingw64/bin/../lib/gcc/arm-none-eabi/12.2.0/../../../../arm-none-eabi/lib/thumb/v7e-m/nofp\libnosys.a(kill.o)
                0x080028f0                _kill
 .text          0x08002900       0x10 c:/msys64/mingw64/bin/../lib/gcc/arm-none-eabi/12.2.0/../../../../arm-none-eabi/lib/thumb/v7e-m/nofp\libnosys.a(lseek.o)
                0x08002900                _lseek
 .text          0x08002910       0x10 c:/msys64/mingw64/bin/../lib/gcc/arm-none-eabi/12.2.0/../../../../arm-none-eabi/lib/thumb/v7e-m/nofp\libnosys.a(read.o)
                0x08002910                _read
 .text          0x08002920       0x10 c:/msys64/mingw64/bin/../lib/gcc/arm-none-eabi/12.2.0/../../../../arm-none-eabi/lib/thumb/v7e-m/nofp\libnosys.a(write.o)
                0x08002920                _write
 .text          0x08002930        0x4 c:/msys64/mingw64/bin/../lib/gcc/arm-none-eabi/12.2.0/../../../../arm-none-eabi/lib/thumb/v7e-m/nofp\libnosys.a(_exit.o)
                0x08002930                _exit
 *(.text*)
 .text.__do_global_dtors_aux
                0x08002934       0x24 c:/msys64/mingw64/bin/../lib/gcc/arm-none-eabi/12.2.0/thumb/v7e-m/nofp/crtbegin.o
 .text.frame_dummy
                0x08002958       0x1c c:/msys64/mingw64/bin/../lib/gcc/arm-none-eabi/12.2.0/thumb/v7e-m/nofp/crtbegin.o
 .text.handle   0x08002974      0x1bc objdir/.//main.o
                0x08002974                handle
 .text.main     0x08002b30       0x48 objdir/.//main.o
                0x08002b30                main
 .text.quantized_create_neuron
                0x08002b78       0x6a objdir/.//network.o
                0x08002b78                quantized_create_neuron
 .text.create_layer
                0x08002be2       0x34 objdir/.//network.o
                0x08002be2                create_layer
 .text.create_network
                0x08002c16       0x34 objdir/.//network.o
                0x08002c16                create_network
 .text.construct_quantized_network2
                0x08002c4a      0x11e objdir/.//network.o
                0x08002c4a                construct_quantized_network2
 .text.forward  0x08002d68      0x1fc objdir/.//network.o
                0x08002d68                forward
 .text.ss_crc   0x08002f64       0x6c objdir/simpleserial.o
                0x08002f64                ss_crc
 .text.check_version
                0x08002fd0       0x30 objdir/simpleserial.o
                0x08002fd0                check_version
 .text.ss_get_commands
                0x08003000       0x6c objdir/simpleserial.o
                0x08003000                ss_get_commands
 .text.stuff_data
                0x0800306c       0x50 objdir/simpleserial.o
                0x0800306c                stuff_data
 .text.unstuff_data
                0x080030bc       0x54 objdir/simpleserial.o
                0x080030bc                unstuff_data
 .text.simpleserial_init
                0x08003110       0x24 objdir/simpleserial.o
                0x08003110                simpleserial_init
 .text.simpleserial_addcmd
                0x08003134       0x8c objdir/simpleserial.o
                0x08003134                simpleserial_addcmd
 .text.simpleserial_get
                0x080031c0      0x268 objdir/simpleserial.o
                0x080031c0                simpleserial_get
 .text.simpleserial_put
                0x08003428      0x140 objdir/simpleserial.o
                0x08003428                simpleserial_put
 .text.platform_init
                0x08003568       0xa4 objdir/stm32f3_hal.o
                0x08003568                platform_init
 .text.init_uart
                0x0800360c       0xa0 objdir/stm32f3_hal.o
                0x0800360c                init_uart
 .text.trigger_setup
                0x080036ac       0x58 objdir/stm32f3_hal.o
                0x080036ac                trigger_setup
 .text.trigger_high
                0x08003704       0x16 objdir/stm32f3_hal.o
                0x08003704                trigger_high
 .text.trigger_low
                0x0800371a       0x16 objdir/stm32f3_hal.o
                0x0800371a                trigger_low
 .text.getch    0x08003730       0x3c objdir/stm32f3_hal.o
                0x08003730                getch
 .text.putch    0x0800376c       0x2c objdir/stm32f3_hal.o
                0x0800376c                putch
 .text.HAL_GetTick
                0x08003798       0x1c objdir/stm32f3_hal_lowlevel.o
                0x08003798                HAL_GetTick
 .text.HAL_RCC_GetSysClockFreq
                0x080037b4       0x10 objdir/stm32f3_hal_lowlevel.o
                0x080037b4                HAL_RCC_GetSysClockFreq
 .text.HAL_RCC_GetPCLK1Freq
                0x080037c4       0x10 objdir/stm32f3_hal_lowlevel.o
                0x080037c4                HAL_RCC_GetPCLK1Freq
 .text.HAL_RCC_OscConfig
                0x080037d4     0x102c objdir/stm32f3_hal_lowlevel.o
                0x080037d4                HAL_RCC_OscConfig
 .text.HAL_RCC_ClockConfig
                0x08004800      0x304 objdir/stm32f3_hal_lowlevel.o
                0x08004800                HAL_RCC_ClockConfig
 .text.HAL_RCC_GetPCLK2Freq
                0x08004b04       0x10 objdir/stm32f3_hal_lowlevel.o
                0x08004b04                HAL_RCC_GetPCLK2Freq
 .text.HAL_GPIO_Init
                0x08004b14      0x2fc objdir/stm32f3_hal_lowlevel.o
                0x08004b14                HAL_GPIO_Init
 .text.HAL_GPIO_WritePin
                0x08004e10       0x2e objdir/stm32f3_hal_lowlevel.o
                0x08004e10                HAL_GPIO_WritePin
 *fill*         0x08004e3e        0x2 
 .text.UART_SetConfig
                0x08004e40      0x400 objdir/stm32f3_hal_lowlevel.o
                0x08004e40                UART_SetConfig
 .text.UART_CheckIdleState
                0x08005240       0x92 objdir/stm32f3_hal_lowlevel.o
                0x08005240                UART_CheckIdleState
 .text.HAL_UART_Init
                0x080052d2       0x8e objdir/stm32f3_hal_lowlevel.o
                0x080052d2                HAL_UART_Init
 .text.UART_WaitOnFlagUntilTimeout
                0x08005360       0x94 objdir/stm32f3_hal_lowlevel.o
                0x08005360                UART_WaitOnFlagUntilTimeout
 .text.HAL_UART_Transmit
                0x080053f4      0x118 objdir/stm32f3_hal_lowlevel.o
                0x080053f4                HAL_UART_Transmit
 .text.HAL_UART_Receive
                0x0800550c      0x16a objdir/stm32f3_hal_lowlevel.o
                0x0800550c                HAL_UART_Receive
 *fill*         0x08005676        0x2 
 .text._sbrk    0x08005678       0x58 objdir/stm32f3_sysmem.o
                0x08005678                _sbrk
 .text.Reset_Handler
                0x080056d0       0x48 objdir/stm32f3_startup.o
                0x080056d0                Reset_Handler
 .text.Default_Handler
                0x08005718        0x2 objdir/stm32f3_startup.o
                0x08005718                DebugMon_Handler
                0x08005718                HardFault_Handler
                0x08005718                SysTick_Handler
                0x08005718                PendSV_Handler
                0x08005718                NMI_Handler
                0x08005718                UsageFault_Handler
                0x08005718                Default_Handler
                0x08005718                MemManage_Handler
                0x08005718                SVC_Handler
                0x08005718                BusFault_Handler
 *(.glue_7)
 .glue_7        0x0800571a        0x0 linker stubs
 *(.glue_7t)
 .glue_7t       0x0800571a        0x0 linker stubs
 *(.eh_frame)
 *fill*         0x0800571a        0x2 
 .eh_frame      0x0800571c        0x0 c:/msys64/mingw64/bin/../lib/gcc/arm-none-eabi/12.2.0/thumb/v7e-m/nofp/crtbegin.o
 *(.init)
 .init          0x0800571c        0x4 c:/msys64/mingw64/bin/../lib/gcc/arm-none-eabi/12.2.0/thumb/v7e-m/nofp/crti.o
                0x0800571c                _init
 .init          0x08005720        0x8 c:/msys64/mingw64/bin/../lib/gcc/arm-none-eabi/12.2.0/thumb/v7e-m/nofp/crtn.o
 *(.fini)
 .fini          0x08005728        0x4 c:/msys64/mingw64/bin/../lib/gcc/arm-none-eabi/12.2.0/thumb/v7e-m/nofp/crti.o
                0x08005728                _fini
 .fini          0x0800572c        0x8 c:/msys64/mingw64/bin/../lib/gcc/arm-none-eabi/12.2.0/thumb/v7e-m/nofp/crtn.o
                0x08005734                        . = ALIGN (0x4)
                0x08005734                        _etext = .

.vfp11_veneer   0x08005734        0x0
 .vfp11_veneer  0x08005734        0x0 linker stubs

.v4_bx          0x08005734        0x0
 .v4_bx         0x08005734        0x0 linker stubs

.iplt           0x08005734        0x0
 .iplt          0x08005734        0x0 c:/msys64/mingw64/bin/../lib/gcc/arm-none-eabi/12.2.0/thumb/v7e-m/nofp/crtbegin.o

.rodata         0x08005734       0xe8
                0x08005734                        . = ALIGN (0x4)
 *(.rodata)
 .rodata        0x08005734       0x18 c:/msys64/mingw64/bin/../lib/gcc/arm-none-eabi/12.2.0/../../../../arm-none-eabi/lib/thumb/v7e-m/nofp\libm.a(libm_a-ef_exp.o)
 *(.rodata*)
 .rodata.str1.4
                0x0800574c       0xcd c:/msys64/mingw64/bin/../lib/gcc/arm-none-eabi/12.2.0/../../../../arm-none-eabi/lib/thumb/v7e-m/nofp\libg_nano.a(libc_a-rand.o)
                                 0x53 (size before relaxing)
 .rodata.str1.4
                0x08005819       0x43 c:/msys64/mingw64/bin/../lib/gcc/arm-none-eabi/12.2.0/../../../../arm-none-eabi/lib/thumb/v7e-m/nofp\libg_nano.a(libc_a-assert.o)
 .rodata.str1.4
                0x08005819       0x13 c:/msys64/mingw64/bin/../lib/gcc/arm-none-eabi/12.2.0/../../../../arm-none-eabi/lib/thumb/v7e-m/nofp\libg_nano.a(libc_a-nano-vfprintf.o)
 .rodata.str1.4
                0x08005819       0x25 c:/msys64/mingw64/bin/../lib/gcc/arm-none-eabi/12.2.0/../../../../arm-none-eabi/lib/thumb/v7e-m/nofp\libg_nano.a(libc_a-nano-vfprintf_i.o)
                0x0800585c                        . = ALIGN (0x4)
 *fill*         0x08005819        0x3 

.ARM.extab      0x0800581c        0x0
                0x0800581c                        . = ALIGN (0x4)
 *(.ARM.extab* .gnu.linkonce.armextab.*)
                0x0800581c                        . = ALIGN (0x4)

.ARM            0x0800581c        0x8
                0x0800581c                        . = ALIGN (0x4)
                0x0800581c                        __exidx_start = .
 *(.ARM.exidx*)
 .ARM.exidx     0x0800581c        0x8 c:/msys64/mingw64/bin/../lib/gcc/arm-none-eabi/12.2.0/../../../../arm-none-eabi/lib/thumb/v7e-m/nofp\libg_nano.a(libc_a-memchr.o)
 .ARM.exidx     0x08005824        0x0 c:/msys64/mingw64/bin/../lib/gcc/arm-none-eabi/12.2.0/../../../../arm-none-eabi/lib/thumb/v7e-m/nofp\libg_nano.a(libc_a-memcpy.o)
                                  0x8 (size before relaxing)
                0x08005824                        __exidx_end = .
                0x08005824                        . = ALIGN (0x4)

.rel.dyn        0x08005824        0x0
 .rel.iplt      0x08005824        0x0 c:/msys64/mingw64/bin/../lib/gcc/arm-none-eabi/12.2.0/thumb/v7e-m/nofp/crtbegin.o

.preinit_array  0x08005824        0x0
                0x08005824                        . = ALIGN (0x4)
                0x08005824                        PROVIDE (__preinit_array_start = .)
 *(.preinit_array*)
                0x08005824                        PROVIDE (__preinit_array_end = .)
                0x08005824                        . = ALIGN (0x4)

.init_array     0x08005824        0x4
                0x08005824                        . = ALIGN (0x4)
                0x08005824                        PROVIDE (__init_array_start = .)
 *(SORT_BY_NAME(.init_array.*))
 *(.init_array*)
 .init_array    0x08005824        0x4 c:/msys64/mingw64/bin/../lib/gcc/arm-none-eabi/12.2.0/thumb/v7e-m/nofp/crtbegin.o
                0x08005828                        PROVIDE (__init_array_end = .)
                0x08005828                        . = ALIGN (0x4)

.fini_array     0x08005828        0x4
                0x08005828                        . = ALIGN (0x4)
                0x08005828                        PROVIDE (__fini_array_start = .)
 *(SORT_BY_NAME(.fini_array.*))
 *(.fini_array*)
 .fini_array    0x08005828        0x4 c:/msys64/mingw64/bin/../lib/gcc/arm-none-eabi/12.2.0/thumb/v7e-m/nofp/crtbegin.o
                0x0800582c                        PROVIDE (__fini_array_end = .)
                0x0800582c                        . = ALIGN (0x4)
                0x0800582c                        _sidata = LOADADDR (.data)

.data           0x20000000       0x6c load address 0x0800582c
                0x20000000                        . = ALIGN (0x4)
                0x20000000                        _sdata = .
 *(.data)
 .data          0x20000000       0x10 objdir/.//main.o
                0x20000000                arr
 .data          0x20000010        0xc c:/msys64/mingw64/bin/../lib/gcc/arm-none-eabi/12.2.0/../../../../arm-none-eabi/lib/thumb/v7e-m/nofp\libg_nano.a(libc_a-findfp.o)
                0x20000010                __sglue
 .data          0x2000001c       0x50 c:/msys64/mingw64/bin/../lib/gcc/arm-none-eabi/12.2.0/../../../../arm-none-eabi/lib/thumb/v7e-m/nofp\libg_nano.a(libc_a-impure.o)
                0x2000001c                _impure_ptr
                0x20000020                _impure_data
 *(.data*)
                0x2000006c                        . = ALIGN (0x4)
                0x2000006c                        _edata = .

.igot.plt       0x2000006c        0x0 load address 0x08005898
 .igot.plt      0x2000006c        0x0 c:/msys64/mingw64/bin/../lib/gcc/arm-none-eabi/12.2.0/thumb/v7e-m/nofp/crtbegin.o
                0x2000006c                        . = ALIGN (0x4)

.bss            0x2000006c      0x2c4 load address 0x08005898
                0x2000006c                        _sbss = .
                0x2000006c                        __bss_start__ = _sbss
 *(.bss)
 .bss           0x2000006c        0x4 objdir/.//main.o
                0x2000006c                net
 .bss           0x20000070       0xc4 objdir/simpleserial.o
 .bss           0x20000134       0x70 objdir/stm32f3_hal.o
                0x20000134                UartHandle
 .bss           0x200001a4        0x8 objdir/stm32f3_hal_lowlevel.o
                0x200001a4                hal_sys_tick
                0x200001a8                uwTick
 .bss           0x200001ac        0x4 objdir/stm32f3_sysmem.o
 .bss           0x200001b0        0x8 c:/msys64/mingw64/bin/../lib/gcc/arm-none-eabi/12.2.0/../../../../arm-none-eabi/lib/thumb/v7e-m/nofp\libg_nano.a(libc_a-mallocr.o)
                0x200001b0                __malloc_sbrk_start
                0x200001b4                __malloc_free_list
 .bss           0x200001b8      0x13c c:/msys64/mingw64/bin/../lib/gcc/arm-none-eabi/12.2.0/../../../../arm-none-eabi/lib/thumb/v7e-m/nofp\libg_nano.a(libc_a-findfp.o)
                0x200001b8                __sf
                0x200002f0                __stdio_exit_handler
 .bss           0x200002f4        0x4 c:/msys64/mingw64/bin/../lib/gcc/arm-none-eabi/12.2.0/../../../../arm-none-eabi/lib/thumb/v7e-m/nofp\libg_nano.a(libc_a-reent.o)
                0x200002f4                errno
 .bss           0x200002f8       0x1d c:/msys64/mingw64/bin/../lib/gcc/arm-none-eabi/12.2.0/../../../../arm-none-eabi/lib/thumb/v7e-m/nofp\libg_nano.a(libc_a-lock.o)
                0x200002f8                __lock___arc4random_mutex
                0x200002fc                __lock___dd_hash_mutex
                0x20000300                __lock___tz_mutex
                0x20000304                __lock___env_recursive_mutex
                0x20000308                __lock___malloc_recursive_mutex
                0x2000030c                __lock___at_quick_exit_mutex
                0x20000310                __lock___atexit_recursive_mutex
                0x20000314                __lock___sfp_recursive_mutex
 *(.bss*)
 .bss.completed.1
                0x20000315        0x1 c:/msys64/mingw64/bin/../lib/gcc/arm-none-eabi/12.2.0/thumb/v7e-m/nofp/crtbegin.o
 *fill*         0x20000316        0x2 
 .bss.object.0  0x20000318       0x18 c:/msys64/mingw64/bin/../lib/gcc/arm-none-eabi/12.2.0/thumb/v7e-m/nofp/crtbegin.o
 *(COMMON)
                0x20000330                        . = ALIGN (0x4)
                0x20000330                        _ebss = .
                0x20000330                        __bss_end__ = _ebss

._user_heap_stack
                0x20000330      0x400 load address 0x08005898
                0x20000330                        . = ALIGN (0x8)
                0x20000330                        PROVIDE (end = .)
                [!provide]                        PROVIDE (_end = .)
                0x20000330                        . = (. + _Min_Heap_Size)
                0x20000730                        . = (. + _Min_Stack_Size)
 *fill*         0x20000330      0x400 
                0x20000730                        . = ALIGN (0x8)

/DISCARD/
 libc.a(*)
 libm.a(*)
 libgcc.a(*)

.ARM.attributes
                0x00000000       0x2a
 *(.ARM.attributes)
 .ARM.attributes
                0x00000000       0x1e c:/msys64/mingw64/bin/../lib/gcc/arm-none-eabi/12.2.0/thumb/v7e-m/nofp/crti.o
 .ARM.attributes
                0x0000001e       0x2e c:/msys64/mingw64/bin/../lib/gcc/arm-none-eabi/12.2.0/thumb/v7e-m/nofp/crtbegin.o
 .ARM.attributes
                0x0000004c       0x2e objdir/.//main.o
 .ARM.attributes
                0x0000007a       0x2e objdir/.//network.o
 .ARM.attributes
                0x000000a8       0x2e objdir/simpleserial.o
 .ARM.attributes
                0x000000d6       0x2e objdir/stm32f3_hal.o
 .ARM.attributes
                0x00000104       0x2e objdir/stm32f3_hal_lowlevel.o
 .ARM.attributes
                0x00000132       0x2e objdir/stm32f3_sysmem.o
 .ARM.attributes
                0x00000160       0x21 objdir/stm32f3_startup.o
 .ARM.attributes
                0x00000181       0x2e c:/msys64/mingw64/bin/../lib/gcc/arm-none-eabi/12.2.0/../../../../arm-none-eabi/lib/thumb/v7e-m/nofp\libm.a(libm_a-wf_exp.o)
 .ARM.attributes
                0x000001af       0x2e c:/msys64/mingw64/bin/../lib/gcc/arm-none-eabi/12.2.0/../../../../arm-none-eabi/lib/thumb/v7e-m/nofp\libm.a(libm_a-sf_finite.o)
 .ARM.attributes
                0x000001dd       0x2e c:/msys64/mingw64/bin/../lib/gcc/arm-none-eabi/12.2.0/../../../../arm-none-eabi/lib/thumb/v7e-m/nofp\libm.a(libm_a-ef_exp.o)
 .ARM.attributes
                0x0000020b       0x2e c:/msys64/mingw64/bin/../lib/gcc/arm-none-eabi/12.2.0/../../../../arm-none-eabi/lib/thumb/v7e-m/nofp\libm.a(libm_a-math_errf.o)
 .ARM.attributes
                0x00000239       0x1e c:/msys64/mingw64/bin/../lib/gcc/arm-none-eabi/12.2.0/thumb/v7e-m/nofp\libgcc.a(_arm_addsubsf3.o)
 .ARM.attributes
                0x00000257       0x1e c:/msys64/mingw64/bin/../lib/gcc/arm-none-eabi/12.2.0/thumb/v7e-m/nofp\libgcc.a(_arm_muldivsf3.o)
 .ARM.attributes
                0x00000275       0x1e c:/msys64/mingw64/bin/../lib/gcc/arm-none-eabi/12.2.0/thumb/v7e-m/nofp\libgcc.a(_arm_cmpsf2.o)
 .ARM.attributes
                0x00000293       0x1e c:/msys64/mingw64/bin/../lib/gcc/arm-none-eabi/12.2.0/thumb/v7e-m/nofp\libgcc.a(_arm_unordsf2.o)
 .ARM.attributes
                0x000002b1       0x1e c:/msys64/mingw64/bin/../lib/gcc/arm-none-eabi/12.2.0/thumb/v7e-m/nofp\libgcc.a(_arm_fixsfsi.o)
 .ARM.attributes
                0x000002cf       0x1e c:/msys64/mingw64/bin/../lib/gcc/arm-none-eabi/12.2.0/thumb/v7e-m/nofp\libgcc.a(_arm_fixunssfsi.o)
 .ARM.attributes
                0x000002ed       0x2e c:/msys64/mingw64/bin/../lib/gcc/arm-none-eabi/12.2.0/../../../../arm-none-eabi/lib/thumb/v7e-m/nofp\libg_nano.a(libc_a-malloc.o)
 .ARM.attributes
                0x0000031b       0x2e c:/msys64/mingw64/bin/../lib/gcc/arm-none-eabi/12.2.0/../../../../arm-none-eabi/lib/thumb/v7e-m/nofp\libg_nano.a(libc_a-mallocr.o)
 .ARM.attributes
                0x00000349       0x2e c:/msys64/mingw64/bin/../lib/gcc/arm-none-eabi/12.2.0/../../../../arm-none-eabi/lib/thumb/v7e-m/nofp\libg_nano.a(libc_a-mlock.o)
 .ARM.attributes
                0x00000377       0x2e c:/msys64/mingw64/bin/../lib/gcc/arm-none-eabi/12.2.0/../../../../arm-none-eabi/lib/thumb/v7e-m/nofp\libg_nano.a(libc_a-rand.o)
 .ARM.attributes
                0x000003a5       0x2e c:/msys64/mingw64/bin/../lib/gcc/arm-none-eabi/12.2.0/../../../../arm-none-eabi/lib/thumb/v7e-m/nofp\libg_nano.a(libc_a-findfp.o)
 .ARM.attributes
                0x000003d3       0x2e c:/msys64/mingw64/bin/../lib/gcc/arm-none-eabi/12.2.0/../../../../arm-none-eabi/lib/thumb/v7e-m/nofp\libg_nano.a(libc_a-fwalk.o)
 .ARM.attributes
                0x00000401       0x2e c:/msys64/mingw64/bin/../lib/gcc/arm-none-eabi/12.2.0/../../../../arm-none-eabi/lib/thumb/v7e-m/nofp\libg_nano.a(libc_a-stdio.o)
 .ARM.attributes
                0x0000042f       0x2e c:/msys64/mingw64/bin/../lib/gcc/arm-none-eabi/12.2.0/../../../../arm-none-eabi/lib/thumb/v7e-m/nofp\libg_nano.a(libc_a-memset.o)
 .ARM.attributes
                0x0000045d       0x2e c:/msys64/mingw64/bin/../lib/gcc/arm-none-eabi/12.2.0/../../../../arm-none-eabi/lib/thumb/v7e-m/nofp\libg_nano.a(libc_a-closer.o)
 .ARM.attributes
                0x0000048b       0x2e c:/msys64/mingw64/bin/../lib/gcc/arm-none-eabi/12.2.0/../../../../arm-none-eabi/lib/thumb/v7e-m/nofp\libg_nano.a(libc_a-reent.o)
 .ARM.attributes
                0x000004b9       0x2e c:/msys64/mingw64/bin/../lib/gcc/arm-none-eabi/12.2.0/../../../../arm-none-eabi/lib/thumb/v7e-m/nofp\libg_nano.a(libc_a-impure.o)
 .ARM.attributes
                0x000004e7       0x2e c:/msys64/mingw64/bin/../lib/gcc/arm-none-eabi/12.2.0/../../../../arm-none-eabi/lib/thumb/v7e-m/nofp\libg_nano.a(libc_a-lseekr.o)
 .ARM.attributes
                0x00000515       0x2e c:/msys64/mingw64/bin/../lib/gcc/arm-none-eabi/12.2.0/../../../../arm-none-eabi/lib/thumb/v7e-m/nofp\libg_nano.a(libc_a-readr.o)
 .ARM.attributes
                0x00000543       0x2e c:/msys64/mingw64/bin/../lib/gcc/arm-none-eabi/12.2.0/../../../../arm-none-eabi/lib/thumb/v7e-m/nofp\libg_nano.a(libc_a-sbrkr.o)
 .ARM.attributes
                0x00000571       0x2e c:/msys64/mingw64/bin/../lib/gcc/arm-none-eabi/12.2.0/../../../../arm-none-eabi/lib/thumb/v7e-m/nofp\libg_nano.a(libc_a-writer.o)
 .ARM.attributes
                0x0000059f       0x2e c:/msys64/mingw64/bin/../lib/gcc/arm-none-eabi/12.2.0/../../../../arm-none-eabi/lib/thumb/v7e-m/nofp\libg_nano.a(libc_a-errno.o)
 .ARM.attributes
                0x000005cd       0x2e c:/msys64/mingw64/bin/../lib/gcc/arm-none-eabi/12.2.0/../../../../arm-none-eabi/lib/thumb/v7e-m/nofp\libg_nano.a(libc_a-init.o)
 .ARM.attributes
                0x000005fb       0x2e c:/msys64/mingw64/bin/../lib/gcc/arm-none-eabi/12.2.0/../../../../arm-none-eabi/lib/thumb/v7e-m/nofp\libg_nano.a(libc_a-lock.o)
 .ARM.attributes
                0x00000629       0x2e c:/msys64/mingw64/bin/../lib/gcc/arm-none-eabi/12.2.0/../../../../arm-none-eabi/lib/thumb/v7e-m/nofp\libg_nano.a(libc_a-assert.o)
 .ARM.attributes
                0x00000657       0x2e c:/msys64/mingw64/bin/../lib/gcc/arm-none-eabi/12.2.0/../../../../arm-none-eabi/lib/thumb/v7e-m/nofp\libg_nano.a(libc_a-freer.o)
 .ARM.attributes
                0x00000685       0x2e c:/msys64/mingw64/bin/../lib/gcc/arm-none-eabi/12.2.0/../../../../arm-none-eabi/lib/thumb/v7e-m/nofp\libg_nano.a(libc_a-fflush.o)
 .ARM.attributes
                0x000006b3       0x2e c:/msys64/mingw64/bin/../lib/gcc/arm-none-eabi/12.2.0/../../../../arm-none-eabi/lib/thumb/v7e-m/nofp\libg_nano.a(libc_a-fprintf.o)
 .ARM.attributes
                0x000006e1       0x2e c:/msys64/mingw64/bin/../lib/gcc/arm-none-eabi/12.2.0/../../../../arm-none-eabi/lib/thumb/v7e-m/nofp\libg_nano.a(libc_a-abort.o)
 .ARM.attributes
                0x0000070f       0x2e c:/msys64/mingw64/bin/../lib/gcc/arm-none-eabi/12.2.0/../../../../arm-none-eabi/lib/thumb/v7e-m/nofp\libg_nano.a(libc_a-nano-vfprintf.o)
 .ARM.attributes
                0x0000073d       0x2e c:/msys64/mingw64/bin/../lib/gcc/arm-none-eabi/12.2.0/../../../../arm-none-eabi/lib/thumb/v7e-m/nofp\libg_nano.a(libc_a-nano-vfprintf_i.o)
 .ARM.attributes
                0x0000076b       0x2e c:/msys64/mingw64/bin/../lib/gcc/arm-none-eabi/12.2.0/../../../../arm-none-eabi/lib/thumb/v7e-m/nofp\libg_nano.a(libc_a-fvwrite.o)
 .ARM.attributes
                0x00000799       0x2e c:/msys64/mingw64/bin/../lib/gcc/arm-none-eabi/12.2.0/../../../../arm-none-eabi/lib/thumb/v7e-m/nofp\libg_nano.a(libc_a-wbuf.o)
 .ARM.attributes
                0x000007c7       0x2e c:/msys64/mingw64/bin/../lib/gcc/arm-none-eabi/12.2.0/../../../../arm-none-eabi/lib/thumb/v7e-m/nofp\libg_nano.a(libc_a-wsetup.o)
 .ARM.attributes
                0x000007f5       0x2e c:/msys64/mingw64/bin/../lib/gcc/arm-none-eabi/12.2.0/../../../../arm-none-eabi/lib/thumb/v7e-m/nofp\libg_nano.a(libc_a-memmove.o)
 .ARM.attributes
                0x00000823       0x2e c:/msys64/mingw64/bin/../lib/gcc/arm-none-eabi/12.2.0/../../../../arm-none-eabi/lib/thumb/v7e-m/nofp\libg_nano.a(libc_a-signal.o)
 .ARM.attributes
                0x00000851       0x2e c:/msys64/mingw64/bin/../lib/gcc/arm-none-eabi/12.2.0/../../../../arm-none-eabi/lib/thumb/v7e-m/nofp\libg_nano.a(libc_a-signalr.o)
 .ARM.attributes
                0x0000087f       0x1c c:/msys64/mingw64/bin/../lib/gcc/arm-none-eabi/12.2.0/../../../../arm-none-eabi/lib/thumb/v7e-m/nofp\libg_nano.a(libc_a-memchr.o)
 .ARM.attributes
                0x0000089b       0x1c c:/msys64/mingw64/bin/../lib/gcc/arm-none-eabi/12.2.0/../../../../arm-none-eabi/lib/thumb/v7e-m/nofp\libg_nano.a(libc_a-memcpy.o)
 .ARM.attributes
                0x000008b7       0x2e c:/msys64/mingw64/bin/../lib/gcc/arm-none-eabi/12.2.0/../../../../arm-none-eabi/lib/thumb/v7e-m/nofp\libg_nano.a(libc_a-reallocr.o)
 .ARM.attributes
                0x000008e5       0x2e c:/msys64/mingw64/bin/../lib/gcc/arm-none-eabi/12.2.0/../../../../arm-none-eabi/lib/thumb/v7e-m/nofp\libg_nano.a(libc_a-makebuf.o)
 .ARM.attributes
                0x00000913       0x2e c:/msys64/mingw64/bin/../lib/gcc/arm-none-eabi/12.2.0/../../../../arm-none-eabi/lib/thumb/v7e-m/nofp\libg_nano.a(libc_a-fstatr.o)
 .ARM.attributes
                0x00000941       0x2e c:/msys64/mingw64/bin/../lib/gcc/arm-none-eabi/12.2.0/../../../../arm-none-eabi/lib/thumb/v7e-m/nofp\libg_nano.a(libc_a-isattyr.o)
 .ARM.attributes
                0x0000096f       0x2e c:/msys64/mingw64/bin/../lib/gcc/arm-none-eabi/12.2.0/../../../../arm-none-eabi/lib/thumb/v7e-m/nofp\libg_nano.a(libc_a-msizer.o)
 .ARM.attributes
                0x0000099d       0x2e c:/msys64/mingw64/bin/../lib/gcc/arm-none-eabi/12.2.0/../../../../arm-none-eabi/lib/thumb/v7e-m/nofp\libnosys.a(close.o)
 .ARM.attributes
                0x000009cb       0x2e c:/msys64/mingw64/bin/../lib/gcc/arm-none-eabi/12.2.0/../../../../arm-none-eabi/lib/thumb/v7e-m/nofp\libnosys.a(fstat.o)
 .ARM.attributes
                0x000009f9       0x2e c:/msys64/mingw64/bin/../lib/gcc/arm-none-eabi/12.2.0/../../../../arm-none-eabi/lib/thumb/v7e-m/nofp\libnosys.a(getpid.o)
 .ARM.attributes
                0x00000a27       0x2e c:/msys64/mingw64/bin/../lib/gcc/arm-none-eabi/12.2.0/../../../../arm-none-eabi/lib/thumb/v7e-m/nofp\libnosys.a(isatty.o)
 .ARM.attributes
                0x00000a55       0x2e c:/msys64/mingw64/bin/../lib/gcc/arm-none-eabi/12.2.0/../../../../arm-none-eabi/lib/thumb/v7e-m/nofp\libnosys.a(kill.o)
 .ARM.attributes
                0x00000a83       0x2e c:/msys64/mingw64/bin/../lib/gcc/arm-none-eabi/12.2.0/../../../../arm-none-eabi/lib/thumb/v7e-m/nofp\libnosys.a(lseek.o)
 .ARM.attributes
                0x00000ab1       0x2e c:/msys64/mingw64/bin/../lib/gcc/arm-none-eabi/12.2.0/../../../../arm-none-eabi/lib/thumb/v7e-m/nofp\libnosys.a(read.o)
 .ARM.attributes
                0x00000adf       0x2e c:/msys64/mingw64/bin/../lib/gcc/arm-none-eabi/12.2.0/../../../../arm-none-eabi/lib/thumb/v7e-m/nofp\libnosys.a(write.o)
 .ARM.attributes
                0x00000b0d       0x2e c:/msys64/mingw64/bin/../lib/gcc/arm-none-eabi/12.2.0/../../../../arm-none-eabi/lib/thumb/v7e-m/nofp\libnosys.a(_exit.o)
 .ARM.attributes
                0x00000b3b       0x1e c:/msys64/mingw64/bin/../lib/gcc/arm-none-eabi/12.2.0/thumb/v7e-m/nofp/crtn.o
OUTPUT(simpleserial-target-CWLITEARM.elf elf32-littlearm)
LOAD linker stubs
LOAD c:/msys64/mingw64/bin/../lib/gcc/arm-none-eabi/12.2.0/../../../../arm-none-eabi/lib/thumb/v7e-m/nofp\libc.a
LOAD c:/msys64/mingw64/bin/../lib/gcc/arm-none-eabi/12.2.0/../../../../arm-none-eabi/lib/thumb/v7e-m/nofp\libm.a
LOAD c:/msys64/mingw64/bin/../lib/gcc/arm-none-eabi/12.2.0/thumb/v7e-m/nofp\libgcc.a

.debug_info     0x00000000    0x1703e
 .debug_info    0x00000000      0x4ea objdir/.//main.o
 .debug_info    0x000004ea      0xb2d objdir/.//network.o
 .debug_info    0x00001017      0x62d objdir/simpleserial.o
 .debug_info    0x00001644      0xd92 objdir/stm32f3_hal.o
 .debug_info    0x000023d6     0x240a objdir/stm32f3_hal_lowlevel.o
 .debug_info    0x000047e0       0xff objdir/stm32f3_sysmem.o
 .debug_info    0x000048df       0xaf c:/msys64/mingw64/bin/../lib/gcc/arm-none-eabi/12.2.0/thumb/v7e-m/nofp\libgcc.a(_arm_addsubsf3.o)
 .debug_info    0x0000498e       0x52 c:/msys64/mingw64/bin/../lib/gcc/arm-none-eabi/12.2.0/thumb/v7e-m/nofp\libgcc.a(_arm_muldivsf3.o)
 .debug_info    0x000049e0       0xbc c:/msys64/mingw64/bin/../lib/gcc/arm-none-eabi/12.2.0/thumb/v7e-m/nofp\libgcc.a(_arm_cmpsf2.o)
 .debug_info    0x00004a9c       0x39 c:/msys64/mingw64/bin/../lib/gcc/arm-none-eabi/12.2.0/thumb/v7e-m/nofp\libgcc.a(_arm_unordsf2.o)
 .debug_info    0x00004ad5       0x39 c:/msys64/mingw64/bin/../lib/gcc/arm-none-eabi/12.2.0/thumb/v7e-m/nofp\libgcc.a(_arm_fixsfsi.o)
 .debug_info    0x00004b0e       0x39 c:/msys64/mingw64/bin/../lib/gcc/arm-none-eabi/12.2.0/thumb/v7e-m/nofp\libgcc.a(_arm_fixunssfsi.o)
 .debug_info    0x00004b47      0x794 c:/msys64/mingw64/bin/../lib/gcc/arm-none-eabi/12.2.0/../../../../arm-none-eabi/lib/thumb/v7e-m/nofp\libg_nano.a(libc_a-malloc.o)
 .debug_info    0x000052db      0x9c1 c:/msys64/mingw64/bin/../lib/gcc/arm-none-eabi/12.2.0/../../../../arm-none-eabi/lib/thumb/v7e-m/nofp\libg_nano.a(libc_a-mallocr.o)
 .debug_info    0x00005c9c      0x76b c:/msys64/mingw64/bin/../lib/gcc/arm-none-eabi/12.2.0/../../../../arm-none-eabi/lib/thumb/v7e-m/nofp\libg_nano.a(libc_a-mlock.o)
 .debug_info    0x00006407      0x85f c:/msys64/mingw64/bin/../lib/gcc/arm-none-eabi/12.2.0/../../../../arm-none-eabi/lib/thumb/v7e-m/nofp\libg_nano.a(libc_a-rand.o)
 .debug_info    0x00006c66     0x10be c:/msys64/mingw64/bin/../lib/gcc/arm-none-eabi/12.2.0/../../../../arm-none-eabi/lib/thumb/v7e-m/nofp\libg_nano.a(libc_a-findfp.o)
 .debug_info    0x00007d24      0x7d2 c:/msys64/mingw64/bin/../lib/gcc/arm-none-eabi/12.2.0/../../../../arm-none-eabi/lib/thumb/v7e-m/nofp\libg_nano.a(libc_a-fwalk.o)
 .debug_info    0x000084f6      0xa4e c:/msys64/mingw64/bin/../lib/gcc/arm-none-eabi/12.2.0/../../../../arm-none-eabi/lib/thumb/v7e-m/nofp\libg_nano.a(libc_a-stdio.o)
 .debug_info    0x00008f44      0x135 c:/msys64/mingw64/bin/../lib/gcc/arm-none-eabi/12.2.0/../../../../arm-none-eabi/lib/thumb/v7e-m/nofp\libg_nano.a(libc_a-memset.o)
 .debug_info    0x00009079      0x756 c:/msys64/mingw64/bin/../lib/gcc/arm-none-eabi/12.2.0/../../../../arm-none-eabi/lib/thumb/v7e-m/nofp\libg_nano.a(libc_a-closer.o)
 .debug_info    0x000097cf      0x8a3 c:/msys64/mingw64/bin/../lib/gcc/arm-none-eabi/12.2.0/../../../../arm-none-eabi/lib/thumb/v7e-m/nofp\libg_nano.a(libc_a-reent.o)
 .debug_info    0x0000a072      0x715 c:/msys64/mingw64/bin/../lib/gcc/arm-none-eabi/12.2.0/../../../../arm-none-eabi/lib/thumb/v7e-m/nofp\libg_nano.a(libc_a-impure.o)
 .debug_info    0x0000a787      0x796 c:/msys64/mingw64/bin/../lib/gcc/arm-none-eabi/12.2.0/../../../../arm-none-eabi/lib/thumb/v7e-m/nofp\libg_nano.a(libc_a-lseekr.o)
 .debug_info    0x0000af1d      0x7ad c:/msys64/mingw64/bin/../lib/gcc/arm-none-eabi/12.2.0/../../../../arm-none-eabi/lib/thumb/v7e-m/nofp\libg_nano.a(libc_a-readr.o)
 .debug_info    0x0000b6ca      0x77c c:/msys64/mingw64/bin/../lib/gcc/arm-none-eabi/12.2.0/../../../../arm-none-eabi/lib/thumb/v7e-m/nofp\libg_nano.a(libc_a-sbrkr.o)
 .debug_info    0x0000be46      0x7b3 c:/msys64/mingw64/bin/../lib/gcc/arm-none-eabi/12.2.0/../../../../arm-none-eabi/lib/thumb/v7e-m/nofp\libg_nano.a(libc_a-writer.o)
 .debug_info    0x0000c5f9      0x6fb c:/msys64/mingw64/bin/../lib/gcc/arm-none-eabi/12.2.0/../../../../arm-none-eabi/lib/thumb/v7e-m/nofp\libg_nano.a(libc_a-errno.o)
 .debug_info    0x0000ccf4      0x10b c:/msys64/mingw64/bin/../lib/gcc/arm-none-eabi/12.2.0/../../../../arm-none-eabi/lib/thumb/v7e-m/nofp\libg_nano.a(libc_a-init.o)
 .debug_info    0x0000cdff      0x20a c:/msys64/mingw64/bin/../lib/gcc/arm-none-eabi/12.2.0/../../../../arm-none-eabi/lib/thumb/v7e-m/nofp\libg_nano.a(libc_a-lock.o)
 .debug_info    0x0000d009      0x81d c:/msys64/mingw64/bin/../lib/gcc/arm-none-eabi/12.2.0/../../../../arm-none-eabi/lib/thumb/v7e-m/nofp\libg_nano.a(libc_a-assert.o)
 .debug_info    0x0000d826      0x877 c:/msys64/mingw64/bin/../lib/gcc/arm-none-eabi/12.2.0/../../../../arm-none-eabi/lib/thumb/v7e-m/nofp\libg_nano.a(libc_a-freer.o)
 .debug_info    0x0000e09d      0x9ec c:/msys64/mingw64/bin/../lib/gcc/arm-none-eabi/12.2.0/../../../../arm-none-eabi/lib/thumb/v7e-m/nofp\libg_nano.a(libc_a-fflush.o)
 .debug_info    0x0000ea89      0x855 c:/msys64/mingw64/bin/../lib/gcc/arm-none-eabi/12.2.0/../../../../arm-none-eabi/lib/thumb/v7e-m/nofp\libg_nano.a(libc_a-fprintf.o)
 .debug_info    0x0000f2de       0xd8 c:/msys64/mingw64/bin/../lib/gcc/arm-none-eabi/12.2.0/../../../../arm-none-eabi/lib/thumb/v7e-m/nofp\libg_nano.a(libc_a-abort.o)
 .debug_info    0x0000f3b6     0x10cb c:/msys64/mingw64/bin/../lib/gcc/arm-none-eabi/12.2.0/../../../../arm-none-eabi/lib/thumb/v7e-m/nofp\libg_nano.a(libc_a-nano-vfprintf.o)
 .debug_info    0x00010481      0xde1 c:/msys64/mingw64/bin/../lib/gcc/arm-none-eabi/12.2.0/../../../../arm-none-eabi/lib/thumb/v7e-m/nofp\libg_nano.a(libc_a-nano-vfprintf_i.o)
 .debug_info    0x00011262      0xaf8 c:/msys64/mingw64/bin/../lib/gcc/arm-none-eabi/12.2.0/../../../../arm-none-eabi/lib/thumb/v7e-m/nofp\libg_nano.a(libc_a-fvwrite.o)
 .debug_info    0x00011d5a      0x861 c:/msys64/mingw64/bin/../lib/gcc/arm-none-eabi/12.2.0/../../../../arm-none-eabi/lib/thumb/v7e-m/nofp\libg_nano.a(libc_a-wbuf.o)
 .debug_info    0x000125bb      0x7bb c:/msys64/mingw64/bin/../lib/gcc/arm-none-eabi/12.2.0/../../../../arm-none-eabi/lib/thumb/v7e-m/nofp\libg_nano.a(libc_a-wsetup.o)
 .debug_info    0x00012d76      0x148 c:/msys64/mingw64/bin/../lib/gcc/arm-none-eabi/12.2.0/../../../../arm-none-eabi/lib/thumb/v7e-m/nofp\libg_nano.a(libc_a-memmove.o)
 .debug_info    0x00012ebe      0xc31 c:/msys64/mingw64/bin/../lib/gcc/arm-none-eabi/12.2.0/../../../../arm-none-eabi/lib/thumb/v7e-m/nofp\libg_nano.a(libc_a-signal.o)
 .debug_info    0x00013aef      0x7dd c:/msys64/mingw64/bin/../lib/gcc/arm-none-eabi/12.2.0/../../../../arm-none-eabi/lib/thumb/v7e-m/nofp\libg_nano.a(libc_a-signalr.o)
 .debug_info    0x000142cc       0x25 c:/msys64/mingw64/bin/../lib/gcc/arm-none-eabi/12.2.0/../../../../arm-none-eabi/lib/thumb/v7e-m/nofp\libg_nano.a(libc_a-memchr.o)
 .debug_info    0x000142f1       0x33 c:/msys64/mingw64/bin/../lib/gcc/arm-none-eabi/12.2.0/../../../../arm-none-eabi/lib/thumb/v7e-m/nofp\libg_nano.a(libc_a-memcpy.o)
 .debug_info    0x00014324      0x8d1 c:/msys64/mingw64/bin/../lib/gcc/arm-none-eabi/12.2.0/../../../../arm-none-eabi/lib/thumb/v7e-m/nofp\libg_nano.a(libc_a-reallocr.o)
 .debug_info    0x00014bf5      0xbea c:/msys64/mingw64/bin/../lib/gcc/arm-none-eabi/12.2.0/../../../../arm-none-eabi/lib/thumb/v7e-m/nofp\libg_nano.a(libc_a-makebuf.o)
 .debug_info    0x000157df      0x975 c:/msys64/mingw64/bin/../lib/gcc/arm-none-eabi/12.2.0/../../../../arm-none-eabi/lib/thumb/v7e-m/nofp\libg_nano.a(libc_a-fstatr.o)
 .debug_info    0x00016154      0x756 c:/msys64/mingw64/bin/../lib/gcc/arm-none-eabi/12.2.0/../../../../arm-none-eabi/lib/thumb/v7e-m/nofp\libg_nano.a(libc_a-isattyr.o)
 .debug_info    0x000168aa      0x794 c:/msys64/mingw64/bin/../lib/gcc/arm-none-eabi/12.2.0/../../../../arm-none-eabi/lib/thumb/v7e-m/nofp\libg_nano.a(libc_a-msizer.o)

.debug_abbrev   0x00000000     0x51f0
 .debug_abbrev  0x00000000      0x194 objdir/.//main.o
 .debug_abbrev  0x00000194      0x24c objdir/.//network.o
 .debug_abbrev  0x000003e0      0x1d6 objdir/simpleserial.o
 .debug_abbrev  0x000005b6      0x20f objdir/stm32f3_hal.o
 .debug_abbrev  0x000007c5      0x38f objdir/stm32f3_hal_lowlevel.o
 .debug_abbrev  0x00000b54       0xb1 objdir/stm32f3_sysmem.o
 .debug_abbrev  0x00000c05       0x21 c:/msys64/mingw64/bin/../lib/gcc/arm-none-eabi/12.2.0/thumb/v7e-m/nofp\libgcc.a(_arm_addsubsf3.o)
 .debug_abbrev  0x00000c26       0x21 c:/msys64/mingw64/bin/../lib/gcc/arm-none-eabi/12.2.0/thumb/v7e-m/nofp\libgcc.a(_arm_muldivsf3.o)
 .debug_abbrev  0x00000c47       0x21 c:/msys64/mingw64/bin/../lib/gcc/arm-none-eabi/12.2.0/thumb/v7e-m/nofp\libgcc.a(_arm_cmpsf2.o)
 .debug_abbrev  0x00000c68       0x21 c:/msys64/mingw64/bin/../lib/gcc/arm-none-eabi/12.2.0/thumb/v7e-m/nofp\libgcc.a(_arm_unordsf2.o)
 .debug_abbrev  0x00000c89       0x21 c:/msys64/mingw64/bin/../lib/gcc/arm-none-eabi/12.2.0/thumb/v7e-m/nofp\libgcc.a(_arm_fixsfsi.o)
 .debug_abbrev  0x00000caa       0x21 c:/msys64/mingw64/bin/../lib/gcc/arm-none-eabi/12.2.0/thumb/v7e-m/nofp\libgcc.a(_arm_fixunssfsi.o)
 .debug_abbrev  0x00000ccb      0x1cf c:/msys64/mingw64/bin/../lib/gcc/arm-none-eabi/12.2.0/../../../../arm-none-eabi/lib/thumb/v7e-m/nofp\libg_nano.a(libc_a-malloc.o)
 .debug_abbrev  0x00000e9a      0x24a c:/msys64/mingw64/bin/../lib/gcc/arm-none-eabi/12.2.0/../../../../arm-none-eabi/lib/thumb/v7e-m/nofp\libg_nano.a(libc_a-mallocr.o)
 .debug_abbrev  0x000010e4      0x1bf c:/msys64/mingw64/bin/../lib/gcc/arm-none-eabi/12.2.0/../../../../arm-none-eabi/lib/thumb/v7e-m/nofp\libg_nano.a(libc_a-mlock.o)
 .debug_abbrev  0x000012a3      0x217 c:/msys64/mingw64/bin/../lib/gcc/arm-none-eabi/12.2.0/../../../../arm-none-eabi/lib/thumb/v7e-m/nofp\libg_nano.a(libc_a-rand.o)
 .debug_abbrev  0x000014ba      0x446 c:/msys64/mingw64/bin/../lib/gcc/arm-none-eabi/12.2.0/../../../../arm-none-eabi/lib/thumb/v7e-m/nofp\libg_nano.a(libc_a-findfp.o)
 .debug_abbrev  0x00001900      0x19b c:/msys64/mingw64/bin/../lib/gcc/arm-none-eabi/12.2.0/../../../../arm-none-eabi/lib/thumb/v7e-m/nofp\libg_nano.a(libc_a-fwalk.o)
 .debug_abbrev  0x00001a9b      0x224 c:/msys64/mingw64/bin/../lib/gcc/arm-none-eabi/12.2.0/../../../../arm-none-eabi/lib/thumb/v7e-m/nofp\libg_nano.a(libc_a-stdio.o)
 .debug_abbrev  0x00001cbf       0xb7 c:/msys64/mingw64/bin/../lib/gcc/arm-none-eabi/12.2.0/../../../../arm-none-eabi/lib/thumb/v7e-m/nofp\libg_nano.a(libc_a-memset.o)
 .debug_abbrev  0x00001d76      0x1b0 c:/msys64/mingw64/bin/../lib/gcc/arm-none-eabi/12.2.0/../../../../arm-none-eabi/lib/thumb/v7e-m/nofp\libg_nano.a(libc_a-closer.o)
 .debug_abbrev  0x00001f26      0x1ee c:/msys64/mingw64/bin/../lib/gcc/arm-none-eabi/12.2.0/../../../../arm-none-eabi/lib/thumb/v7e-m/nofp\libg_nano.a(libc_a-reent.o)
 .debug_abbrev  0x00002114      0x149 c:/msys64/mingw64/bin/../lib/gcc/arm-none-eabi/12.2.0/../../../../arm-none-eabi/lib/thumb/v7e-m/nofp\libg_nano.a(libc_a-impure.o)
 .debug_abbrev  0x0000225d      0x1c4 c:/msys64/mingw64/bin/../lib/gcc/arm-none-eabi/12.2.0/../../../../arm-none-eabi/lib/thumb/v7e-m/nofp\libg_nano.a(libc_a-lseekr.o)
 .debug_abbrev  0x00002421      0x1b0 c:/msys64/mingw64/bin/../lib/gcc/arm-none-eabi/12.2.0/../../../../arm-none-eabi/lib/thumb/v7e-m/nofp\libg_nano.a(libc_a-readr.o)
 .debug_abbrev  0x000025d1      0x1da c:/msys64/mingw64/bin/../lib/gcc/arm-none-eabi/12.2.0/../../../../arm-none-eabi/lib/thumb/v7e-m/nofp\libg_nano.a(libc_a-sbrkr.o)
 .debug_abbrev  0x000027ab      0x1b5 c:/msys64/mingw64/bin/../lib/gcc/arm-none-eabi/12.2.0/../../../../arm-none-eabi/lib/thumb/v7e-m/nofp\libg_nano.a(libc_a-writer.o)
 .debug_abbrev  0x00002960      0x15e c:/msys64/mingw64/bin/../lib/gcc/arm-none-eabi/12.2.0/../../../../arm-none-eabi/lib/thumb/v7e-m/nofp\libg_nano.a(libc_a-errno.o)
 .debug_abbrev  0x00002abe       0xc9 c:/msys64/mingw64/bin/../lib/gcc/arm-none-eabi/12.2.0/../../../../arm-none-eabi/lib/thumb/v7e-m/nofp\libg_nano.a(libc_a-init.o)
 .debug_abbrev  0x00002b87      0x115 c:/msys64/mingw64/bin/../lib/gcc/arm-none-eabi/12.2.0/../../../../arm-none-eabi/lib/thumb/v7e-m/nofp\libg_nano.a(libc_a-lock.o)
 .debug_abbrev  0x00002c9c      0x1ea c:/msys64/mingw64/bin/../lib/gcc/arm-none-eabi/12.2.0/../../../../arm-none-eabi/lib/thumb/v7e-m/nofp\libg_nano.a(libc_a-assert.o)
 .debug_abbrev  0x00002e86      0x249 c:/msys64/mingw64/bin/../lib/gcc/arm-none-eabi/12.2.0/../../../../arm-none-eabi/lib/thumb/v7e-m/nofp\libg_nano.a(libc_a-freer.o)
 .debug_abbrev  0x000030cf      0x2a6 c:/msys64/mingw64/bin/../lib/gcc/arm-none-eabi/12.2.0/../../../../arm-none-eabi/lib/thumb/v7e-m/nofp\libg_nano.a(libc_a-fflush.o)
 .debug_abbrev  0x00003375      0x21d c:/msys64/mingw64/bin/../lib/gcc/arm-none-eabi/12.2.0/../../../../arm-none-eabi/lib/thumb/v7e-m/nofp\libg_nano.a(libc_a-fprintf.o)
 .debug_abbrev  0x00003592       0x99 c:/msys64/mingw64/bin/../lib/gcc/arm-none-eabi/12.2.0/../../../../arm-none-eabi/lib/thumb/v7e-m/nofp\libg_nano.a(libc_a-abort.o)
 .debug_abbrev  0x0000362b      0x377 c:/msys64/mingw64/bin/../lib/gcc/arm-none-eabi/12.2.0/../../../../arm-none-eabi/lib/thumb/v7e-m/nofp\libg_nano.a(libc_a-nano-vfprintf.o)
 .debug_abbrev  0x000039a2      0x28d c:/msys64/mingw64/bin/../lib/gcc/arm-none-eabi/12.2.0/../../../../arm-none-eabi/lib/thumb/v7e-m/nofp\libg_nano.a(libc_a-nano-vfprintf_i.o)
 .debug_abbrev  0x00003c2f      0x224 c:/msys64/mingw64/bin/../lib/gcc/arm-none-eabi/12.2.0/../../../../arm-none-eabi/lib/thumb/v7e-m/nofp\libg_nano.a(libc_a-fvwrite.o)
 .debug_abbrev  0x00003e53      0x236 c:/msys64/mingw64/bin/../lib/gcc/arm-none-eabi/12.2.0/../../../../arm-none-eabi/lib/thumb/v7e-m/nofp\libg_nano.a(libc_a-wbuf.o)
 .debug_abbrev  0x00004089      0x1e2 c:/msys64/mingw64/bin/../lib/gcc/arm-none-eabi/12.2.0/../../../../arm-none-eabi/lib/thumb/v7e-m/nofp\libg_nano.a(libc_a-wsetup.o)
 .debug_abbrev  0x0000426b       0xc3 c:/msys64/mingw64/bin/../lib/gcc/arm-none-eabi/12.2.0/../../../../arm-none-eabi/lib/thumb/v7e-m/nofp\libg_nano.a(libc_a-memmove.o)
 .debug_abbrev  0x0000432e      0x2d7 c:/msys64/mingw64/bin/../lib/gcc/arm-none-eabi/12.2.0/../../../../arm-none-eabi/lib/thumb/v7e-m/nofp\libg_nano.a(libc_a-signal.o)
 .debug_abbrev  0x00004605      0x1fd c:/msys64/mingw64/bin/../lib/gcc/arm-none-eabi/12.2.0/../../../../arm-none-eabi/lib/thumb/v7e-m/nofp\libg_nano.a(libc_a-signalr.o)
 .debug_abbrev  0x00004802       0x14 c:/msys64/mingw64/bin/../lib/gcc/arm-none-eabi/12.2.0/../../../../arm-none-eabi/lib/thumb/v7e-m/nofp\libg_nano.a(libc_a-memchr.o)
 .debug_abbrev  0x00004816       0x28 c:/msys64/mingw64/bin/../lib/gcc/arm-none-eabi/12.2.0/../../../../arm-none-eabi/lib/thumb/v7e-m/nofp\libg_nano.a(libc_a-memcpy.o)
 .debug_abbrev  0x0000483e      0x20c c:/msys64/mingw64/bin/../lib/gcc/arm-none-eabi/12.2.0/../../../../arm-none-eabi/lib/thumb/v7e-m/nofp\libg_nano.a(libc_a-reallocr.o)
 .debug_abbrev  0x00004a4a      0x29d c:/msys64/mingw64/bin/../lib/gcc/arm-none-eabi/12.2.0/../../../../arm-none-eabi/lib/thumb/v7e-m/nofp\libg_nano.a(libc_a-makebuf.o)
 .debug_abbrev  0x00004ce7      0x1c3 c:/msys64/mingw64/bin/../lib/gcc/arm-none-eabi/12.2.0/../../../../arm-none-eabi/lib/thumb/v7e-m/nofp\libg_nano.a(libc_a-fstatr.o)
 .debug_abbrev  0x00004eaa      0x1b0 c:/msys64/mingw64/bin/../lib/gcc/arm-none-eabi/12.2.0/../../../../arm-none-eabi/lib/thumb/v7e-m/nofp\libg_nano.a(libc_a-isattyr.o)
 .debug_abbrev  0x0000505a      0x196 c:/msys64/mingw64/bin/../lib/gcc/arm-none-eabi/12.2.0/../../../../arm-none-eabi/lib/thumb/v7e-m/nofp\libg_nano.a(libc_a-msizer.o)

.debug_loc      0x00000000     0x1254
 .debug_loc     0x00000000       0x8a objdir/.//main.o
 .debug_loc     0x0000008a      0x480 objdir/.//network.o
 .debug_loc     0x0000050a      0x438 objdir/simpleserial.o
 .debug_loc     0x00000942      0x28a objdir/stm32f3_hal.o
 .debug_loc     0x00000bcc      0x638 objdir/stm32f3_hal_lowlevel.o
 .debug_loc     0x00001204       0x50 objdir/stm32f3_sysmem.o

.debug_aranges  0x00000000      0x7e0
 .debug_aranges
                0x00000000       0x28 objdir/.//main.o
 .debug_aranges
                0x00000028       0x88 objdir/.//network.o
 .debug_aranges
                0x000000b0       0x80 objdir/simpleserial.o
 .debug_aranges
                0x00000130       0x60 objdir/stm32f3_hal.o
 .debug_aranges
                0x00000190       0xb8 objdir/stm32f3_hal_lowlevel.o
 .debug_aranges
                0x00000248       0x20 objdir/stm32f3_sysmem.o
 .debug_aranges
                0x00000268       0x20 c:/msys64/mingw64/bin/../lib/gcc/arm-none-eabi/12.2.0/thumb/v7e-m/nofp\libgcc.a(_arm_addsubsf3.o)
 .debug_aranges
                0x00000288       0x20 c:/msys64/mingw64/bin/../lib/gcc/arm-none-eabi/12.2.0/thumb/v7e-m/nofp\libgcc.a(_arm_muldivsf3.o)
 .debug_aranges
                0x000002a8       0x20 c:/msys64/mingw64/bin/../lib/gcc/arm-none-eabi/12.2.0/thumb/v7e-m/nofp\libgcc.a(_arm_cmpsf2.o)
 .debug_aranges
                0x000002c8       0x20 c:/msys64/mingw64/bin/../lib/gcc/arm-none-eabi/12.2.0/thumb/v7e-m/nofp\libgcc.a(_arm_unordsf2.o)
 .debug_aranges
                0x000002e8       0x20 c:/msys64/mingw64/bin/../lib/gcc/arm-none-eabi/12.2.0/thumb/v7e-m/nofp\libgcc.a(_arm_fixsfsi.o)
 .debug_aranges
                0x00000308       0x20 c:/msys64/mingw64/bin/../lib/gcc/arm-none-eabi/12.2.0/thumb/v7e-m/nofp\libgcc.a(_arm_fixunssfsi.o)
 .debug_aranges
                0x00000328       0x20 c:/msys64/mingw64/bin/../lib/gcc/arm-none-eabi/12.2.0/../../../../arm-none-eabi/lib/thumb/v7e-m/nofp\libg_nano.a(libc_a-malloc.o)
 .debug_aranges
                0x00000348       0x20 c:/msys64/mingw64/bin/../lib/gcc/arm-none-eabi/12.2.0/../../../../arm-none-eabi/lib/thumb/v7e-m/nofp\libg_nano.a(libc_a-mallocr.o)
 .debug_aranges
                0x00000368       0x20 c:/msys64/mingw64/bin/../lib/gcc/arm-none-eabi/12.2.0/../../../../arm-none-eabi/lib/thumb/v7e-m/nofp\libg_nano.a(libc_a-mlock.o)
 .debug_aranges
                0x00000388       0x20 c:/msys64/mingw64/bin/../lib/gcc/arm-none-eabi/12.2.0/../../../../arm-none-eabi/lib/thumb/v7e-m/nofp\libg_nano.a(libc_a-rand.o)
 .debug_aranges
                0x000003a8       0x20 c:/msys64/mingw64/bin/../lib/gcc/arm-none-eabi/12.2.0/../../../../arm-none-eabi/lib/thumb/v7e-m/nofp\libg_nano.a(libc_a-findfp.o)
 .debug_aranges
                0x000003c8       0x20 c:/msys64/mingw64/bin/../lib/gcc/arm-none-eabi/12.2.0/../../../../arm-none-eabi/lib/thumb/v7e-m/nofp\libg_nano.a(libc_a-fwalk.o)
 .debug_aranges
                0x000003e8       0x20 c:/msys64/mingw64/bin/../lib/gcc/arm-none-eabi/12.2.0/../../../../arm-none-eabi/lib/thumb/v7e-m/nofp\libg_nano.a(libc_a-stdio.o)
 .debug_aranges
                0x00000408       0x20 c:/msys64/mingw64/bin/../lib/gcc/arm-none-eabi/12.2.0/../../../../arm-none-eabi/lib/thumb/v7e-m/nofp\libg_nano.a(libc_a-memset.o)
 .debug_aranges
                0x00000428       0x20 c:/msys64/mingw64/bin/../lib/gcc/arm-none-eabi/12.2.0/../../../../arm-none-eabi/lib/thumb/v7e-m/nofp\libg_nano.a(libc_a-closer.o)
 .debug_aranges
                0x00000448       0x20 c:/msys64/mingw64/bin/../lib/gcc/arm-none-eabi/12.2.0/../../../../arm-none-eabi/lib/thumb/v7e-m/nofp\libg_nano.a(libc_a-reent.o)
 .debug_aranges
                0x00000468       0x18 c:/msys64/mingw64/bin/../lib/gcc/arm-none-eabi/12.2.0/../../../../arm-none-eabi/lib/thumb/v7e-m/nofp\libg_nano.a(libc_a-impure.o)
 .debug_aranges
                0x00000480       0x20 c:/msys64/mingw64/bin/../lib/gcc/arm-none-eabi/12.2.0/../../../../arm-none-eabi/lib/thumb/v7e-m/nofp\libg_nano.a(libc_a-lseekr.o)
 .debug_aranges
                0x000004a0       0x20 c:/msys64/mingw64/bin/../lib/gcc/arm-none-eabi/12.2.0/../../../../arm-none-eabi/lib/thumb/v7e-m/nofp\libg_nano.a(libc_a-readr.o)
 .debug_aranges
                0x000004c0       0x20 c:/msys64/mingw64/bin/../lib/gcc/arm-none-eabi/12.2.0/../../../../arm-none-eabi/lib/thumb/v7e-m/nofp\libg_nano.a(libc_a-sbrkr.o)
 .debug_aranges
                0x000004e0       0x20 c:/msys64/mingw64/bin/../lib/gcc/arm-none-eabi/12.2.0/../../../../arm-none-eabi/lib/thumb/v7e-m/nofp\libg_nano.a(libc_a-writer.o)
 .debug_aranges
                0x00000500       0x20 c:/msys64/mingw64/bin/../lib/gcc/arm-none-eabi/12.2.0/../../../../arm-none-eabi/lib/thumb/v7e-m/nofp\libg_nano.a(libc_a-errno.o)
 .debug_aranges
                0x00000520       0x20 c:/msys64/mingw64/bin/../lib/gcc/arm-none-eabi/12.2.0/../../../../arm-none-eabi/lib/thumb/v7e-m/nofp\libg_nano.a(libc_a-init.o)
 .debug_aranges
                0x00000540       0x20 c:/msys64/mingw64/bin/../lib/gcc/arm-none-eabi/12.2.0/../../../../arm-none-eabi/lib/thumb/v7e-m/nofp\libg_nano.a(libc_a-lock.o)
 .debug_aranges
                0x00000560       0x20 c:/msys64/mingw64/bin/../lib/gcc/arm-none-eabi/12.2.0/../../../../arm-none-eabi/lib/thumb/v7e-m/nofp\libg_nano.a(libc_a-assert.o)
 .debug_aranges
                0x00000580       0x20 c:/msys64/mingw64/bin/../lib/gcc/arm-none-eabi/12.2.0/../../../../arm-none-eabi/lib/thumb/v7e-m/nofp\libg_nano.a(libc_a-freer.o)
 .debug_aranges
                0x000005a0       0x20 c:/msys64/mingw64/bin/../lib/gcc/arm-none-eabi/12.2.0/../../../../arm-none-eabi/lib/thumb/v7e-m/nofp\libg_nano.a(libc_a-fflush.o)
 .debug_aranges
                0x000005c0       0x20 c:/msys64/mingw64/bin/../lib/gcc/arm-none-eabi/12.2.0/../../../../arm-none-eabi/lib/thumb/v7e-m/nofp\libg_nano.a(libc_a-fprintf.o)
 .debug_aranges
                0x000005e0       0x20 c:/msys64/mingw64/bin/../lib/gcc/arm-none-eabi/12.2.0/../../../../arm-none-eabi/lib/thumb/v7e-m/nofp\libg_nano.a(libc_a-abort.o)
 .debug_aranges
                0x00000600       0x20 c:/msys64/mingw64/bin/../lib/gcc/arm-none-eabi/12.2.0/../../../../arm-none-eabi/lib/thumb/v7e-m/nofp\libg_nano.a(libc_a-nano-vfprintf.o)
 .debug_aranges
                0x00000620       0x20 c:/msys64/mingw64/bin/../lib/gcc/arm-none-eabi/12.2.0/../../../../arm-none-eabi/lib/thumb/v7e-m/nofp\libg_nano.a(libc_a-nano-vfprintf_i.o)
 .debug_aranges
                0x00000640       0x20 c:/msys64/mingw64/bin/../lib/gcc/arm-none-eabi/12.2.0/../../../../arm-none-eabi/lib/thumb/v7e-m/nofp\libg_nano.a(libc_a-fvwrite.o)
 .debug_aranges
                0x00000660       0x20 c:/msys64/mingw64/bin/../lib/gcc/arm-none-eabi/12.2.0/../../../../arm-none-eabi/lib/thumb/v7e-m/nofp\libg_nano.a(libc_a-wbuf.o)
 .debug_aranges
                0x00000680       0x20 c:/msys64/mingw64/bin/../lib/gcc/arm-none-eabi/12.2.0/../../../../arm-none-eabi/lib/thumb/v7e-m/nofp\libg_nano.a(libc_a-wsetup.o)
 .debug_aranges
                0x000006a0       0x20 c:/msys64/mingw64/bin/../lib/gcc/arm-none-eabi/12.2.0/../../../../arm-none-eabi/lib/thumb/v7e-m/nofp\libg_nano.a(libc_a-memmove.o)
 .debug_aranges
                0x000006c0       0x20 c:/msys64/mingw64/bin/../lib/gcc/arm-none-eabi/12.2.0/../../../../arm-none-eabi/lib/thumb/v7e-m/nofp\libg_nano.a(libc_a-signal.o)
 .debug_aranges
                0x000006e0       0x20 c:/msys64/mingw64/bin/../lib/gcc/arm-none-eabi/12.2.0/../../../../arm-none-eabi/lib/thumb/v7e-m/nofp\libg_nano.a(libc_a-signalr.o)
 .debug_aranges
                0x00000700       0x20 c:/msys64/mingw64/bin/../lib/gcc/arm-none-eabi/12.2.0/../../../../arm-none-eabi/lib/thumb/v7e-m/nofp\libg_nano.a(libc_a-memchr.o)
 .debug_aranges
                0x00000720       0x20 c:/msys64/mingw64/bin/../lib/gcc/arm-none-eabi/12.2.0/../../../../arm-none-eabi/lib/thumb/v7e-m/nofp\libg_nano.a(libc_a-memcpy.o)
 .debug_aranges
                0x00000740       0x20 c:/msys64/mingw64/bin/../lib/gcc/arm-none-eabi/12.2.0/../../../../arm-none-eabi/lib/thumb/v7e-m/nofp\libg_nano.a(libc_a-reallocr.o)
 .debug_aranges
                0x00000760       0x20 c:/msys64/mingw64/bin/../lib/gcc/arm-none-eabi/12.2.0/../../../../arm-none-eabi/lib/thumb/v7e-m/nofp\libg_nano.a(libc_a-makebuf.o)
 .debug_aranges
                0x00000780       0x20 c:/msys64/mingw64/bin/../lib/gcc/arm-none-eabi/12.2.0/../../../../arm-none-eabi/lib/thumb/v7e-m/nofp\libg_nano.a(libc_a-fstatr.o)
 .debug_aranges
                0x000007a0       0x20 c:/msys64/mingw64/bin/../lib/gcc/arm-none-eabi/12.2.0/../../../../arm-none-eabi/lib/thumb/v7e-m/nofp\libg_nano.a(libc_a-isattyr.o)
 .debug_aranges
                0x000007c0       0x20 c:/msys64/mingw64/bin/../lib/gcc/arm-none-eabi/12.2.0/../../../../arm-none-eabi/lib/thumb/v7e-m/nofp\libg_nano.a(libc_a-msizer.o)

.debug_ranges   0x00000000      0x208
 .debug_ranges  0x00000000       0x18 objdir/.//main.o
 .debug_ranges  0x00000018       0x78 objdir/.//network.o
 .debug_ranges  0x00000090       0x70 objdir/simpleserial.o
 .debug_ranges  0x00000100       0x50 objdir/stm32f3_hal.o
 .debug_ranges  0x00000150       0xa8 objdir/stm32f3_hal_lowlevel.o
 .debug_ranges  0x000001f8       0x10 objdir/stm32f3_sysmem.o

.debug_line     0x00000000     0x8f27
 .debug_line    0x00000000      0x2cd objdir/.//main.o
 .debug_line    0x000002cd      0xcdd objdir/.//network.o
 .debug_line    0x00000faa      0x597 objdir/simpleserial.o
 .debug_line    0x00001541      0x2e8 objdir/stm32f3_hal.o
 .debug_line    0x00001829     0x1304 objdir/stm32f3_hal_lowlevel.o
 .debug_line    0x00002b2d       0xcf objdir/stm32f3_sysmem.o
 .debug_line    0x00002bfc      0x103 c:/msys64/mingw64/bin/../lib/gcc/arm-none-eabi/12.2.0/thumb/v7e-m/nofp\libgcc.a(_arm_addsubsf3.o)
 .debug_line    0x00002cff      0x123 c:/msys64/mingw64/bin/../lib/gcc/arm-none-eabi/12.2.0/thumb/v7e-m/nofp\libgcc.a(_arm_muldivsf3.o)
 .debug_line    0x00002e22       0x9a c:/msys64/mingw64/bin/../lib/gcc/arm-none-eabi/12.2.0/thumb/v7e-m/nofp\libgcc.a(_arm_cmpsf2.o)
 .debug_line    0x00002ebc       0x57 c:/msys64/mingw64/bin/../lib/gcc/arm-none-eabi/12.2.0/thumb/v7e-m/nofp\libgcc.a(_arm_unordsf2.o)
 .debug_line    0x00002f13       0x62 c:/msys64/mingw64/bin/../lib/gcc/arm-none-eabi/12.2.0/thumb/v7e-m/nofp\libgcc.a(_arm_fixsfsi.o)
 .debug_line    0x00002f75       0x5e c:/msys64/mingw64/bin/../lib/gcc/arm-none-eabi/12.2.0/thumb/v7e-m/nofp\libgcc.a(_arm_fixunssfsi.o)
 .debug_line    0x00002fd3      0x175 c:/msys64/mingw64/bin/../lib/gcc/arm-none-eabi/12.2.0/../../../../arm-none-eabi/lib/thumb/v7e-m/nofp\libg_nano.a(libc_a-malloc.o)
 .debug_line    0x00003148      0x42a c:/msys64/mingw64/bin/../lib/gcc/arm-none-eabi/12.2.0/../../../../arm-none-eabi/lib/thumb/v7e-m/nofp\libg_nano.a(libc_a-mallocr.o)
 .debug_line    0x00003572      0x162 c:/msys64/mingw64/bin/../lib/gcc/arm-none-eabi/12.2.0/../../../../arm-none-eabi/lib/thumb/v7e-m/nofp\libg_nano.a(libc_a-mlock.o)
 .debug_line    0x000036d4      0x2a2 c:/msys64/mingw64/bin/../lib/gcc/arm-none-eabi/12.2.0/../../../../arm-none-eabi/lib/thumb/v7e-m/nofp\libg_nano.a(libc_a-rand.o)
 .debug_line    0x00003976      0x63e c:/msys64/mingw64/bin/../lib/gcc/arm-none-eabi/12.2.0/../../../../arm-none-eabi/lib/thumb/v7e-m/nofp\libg_nano.a(libc_a-findfp.o)
 .debug_line    0x00003fb4      0x1d4 c:/msys64/mingw64/bin/../lib/gcc/arm-none-eabi/12.2.0/../../../../arm-none-eabi/lib/thumb/v7e-m/nofp\libg_nano.a(libc_a-fwalk.o)
 .debug_line    0x00004188      0x235 c:/msys64/mingw64/bin/../lib/gcc/arm-none-eabi/12.2.0/../../../../arm-none-eabi/lib/thumb/v7e-m/nofp\libg_nano.a(libc_a-stdio.o)
 .debug_line    0x000043bd      0x1cd c:/msys64/mingw64/bin/../lib/gcc/arm-none-eabi/12.2.0/../../../../arm-none-eabi/lib/thumb/v7e-m/nofp\libg_nano.a(libc_a-memset.o)
 .debug_line    0x0000458a      0x199 c:/msys64/mingw64/bin/../lib/gcc/arm-none-eabi/12.2.0/../../../../arm-none-eabi/lib/thumb/v7e-m/nofp\libg_nano.a(libc_a-closer.o)
 .debug_line    0x00004723      0x285 c:/msys64/mingw64/bin/../lib/gcc/arm-none-eabi/12.2.0/../../../../arm-none-eabi/lib/thumb/v7e-m/nofp\libg_nano.a(libc_a-reent.o)
 .debug_line    0x000049a8       0xfb c:/msys64/mingw64/bin/../lib/gcc/arm-none-eabi/12.2.0/../../../../arm-none-eabi/lib/thumb/v7e-m/nofp\libg_nano.a(libc_a-impure.o)
 .debug_line    0x00004aa3      0x19f c:/msys64/mingw64/bin/../lib/gcc/arm-none-eabi/12.2.0/../../../../arm-none-eabi/lib/thumb/v7e-m/nofp\libg_nano.a(libc_a-lseekr.o)
 .debug_line    0x00004c42      0x19e c:/msys64/mingw64/bin/../lib/gcc/arm-none-eabi/12.2.0/../../../../arm-none-eabi/lib/thumb/v7e-m/nofp\libg_nano.a(libc_a-readr.o)
 .debug_line    0x00004de0      0x199 c:/msys64/mingw64/bin/../lib/gcc/arm-none-eabi/12.2.0/../../../../arm-none-eabi/lib/thumb/v7e-m/nofp\libg_nano.a(libc_a-sbrkr.o)
 .debug_line    0x00004f79      0x19f c:/msys64/mingw64/bin/../lib/gcc/arm-none-eabi/12.2.0/../../../../arm-none-eabi/lib/thumb/v7e-m/nofp\libg_nano.a(libc_a-writer.o)
 .debug_line    0x00005118      0x120 c:/msys64/mingw64/bin/../lib/gcc/arm-none-eabi/12.2.0/../../../../arm-none-eabi/lib/thumb/v7e-m/nofp\libg_nano.a(libc_a-errno.o)
 .debug_line    0x00005238      0x144 c:/msys64/mingw64/bin/../lib/gcc/arm-none-eabi/12.2.0/../../../../arm-none-eabi/lib/thumb/v7e-m/nofp\libg_nano.a(libc_a-init.o)
 .debug_line    0x0000537c       0xd7 c:/msys64/mingw64/bin/../lib/gcc/arm-none-eabi/12.2.0/../../../../arm-none-eabi/lib/thumb/v7e-m/nofp\libg_nano.a(libc_a-lock.o)
 .debug_line    0x00005453      0x1aa c:/msys64/mingw64/bin/../lib/gcc/arm-none-eabi/12.2.0/../../../../arm-none-eabi/lib/thumb/v7e-m/nofp\libg_nano.a(libc_a-assert.o)
 .debug_line    0x000055fd      0x2d5 c:/msys64/mingw64/bin/../lib/gcc/arm-none-eabi/12.2.0/../../../../arm-none-eabi/lib/thumb/v7e-m/nofp\libg_nano.a(libc_a-freer.o)
 .debug_line    0x000058d2      0x42d c:/msys64/mingw64/bin/../lib/gcc/arm-none-eabi/12.2.0/../../../../arm-none-eabi/lib/thumb/v7e-m/nofp\libg_nano.a(libc_a-fflush.o)
 .debug_line    0x00005cff      0x1b4 c:/msys64/mingw64/bin/../lib/gcc/arm-none-eabi/12.2.0/../../../../arm-none-eabi/lib/thumb/v7e-m/nofp\libg_nano.a(libc_a-fprintf.o)
 .debug_line    0x00005eb3      0x110 c:/msys64/mingw64/bin/../lib/gcc/arm-none-eabi/12.2.0/../../../../arm-none-eabi/lib/thumb/v7e-m/nofp\libg_nano.a(libc_a-abort.o)
 .debug_line    0x00005fc3      0x6de c:/msys64/mingw64/bin/../lib/gcc/arm-none-eabi/12.2.0/../../../../arm-none-eabi/lib/thumb/v7e-m/nofp\libg_nano.a(libc_a-nano-vfprintf.o)
 .debug_line    0x000066a1      0x752 c:/msys64/mingw64/bin/../lib/gcc/arm-none-eabi/12.2.0/../../../../arm-none-eabi/lib/thumb/v7e-m/nofp\libg_nano.a(libc_a-nano-vfprintf_i.o)
 .debug_line    0x00006df3      0x607 c:/msys64/mingw64/bin/../lib/gcc/arm-none-eabi/12.2.0/../../../../arm-none-eabi/lib/thumb/v7e-m/nofp\libg_nano.a(libc_a-fvwrite.o)
 .debug_line    0x000073fa      0x267 c:/msys64/mingw64/bin/../lib/gcc/arm-none-eabi/12.2.0/../../../../arm-none-eabi/lib/thumb/v7e-m/nofp\libg_nano.a(libc_a-wbuf.o)
 .debug_line    0x00007661      0x2da c:/msys64/mingw64/bin/../lib/gcc/arm-none-eabi/12.2.0/../../../../arm-none-eabi/lib/thumb/v7e-m/nofp\libg_nano.a(libc_a-wsetup.o)
 .debug_line    0x0000793b      0x207 c:/msys64/mingw64/bin/../lib/gcc/arm-none-eabi/12.2.0/../../../../arm-none-eabi/lib/thumb/v7e-m/nofp\libg_nano.a(libc_a-memmove.o)
 .debug_line    0x00007b42      0x61c c:/msys64/mingw64/bin/../lib/gcc/arm-none-eabi/12.2.0/../../../../arm-none-eabi/lib/thumb/v7e-m/nofp\libg_nano.a(libc_a-signal.o)
 .debug_line    0x0000815e      0x1cb c:/msys64/mingw64/bin/../lib/gcc/arm-none-eabi/12.2.0/../../../../arm-none-eabi/lib/thumb/v7e-m/nofp\libg_nano.a(libc_a-signalr.o)
 .debug_line    0x00008329       0x84 c:/msys64/mingw64/bin/../lib/gcc/arm-none-eabi/12.2.0/../../../../arm-none-eabi/lib/thumb/v7e-m/nofp\libg_nano.a(libc_a-memchr.o)
 .debug_line    0x000083ad       0xb9 c:/msys64/mingw64/bin/../lib/gcc/arm-none-eabi/12.2.0/../../../../arm-none-eabi/lib/thumb/v7e-m/nofp\libg_nano.a(libc_a-memcpy.o)
 .debug_line    0x00008466      0x1f8 c:/msys64/mingw64/bin/../lib/gcc/arm-none-eabi/12.2.0/../../../../arm-none-eabi/lib/thumb/v7e-m/nofp\libg_nano.a(libc_a-reallocr.o)
 .debug_line    0x0000865e      0x397 c:/msys64/mingw64/bin/../lib/gcc/arm-none-eabi/12.2.0/../../../../arm-none-eabi/lib/thumb/v7e-m/nofp\libg_nano.a(libc_a-makebuf.o)
 .debug_line    0x000089f5      0x218 c:/msys64/mingw64/bin/../lib/gcc/arm-none-eabi/12.2.0/../../../../arm-none-eabi/lib/thumb/v7e-m/nofp\libg_nano.a(libc_a-fstatr.o)
 .debug_line    0x00008c0d      0x19a c:/msys64/mingw64/bin/../lib/gcc/arm-none-eabi/12.2.0/../../../../arm-none-eabi/lib/thumb/v7e-m/nofp\libg_nano.a(libc_a-isattyr.o)
 .debug_line    0x00008da7      0x180 c:/msys64/mingw64/bin/../lib/gcc/arm-none-eabi/12.2.0/../../../../arm-none-eabi/lib/thumb/v7e-m/nofp\libg_nano.a(libc_a-msizer.o)

.debug_str      0x00000000     0x30e6
 .debug_str     0x00000000     0x30e6 objdir/.//main.o
                                0x343 (size before relaxing)
 .debug_str     0x000030e6      0x4cf objdir/.//network.o
 .debug_str     0x000030e6      0x392 objdir/simpleserial.o
 .debug_str     0x000030e6      0x9a7 objdir/stm32f3_hal.o
 .debug_str     0x000030e6     0x11d0 objdir/stm32f3_hal_lowlevel.o
 .debug_str     0x000030e6      0x221 objdir/stm32f3_sysmem.o
 .debug_str     0x000030e6      0x156 c:/msys64/mingw64/bin/../lib/gcc/arm-none-eabi/12.2.0/thumb/v7e-m/nofp\libgcc.a(_arm_addsubsf3.o)
 .debug_str     0x000030e6       0xe2 c:/msys64/mingw64/bin/../lib/gcc/arm-none-eabi/12.2.0/thumb/v7e-m/nofp\libgcc.a(_arm_muldivsf3.o)
 .debug_str     0x000030e6      0x16b c:/msys64/mingw64/bin/../lib/gcc/arm-none-eabi/12.2.0/thumb/v7e-m/nofp\libgcc.a(_arm_cmpsf2.o)
 .debug_str     0x000030e6       0xd0 c:/msys64/mingw64/bin/../lib/gcc/arm-none-eabi/12.2.0/thumb/v7e-m/nofp\libgcc.a(_arm_unordsf2.o)
 .debug_str     0x000030e6       0xcd c:/msys64/mingw64/bin/../lib/gcc/arm-none-eabi/12.2.0/thumb/v7e-m/nofp\libgcc.a(_arm_fixsfsi.o)
 .debug_str     0x000030e6       0xd1 c:/msys64/mingw64/bin/../lib/gcc/arm-none-eabi/12.2.0/thumb/v7e-m/nofp\libgcc.a(_arm_fixunssfsi.o)
 .debug_str     0x000030e6      0x4c6 c:/msys64/mingw64/bin/../lib/gcc/arm-none-eabi/12.2.0/../../../../arm-none-eabi/lib/thumb/v7e-m/nofp\libg_nano.a(libc_a-malloc.o)
 .debug_str     0x000030e6      0x582 c:/msys64/mingw64/bin/../lib/gcc/arm-none-eabi/12.2.0/../../../../arm-none-eabi/lib/thumb/v7e-m/nofp\libg_nano.a(libc_a-mallocr.o)
 .debug_str     0x000030e6      0x523 c:/msys64/mingw64/bin/../lib/gcc/arm-none-eabi/12.2.0/../../../../arm-none-eabi/lib/thumb/v7e-m/nofp\libg_nano.a(libc_a-mlock.o)
 .debug_str     0x000030e6      0x4c5 c:/msys64/mingw64/bin/../lib/gcc/arm-none-eabi/12.2.0/../../../../arm-none-eabi/lib/thumb/v7e-m/nofp\libg_nano.a(libc_a-rand.o)
 .debug_str     0x000030e6      0x724 c:/msys64/mingw64/bin/../lib/gcc/arm-none-eabi/12.2.0/../../../../arm-none-eabi/lib/thumb/v7e-m/nofp\libg_nano.a(libc_a-findfp.o)
 .debug_str     0x000030e6      0x4b1 c:/msys64/mingw64/bin/../lib/gcc/arm-none-eabi/12.2.0/../../../../arm-none-eabi/lib/thumb/v7e-m/nofp\libg_nano.a(libc_a-fwalk.o)
 .debug_str     0x000030e6      0x50e c:/msys64/mingw64/bin/../lib/gcc/arm-none-eabi/12.2.0/../../../../arm-none-eabi/lib/thumb/v7e-m/nofp\libg_nano.a(libc_a-stdio.o)
 .debug_str     0x000030e6      0x195 c:/msys64/mingw64/bin/../lib/gcc/arm-none-eabi/12.2.0/../../../../arm-none-eabi/lib/thumb/v7e-m/nofp\libg_nano.a(libc_a-memset.o)
 .debug_str     0x000030e6      0x497 c:/msys64/mingw64/bin/../lib/gcc/arm-none-eabi/12.2.0/../../../../arm-none-eabi/lib/thumb/v7e-m/nofp\libg_nano.a(libc_a-closer.o)
 .debug_str     0x000030e6      0x4c0 c:/msys64/mingw64/bin/../lib/gcc/arm-none-eabi/12.2.0/../../../../arm-none-eabi/lib/thumb/v7e-m/nofp\libg_nano.a(libc_a-reent.o)
 .debug_str     0x000030e6      0x4a1 c:/msys64/mingw64/bin/../lib/gcc/arm-none-eabi/12.2.0/../../../../arm-none-eabi/lib/thumb/v7e-m/nofp\libg_nano.a(libc_a-impure.o)
 .debug_str     0x000030e6      0x4a5 c:/msys64/mingw64/bin/../lib/gcc/arm-none-eabi/12.2.0/../../../../arm-none-eabi/lib/thumb/v7e-m/nofp\libg_nano.a(libc_a-lseekr.o)
 .debug_str     0x000030e6      0x4a5 c:/msys64/mingw64/bin/../lib/gcc/arm-none-eabi/12.2.0/../../../../arm-none-eabi/lib/thumb/v7e-m/nofp\libg_nano.a(libc_a-readr.o)
 .debug_str     0x000030e6      0x4aa c:/msys64/mingw64/bin/../lib/gcc/arm-none-eabi/12.2.0/../../../../arm-none-eabi/lib/thumb/v7e-m/nofp\libg_nano.a(libc_a-sbrkr.o)
 .debug_str     0x000030e6      0x4a7 c:/msys64/mingw64/bin/../lib/gcc/arm-none-eabi/12.2.0/../../../../arm-none-eabi/lib/thumb/v7e-m/nofp\libg_nano.a(libc_a-writer.o)
 .debug_str     0x000030e6      0x49b c:/msys64/mingw64/bin/../lib/gcc/arm-none-eabi/12.2.0/../../../../arm-none-eabi/lib/thumb/v7e-m/nofp\libg_nano.a(libc_a-errno.o)
 .debug_str     0x000030e6      0x1e2 c:/msys64/mingw64/bin/../lib/gcc/arm-none-eabi/12.2.0/../../../../arm-none-eabi/lib/thumb/v7e-m/nofp\libg_nano.a(libc_a-init.o)
 .debug_str     0x000030e6      0x2f4 c:/msys64/mingw64/bin/../lib/gcc/arm-none-eabi/12.2.0/../../../../arm-none-eabi/lib/thumb/v7e-m/nofp\libg_nano.a(libc_a-lock.o)
 .debug_str     0x000030e6      0x4da c:/msys64/mingw64/bin/../lib/gcc/arm-none-eabi/12.2.0/../../../../arm-none-eabi/lib/thumb/v7e-m/nofp\libg_nano.a(libc_a-assert.o)
 .debug_str     0x000030e6      0x521 c:/msys64/mingw64/bin/../lib/gcc/arm-none-eabi/12.2.0/../../../../arm-none-eabi/lib/thumb/v7e-m/nofp\libg_nano.a(libc_a-freer.o)
 .debug_str     0x000030e6      0x56c c:/msys64/mingw64/bin/../lib/gcc/arm-none-eabi/12.2.0/../../../../arm-none-eabi/lib/thumb/v7e-m/nofp\libg_nano.a(libc_a-fflush.o)
 .debug_str     0x000030e6      0x4df c:/msys64/mingw64/bin/../lib/gcc/arm-none-eabi/12.2.0/../../../../arm-none-eabi/lib/thumb/v7e-m/nofp\libg_nano.a(libc_a-fprintf.o)
 .debug_str     0x000030e6      0x184 c:/msys64/mingw64/bin/../lib/gcc/arm-none-eabi/12.2.0/../../../../arm-none-eabi/lib/thumb/v7e-m/nofp\libg_nano.a(libc_a-abort.o)
 .debug_str     0x000030e6      0x852 c:/msys64/mingw64/bin/../lib/gcc/arm-none-eabi/12.2.0/../../../../arm-none-eabi/lib/thumb/v7e-m/nofp\libg_nano.a(libc_a-nano-vfprintf.o)
 .debug_str     0x000030e6      0x780 c:/msys64/mingw64/bin/../lib/gcc/arm-none-eabi/12.2.0/../../../../arm-none-eabi/lib/thumb/v7e-m/nofp\libg_nano.a(libc_a-nano-vfprintf_i.o)
 .debug_str     0x000030e6      0x545 c:/msys64/mingw64/bin/../lib/gcc/arm-none-eabi/12.2.0/../../../../arm-none-eabi/lib/thumb/v7e-m/nofp\libg_nano.a(libc_a-fvwrite.o)
 .debug_str     0x000030e6      0x4d7 c:/msys64/mingw64/bin/../lib/gcc/arm-none-eabi/12.2.0/../../../../arm-none-eabi/lib/thumb/v7e-m/nofp\libg_nano.a(libc_a-wbuf.o)
 .debug_str     0x000030e6      0x4d2 c:/msys64/mingw64/bin/../lib/gcc/arm-none-eabi/12.2.0/../../../../arm-none-eabi/lib/thumb/v7e-m/nofp\libg_nano.a(libc_a-wsetup.o)
 .debug_str     0x000030e6      0x1b4 c:/msys64/mingw64/bin/../lib/gcc/arm-none-eabi/12.2.0/../../../../arm-none-eabi/lib/thumb/v7e-m/nofp\libg_nano.a(libc_a-memmove.o)
 .debug_str     0x000030e6      0x528 c:/msys64/mingw64/bin/../lib/gcc/arm-none-eabi/12.2.0/../../../../arm-none-eabi/lib/thumb/v7e-m/nofp\libg_nano.a(libc_a-signal.o)
 .debug_str     0x000030e6      0x4bd c:/msys64/mingw64/bin/../lib/gcc/arm-none-eabi/12.2.0/../../../../arm-none-eabi/lib/thumb/v7e-m/nofp\libg_nano.a(libc_a-signalr.o)
 .debug_str     0x000030e6       0x92 c:/msys64/mingw64/bin/../lib/gcc/arm-none-eabi/12.2.0/../../../../arm-none-eabi/lib/thumb/v7e-m/nofp\libg_nano.a(libc_a-memchr.o)
 .debug_str     0x000030e6       0xa0 c:/msys64/mingw64/bin/../lib/gcc/arm-none-eabi/12.2.0/../../../../arm-none-eabi/lib/thumb/v7e-m/nofp\libg_nano.a(libc_a-memcpy.o)
 .debug_str     0x000030e6      0x517 c:/msys64/mingw64/bin/../lib/gcc/arm-none-eabi/12.2.0/../../../../arm-none-eabi/lib/thumb/v7e-m/nofp\libg_nano.a(libc_a-reallocr.o)
 .debug_str     0x000030e6      0x634 c:/msys64/mingw64/bin/../lib/gcc/arm-none-eabi/12.2.0/../../../../arm-none-eabi/lib/thumb/v7e-m/nofp\libg_nano.a(libc_a-makebuf.o)
 .debug_str     0x000030e6      0x5e9 c:/msys64/mingw64/bin/../lib/gcc/arm-none-eabi/12.2.0/../../../../arm-none-eabi/lib/thumb/v7e-m/nofp\libg_nano.a(libc_a-fstatr.o)
 .debug_str     0x000030e6      0x4a1 c:/msys64/mingw64/bin/../lib/gcc/arm-none-eabi/12.2.0/../../../../arm-none-eabi/lib/thumb/v7e-m/nofp\libg_nano.a(libc_a-isattyr.o)
 .debug_str     0x000030e6      0x4ea c:/msys64/mingw64/bin/../lib/gcc/arm-none-eabi/12.2.0/../../../../arm-none-eabi/lib/thumb/v7e-m/nofp\libg_nano.a(libc_a-msizer.o)

.comment        0x00000000       0x12
 .comment       0x00000000       0x12 objdir/.//main.o
                                 0x13 (size before relaxing)
 .comment       0x00000012       0x13 objdir/.//network.o
 .comment       0x00000012       0x13 objdir/simpleserial.o
 .comment       0x00000012       0x13 objdir/stm32f3_hal.o
 .comment       0x00000012       0x13 objdir/stm32f3_hal_lowlevel.o
 .comment       0x00000012       0x13 objdir/stm32f3_sysmem.o
 .comment       0x00000012       0x13 c:/msys64/mingw64/bin/../lib/gcc/arm-none-eabi/12.2.0/../../../../arm-none-eabi/lib/thumb/v7e-m/nofp\libg_nano.a(libc_a-malloc.o)
 .comment       0x00000012       0x13 c:/msys64/mingw64/bin/../lib/gcc/arm-none-eabi/12.2.0/../../../../arm-none-eabi/lib/thumb/v7e-m/nofp\libg_nano.a(libc_a-mallocr.o)
 .comment       0x00000012       0x13 c:/msys64/mingw64/bin/../lib/gcc/arm-none-eabi/12.2.0/../../../../arm-none-eabi/lib/thumb/v7e-m/nofp\libg_nano.a(libc_a-mlock.o)
 .comment       0x00000012       0x13 c:/msys64/mingw64/bin/../lib/gcc/arm-none-eabi/12.2.0/../../../../arm-none-eabi/lib/thumb/v7e-m/nofp\libg_nano.a(libc_a-rand.o)
 .comment       0x00000012       0x13 c:/msys64/mingw64/bin/../lib/gcc/arm-none-eabi/12.2.0/../../../../arm-none-eabi/lib/thumb/v7e-m/nofp\libg_nano.a(libc_a-findfp.o)
 .comment       0x00000012       0x13 c:/msys64/mingw64/bin/../lib/gcc/arm-none-eabi/12.2.0/../../../../arm-none-eabi/lib/thumb/v7e-m/nofp\libg_nano.a(libc_a-fwalk.o)
 .comment       0x00000012       0x13 c:/msys64/mingw64/bin/../lib/gcc/arm-none-eabi/12.2.0/../../../../arm-none-eabi/lib/thumb/v7e-m/nofp\libg_nano.a(libc_a-stdio.o)
 .comment       0x00000012       0x13 c:/msys64/mingw64/bin/../lib/gcc/arm-none-eabi/12.2.0/../../../../arm-none-eabi/lib/thumb/v7e-m/nofp\libg_nano.a(libc_a-memset.o)
 .comment       0x00000012       0x13 c:/msys64/mingw64/bin/../lib/gcc/arm-none-eabi/12.2.0/../../../../arm-none-eabi/lib/thumb/v7e-m/nofp\libg_nano.a(libc_a-closer.o)
 .comment       0x00000012       0x13 c:/msys64/mingw64/bin/../lib/gcc/arm-none-eabi/12.2.0/../../../../arm-none-eabi/lib/thumb/v7e-m/nofp\libg_nano.a(libc_a-reent.o)
 .comment       0x00000012       0x13 c:/msys64/mingw64/bin/../lib/gcc/arm-none-eabi/12.2.0/../../../../arm-none-eabi/lib/thumb/v7e-m/nofp\libg_nano.a(libc_a-impure.o)
 .comment       0x00000012       0x13 c:/msys64/mingw64/bin/../lib/gcc/arm-none-eabi/12.2.0/../../../../arm-none-eabi/lib/thumb/v7e-m/nofp\libg_nano.a(libc_a-lseekr.o)
 .comment       0x00000012       0x13 c:/msys64/mingw64/bin/../lib/gcc/arm-none-eabi/12.2.0/../../../../arm-none-eabi/lib/thumb/v7e-m/nofp\libg_nano.a(libc_a-readr.o)
 .comment       0x00000012       0x13 c:/msys64/mingw64/bin/../lib/gcc/arm-none-eabi/12.2.0/../../../../arm-none-eabi/lib/thumb/v7e-m/nofp\libg_nano.a(libc_a-sbrkr.o)
 .comment       0x00000012       0x13 c:/msys64/mingw64/bin/../lib/gcc/arm-none-eabi/12.2.0/../../../../arm-none-eabi/lib/thumb/v7e-m/nofp\libg_nano.a(libc_a-writer.o)
 .comment       0x00000012       0x13 c:/msys64/mingw64/bin/../lib/gcc/arm-none-eabi/12.2.0/../../../../arm-none-eabi/lib/thumb/v7e-m/nofp\libg_nano.a(libc_a-errno.o)
 .comment       0x00000012       0x13 c:/msys64/mingw64/bin/../lib/gcc/arm-none-eabi/12.2.0/../../../../arm-none-eabi/lib/thumb/v7e-m/nofp\libg_nano.a(libc_a-init.o)
 .comment       0x00000012       0x13 c:/msys64/mingw64/bin/../lib/gcc/arm-none-eabi/12.2.0/../../../../arm-none-eabi/lib/thumb/v7e-m/nofp\libg_nano.a(libc_a-lock.o)
 .comment       0x00000012       0x13 c:/msys64/mingw64/bin/../lib/gcc/arm-none-eabi/12.2.0/../../../../arm-none-eabi/lib/thumb/v7e-m/nofp\libg_nano.a(libc_a-assert.o)
 .comment       0x00000012       0x13 c:/msys64/mingw64/bin/../lib/gcc/arm-none-eabi/12.2.0/../../../../arm-none-eabi/lib/thumb/v7e-m/nofp\libg_nano.a(libc_a-freer.o)
 .comment       0x00000012       0x13 c:/msys64/mingw64/bin/../lib/gcc/arm-none-eabi/12.2.0/../../../../arm-none-eabi/lib/thumb/v7e-m/nofp\libg_nano.a(libc_a-fflush.o)
 .comment       0x00000012       0x13 c:/msys64/mingw64/bin/../lib/gcc/arm-none-eabi/12.2.0/../../../../arm-none-eabi/lib/thumb/v7e-m/nofp\libg_nano.a(libc_a-fprintf.o)
 .comment       0x00000012       0x13 c:/msys64/mingw64/bin/../lib/gcc/arm-none-eabi/12.2.0/../../../../arm-none-eabi/lib/thumb/v7e-m/nofp\libg_nano.a(libc_a-abort.o)
 .comment       0x00000012       0x13 c:/msys64/mingw64/bin/../lib/gcc/arm-none-eabi/12.2.0/../../../../arm-none-eabi/lib/thumb/v7e-m/nofp\libg_nano.a(libc_a-nano-vfprintf.o)
 .comment       0x00000012       0x13 c:/msys64/mingw64/bin/../lib/gcc/arm-none-eabi/12.2.0/../../../../arm-none-eabi/lib/thumb/v7e-m/nofp\libg_nano.a(libc_a-nano-vfprintf_i.o)
 .comment       0x00000012       0x13 c:/msys64/mingw64/bin/../lib/gcc/arm-none-eabi/12.2.0/../../../../arm-none-eabi/lib/thumb/v7e-m/nofp\libg_nano.a(libc_a-fvwrite.o)
 .comment       0x00000012       0x13 c:/msys64/mingw64/bin/../lib/gcc/arm-none-eabi/12.2.0/../../../../arm-none-eabi/lib/thumb/v7e-m/nofp\libg_nano.a(libc_a-wbuf.o)
 .comment       0x00000012       0x13 c:/msys64/mingw64/bin/../lib/gcc/arm-none-eabi/12.2.0/../../../../arm-none-eabi/lib/thumb/v7e-m/nofp\libg_nano.a(libc_a-wsetup.o)
 .comment       0x00000012       0x13 c:/msys64/mingw64/bin/../lib/gcc/arm-none-eabi/12.2.0/../../../../arm-none-eabi/lib/thumb/v7e-m/nofp\libg_nano.a(libc_a-memmove.o)
 .comment       0x00000012       0x13 c:/msys64/mingw64/bin/../lib/gcc/arm-none-eabi/12.2.0/../../../../arm-none-eabi/lib/thumb/v7e-m/nofp\libg_nano.a(libc_a-signal.o)
 .comment       0x00000012       0x13 c:/msys64/mingw64/bin/../lib/gcc/arm-none-eabi/12.2.0/../../../../arm-none-eabi/lib/thumb/v7e-m/nofp\libg_nano.a(libc_a-signalr.o)
 .comment       0x00000012       0x13 c:/msys64/mingw64/bin/../lib/gcc/arm-none-eabi/12.2.0/../../../../arm-none-eabi/lib/thumb/v7e-m/nofp\libg_nano.a(libc_a-reallocr.o)
 .comment       0x00000012       0x13 c:/msys64/mingw64/bin/../lib/gcc/arm-none-eabi/12.2.0/../../../../arm-none-eabi/lib/thumb/v7e-m/nofp\libg_nano.a(libc_a-makebuf.o)
 .comment       0x00000012       0x13 c:/msys64/mingw64/bin/../lib/gcc/arm-none-eabi/12.2.0/../../../../arm-none-eabi/lib/thumb/v7e-m/nofp\libg_nano.a(libc_a-fstatr.o)
 .comment       0x00000012       0x13 c:/msys64/mingw64/bin/../lib/gcc/arm-none-eabi/12.2.0/../../../../arm-none-eabi/lib/thumb/v7e-m/nofp\libg_nano.a(libc_a-isattyr.o)
 .comment       0x00000012       0x13 c:/msys64/mingw64/bin/../lib/gcc/arm-none-eabi/12.2.0/../../../../arm-none-eabi/lib/thumb/v7e-m/nofp\libg_nano.a(libc_a-msizer.o)

.debug_frame    0x00000000     0x187c
 .debug_frame   0x00000000       0x60 objdir/.//main.o
 .debug_frame   0x00000060      0x228 objdir/.//network.o
 .debug_frame   0x00000288      0x1fc objdir/simpleserial.o
 .debug_frame   0x00000484      0x144 objdir/stm32f3_hal.o
 .debug_frame   0x000005c8      0x2f4 objdir/stm32f3_hal_lowlevel.o
 .debug_frame   0x000008bc       0x34 objdir/stm32f3_sysmem.o
 .debug_frame   0x000008f0       0x2c c:/msys64/mingw64/bin/../lib/gcc/arm-none-eabi/12.2.0/../../../../arm-none-eabi/lib/thumb/v7e-m/nofp\libm.a(libm_a-wf_exp.o)
 .debug_frame   0x0000091c       0x20 c:/msys64/mingw64/bin/../lib/gcc/arm-none-eabi/12.2.0/../../../../arm-none-eabi/lib/thumb/v7e-m/nofp\libm.a(libm_a-sf_finite.o)
 .debug_frame   0x0000093c       0x50 c:/msys64/mingw64/bin/../lib/gcc/arm-none-eabi/12.2.0/../../../../arm-none-eabi/lib/thumb/v7e-m/nofp\libm.a(libm_a-ef_exp.o)
 .debug_frame   0x0000098c       0xb0 c:/msys64/mingw64/bin/../lib/gcc/arm-none-eabi/12.2.0/../../../../arm-none-eabi/lib/thumb/v7e-m/nofp\libm.a(libm_a-math_errf.o)
 .debug_frame   0x00000a3c       0x4c c:/msys64/mingw64/bin/../lib/gcc/arm-none-eabi/12.2.0/thumb/v7e-m/nofp\libgcc.a(_arm_addsubsf3.o)
 .debug_frame   0x00000a88       0x38 c:/msys64/mingw64/bin/../lib/gcc/arm-none-eabi/12.2.0/thumb/v7e-m/nofp\libgcc.a(_arm_muldivsf3.o)
 .debug_frame   0x00000ac0       0xc8 c:/msys64/mingw64/bin/../lib/gcc/arm-none-eabi/12.2.0/thumb/v7e-m/nofp\libgcc.a(_arm_cmpsf2.o)
 .debug_frame   0x00000b88       0x24 c:/msys64/mingw64/bin/../lib/gcc/arm-none-eabi/12.2.0/thumb/v7e-m/nofp\libgcc.a(_arm_unordsf2.o)
 .debug_frame   0x00000bac       0x24 c:/msys64/mingw64/bin/../lib/gcc/arm-none-eabi/12.2.0/thumb/v7e-m/nofp\libgcc.a(_arm_fixsfsi.o)
 .debug_frame   0x00000bd0       0x24 c:/msys64/mingw64/bin/../lib/gcc/arm-none-eabi/12.2.0/thumb/v7e-m/nofp\libgcc.a(_arm_fixunssfsi.o)
 .debug_frame   0x00000bf4       0x30 c:/msys64/mingw64/bin/../lib/gcc/arm-none-eabi/12.2.0/../../../../arm-none-eabi/lib/thumb/v7e-m/nofp\libg_nano.a(libc_a-malloc.o)