Archive member included to satisfy reference by file (symbol)

c:/msys64/mingw64/bin/../lib/gcc/arm-none-eabi/12.2.0/../../../../arm-none-eabi/lib/thumb/v7e-m/nofp\libm.a(libm_a-w_exp.o)
                              objdir/.//network.o (exp)
c:/msys64/mingw64/bin/../lib/gcc/arm-none-eabi/12.2.0/../../../../arm-none-eabi/lib/thumb/v7e-m/nofp\libm.a(libm_a-s_finite.o)
                              c:/msys64/mingw64/bin/../lib/gcc/arm-none-eabi/12.2.0/../../../../arm-none-eabi/lib/thumb/v7e-m/nofp\libm.a(libm_a-w_exp.o) (finite)
c:/msys64/mingw64/bin/../lib/gcc/arm-none-eabi/12.2.0/../../../../arm-none-eabi/lib/thumb/v7e-m/nofp\libm.a(libm_a-e_exp.o)
                              c:/msys64/mingw64/bin/../lib/gcc/arm-none-eabi/12.2.0/../../../../arm-none-eabi/lib/thumb/v7e-m/nofp\libm.a(libm_a-w_exp.o) (__ieee754_exp)
c:/msys64/mingw64/bin/../lib/gcc/arm-none-eabi/12.2.0/../../../../arm-none-eabi/lib/thumb/v7e-m/nofp\libm.a(libm_a-math_err.o)
                              c:/msys64/mingw64/bin/../lib/gcc/arm-none-eabi/12.2.0/../../../../arm-none-eabi/lib/thumb/v7e-m/nofp\libm.a(libm_a-e_exp.o) (__math_uflow)
c:/msys64/mingw64/bin/../lib/gcc/arm-none-eabi/12.2.0/thumb/v7e-m/nofp\libgcc.a(_arm_muldf3.o)
                              c:/msys64/mingw64/bin/../lib/gcc/arm-none-eabi/12.2.0/../../../../arm-none-eabi/lib/thumb/v7e-m/nofp\libm.a(libm_a-e_exp.o) (__aeabi_dmul)
c:/msys64/mingw64/bin/../lib/gcc/arm-none-eabi/12.2.0/thumb/v7e-m/nofp\libgcc.a(_arm_mulsf3.o)
                              objdir/.//network.o (__aeabi_fmul)
c:/msys64/mingw64/bin/../lib/gcc/arm-none-eabi/12.2.0/thumb/v7e-m/nofp\libgcc.a(_arm_addsubdf3.o)
                              c:/msys64/mingw64/bin/../lib/gcc/arm-none-eabi/12.2.0/../../../../arm-none-eabi/lib/thumb/v7e-m/nofp\libm.a(libm_a-e_exp.o) (__aeabi_dsub)
c:/msys64/mingw64/bin/../lib/gcc/arm-none-eabi/12.2.0/thumb/v7e-m/nofp\libgcc.a(_arm_muldivdf3.o)
                              objdir/.//network.o (__aeabi_ddiv)
c:/msys64/mingw64/bin/../lib/gcc/arm-none-eabi/12.2.0/thumb/v7e-m/nofp\libgcc.a(_arm_cmpdf2.o)
                              c:/msys64/mingw64/bin/../lib/gcc/arm-none-eabi/12.2.0/../../../../arm-none-eabi/lib/thumb/v7e-m/nofp\libm.a(libm_a-math_err.o) (__aeabi_dcmpeq)
c:/msys64/mingw64/bin/../lib/gcc/arm-none-eabi/12.2.0/thumb/v7e-m/nofp\libgcc.a(_arm_unorddf2.o)
                              c:/msys64/mingw64/bin/../lib/gcc/arm-none-eabi/12.2.0/../../../../arm-none-eabi/lib/thumb/v7e-m/nofp\libm.a(libm_a-math_err.o) (__aeabi_dcmpun)
c:/msys64/mingw64/bin/../lib/gcc/arm-none-eabi/12.2.0/thumb/v7e-m/nofp\libgcc.a(_arm_fixdfsi.o)
                              c:/msys64/mingw64/bin/../lib/gcc/arm-none-eabi/12.2.0/../../../../arm-none-eabi/lib/thumb/v7e-m/nofp\libm.a(libm_a-e_exp.o) (__aeabi_d2iz)
c:/msys64/mingw64/bin/../lib/gcc/arm-none-eabi/12.2.0/thumb/v7e-m/nofp\libgcc.a(_arm_fixunsdfsi.o)
                              objdir/.//network.o (__aeabi_d2uiz)
c:/msys64/mingw64/bin/../lib/gcc/arm-none-eabi/12.2.0/thumb/v7e-m/nofp\libgcc.a(_arm_addsubsf3.o)
                              objdir/.//network.o (__aeabi_i2f)
c:/msys64/mingw64/bin/../lib/gcc/arm-none-eabi/12.2.0/thumb/v7e-m/nofp\libgcc.a(_arm_fixunssfsi.o)
                              objdir/.//network.o (__aeabi_f2uiz)
c:/msys64/mingw64/bin/../lib/gcc/arm-none-eabi/12.2.0/../../../../arm-none-eabi/lib/thumb/v7e-m/nofp\libg_nano.a(libc_a-atexit.o)
                              c:/msys64/mingw64/bin/../lib/gcc/arm-none-eabi/12.2.0/../../../../arm-none-eabi/lib/thumb/v7e-m/nofp/crt0.o (atexit)
c:/msys64/mingw64/bin/../lib/gcc/arm-none-eabi/12.2.0/../../../../arm-none-eabi/lib/thumb/v7e-m/nofp\libg_nano.a(libc_a-exit.o)
                              c:/msys64/mingw64/bin/../lib/gcc/arm-none-eabi/12.2.0/../../../../arm-none-eabi/lib/thumb/v7e-m/nofp/crt0.o (exit)
c:/msys64/mingw64/bin/../lib/gcc/arm-none-eabi/12.2.0/../../../../arm-none-eabi/lib/thumb/v7e-m/nofp\libg_nano.a(libc_a-malloc.o)
                              objdir/.//network.o (malloc)
c:/msys64/mingw64/bin/../lib/gcc/arm-none-eabi/12.2.0/../../../../arm-none-eabi/lib/thumb/v7e-m/nofp\libg_nano.a(libc_a-mallocr.o)
                              c:/msys64/mingw64/bin/../lib/gcc/arm-none-eabi/12.2.0/../../../../arm-none-eabi/lib/thumb/v7e-m/nofp\libg_nano.a(libc_a-malloc.o) (_malloc_r)
c:/msys64/mingw64/bin/../lib/gcc/arm-none-eabi/12.2.0/../../../../arm-none-eabi/lib/thumb/v7e-m/nofp\libg_nano.a(libc_a-mlock.o)
                              c:/msys64/mingw64/bin/../lib/gcc/arm-none-eabi/12.2.0/../../../../arm-none-eabi/lib/thumb/v7e-m/nofp\libg_nano.a(libc_a-mallocr.o) (__malloc_lock)
c:/msys64/mingw64/bin/../lib/gcc/arm-none-eabi/12.2.0/../../../../arm-none-eabi/lib/thumb/v7e-m/nofp\libg_nano.a(libc_a-rand.o)
                              objdir/.//network.o (srand)
c:/msys64/mingw64/bin/../lib/gcc/arm-none-eabi/12.2.0/../../../../arm-none-eabi/lib/thumb/v7e-m/nofp\libg_nano.a(libc_a-findfp.o)
[...]
Memory Configuration

Name             Origin             Length             Attributes
RAM              0x20000000         0x0000a000         xrw
ROM              0x08000000         0x00040000         xr
*default*        0x00000000         0xffffffff

Linker script and memory map

LOAD c:/msys64/mingw64/bin/../lib/gcc/arm-none-eabi/12.2.0/thumb/v7e-m/nofp/crti.o
LOAD c:/msys64/mingw64/bin/../lib/gcc/arm-none-eabi/12.2.0/thumb/v7e-m/nofp/crtbegin.o
LOAD c:/msys64/mingw64/bin/../lib/gcc/arm-none-eabi/12.2.0/../../../../arm-none-eabi/lib/thumb/v7e-m/nofp/crt0.o
LOAD objdir/.//main.o
LOAD objdir/.//network.o
LOAD objdir/simpleserial.o
LOAD objdir/stm32f3_hal.o
LOAD objdir/stm32f3_hal_lowlevel.o
LOAD objdir/stm32f3_sysmem.o
LOAD objdir/stm32f3_startup.o
LOAD c:/msys64/mingw64/bin/../lib/gcc/arm-none-eabi/12.2.0/../../../../arm-none-eabi/lib/thumb/v7e-m/nofp\libm.a
LOAD c:/msys64/mingw64/bin/../lib/gcc/arm-none-eabi/12.2.0/../../../../arm-none-eabi/lib/thumb/v7e-m/nofp\libm.a
START GROUP
LOAD c:/msys64/mingw64/bin/../lib/gcc/arm-none-eabi/12.2.0/thumb/v7e-m/nofp\libgcc.a
LOAD c:/msys64/mingw64/bin/../lib/gcc/arm-none-eabi/12.2.0/../../../../arm-none-eabi/lib/thumb/v7e-m/nofp\libg_nano.a
LOAD c:/msys64/mingw64/bin/../lib/gcc/arm-none-eabi/12.2.0/../../../../arm-none-eabi/lib/thumb/v7e-m/nofp\libc_nano.a
END GROUP
START GROUP
LOAD c:/msys64/mingw64/bin/../lib/gcc/arm-none-eabi/12.2.0/thumb/v7e-m/nofp\libgcc.a
LOAD c:/msys64/mingw64/bin/../lib/gcc/arm-none-eabi/12.2.0/../../../../arm-none-eabi/lib/thumb/v7e-m/nofp\libc_nano.a
LOAD c:/msys64/mingw64/bin/../lib/gcc/arm-none-eabi/12.2.0/../../../../arm-none-eabi/lib/thumb/v7e-m/nofp\libnosys.a
END GROUP
START GROUP
LOAD c:/msys64/mingw64/bin/../lib/gcc/arm-none-eabi/12.2.0/thumb/v7e-m/nofp\libgcc.a
LOAD c:/msys64/mingw64/bin/../lib/gcc/arm-none-eabi/12.2.0/../../../../arm-none-eabi/lib/thumb/v7e-m/nofp\libc_nano.a
LOAD c:/msys64/mingw64/bin/../lib/gcc/arm-none-eabi/12.2.0/../../../../arm-none-eabi/lib/thumb/v7e-m/nofp\libnosys.a
END GROUP
LOAD c:/msys64/mingw64/bin/../lib/gcc/arm-none-eabi/12.2.0/thumb/v7e-m/nofp/crtend.o
LOAD c:/msys64/mingw64/bin/../lib/gcc/arm-none-eabi/12.2.0/thumb/v7e-m/nofp/crtn.o
                0x2000a000                        _estack = 0x2000a000
                0x00000000                        _Min_Heap_Size = 0x0
                0x00000400                        _Min_Stack_Size = 0x400

.isr_vector     0x08000000      0x188
                0x08000000                        . = ALIGN (0x4)
 *(.isr_vector)
 .isr_vector    0x08000000      0x188 objdir/stm32f3_startup.o
                0x08000000                g_pfnVectors
                0x08000188                        . = ALIGN (0x4)

.text           0x08000190     0x3f94
                0x08000190                        . = ALIGN (0x4)
 *(.text)
 .text          0x08000190       0x74 c:/msys64/mingw64/bin/../lib/gcc/arm-none-eabi/12.2.0/../../../../arm-none-eabi/lib/thumb/v7e-m/nofp\libm.a(libm_a-w_exp.o)
                0x08000190                exp
 .text          0x08000204        0xc c:/msys64/mingw64/bin/../lib/gcc/arm-none-eabi/12.2.0/../../../../arm-none-eabi/lib/thumb/v7e-m/nofp\libm.a(libm_a-s_finite.o)
                0x08000204                finite
 .text          0x08000210      0x35c c:/msys64/mingw64/bin/../lib/gcc/arm-none-eabi/12.2.0/../../../../arm-none-eabi/lib/thumb/v7e-m/nofp\libm.a(libm_a-e_exp.o)
                0x08000210                __ieee754_exp
 .text          0x0800056c      0x12c c:/msys64/mingw64/bin/../lib/gcc/arm-none-eabi/12.2.0/../../../../arm-none-eabi/lib/thumb/v7e-m/nofp\libm.a(libm_a-math_err.o)
                0x080005ac                __math_uflow
                0x080005b4                __math_may_uflow
                0x080005c0                __math_oflow
                0x080005c8                __math_divzero
                0x080005f8                __math_invalid
                0x08000634                __math_check_uflow
                0x08000658                __math_check_oflow
 .text          0x08000698      0x378 c:/msys64/mingw64/bin/../lib/gcc/arm-none-eabi/12.2.0/thumb/v7e-m/nofp\libgcc.a(_arm_addsubdf3.o)
                0x08000698                __aeabi_drsub
                0x080006a0                __aeabi_dsub
                0x080006a0                __subdf3
                0x080006a4                __aeabi_dadd
                0x080006a4                __adddf3
                0x0800091c                __floatunsidf
                0x0800091c                __aeabi_ui2d
                0x0800093c                __floatsidf
                0x0800093c                __aeabi_i2d
                0x08000960                __aeabi_f2d
                0x08000960                __extendsfdf2
                0x080009a4                __floatundidf
                0x080009a4                __aeabi_ul2d
                0x080009b4                __floatdidf
                0x080009b4                __aeabi_l2d
 .text          0x08000a10      0x424 c:/msys64/mingw64/bin/../lib/gcc/arm-none-eabi/12.2.0/thumb/v7e-m/nofp\libgcc.a(_arm_muldivdf3.o)
                0x08000a10                __aeabi_dmul
                0x08000a10                __muldf3
                0x08000c64                __divdf3
                0x08000c64                __aeabi_ddiv
 .text          0x08000e34      0x110 c:/msys64/mingw64/bin/../lib/gcc/arm-none-eabi/12.2.0/thumb/v7e-m/nofp\libgcc.a(_arm_cmpdf2.o)
                0x08000e34                __gtdf2
                0x08000e34                __gedf2
                0x08000e3c                __ltdf2
                0x08000e3c                __ledf2
                0x08000e44                __nedf2
                0x08000e44                __eqdf2
                0x08000e44                __cmpdf2
                0x08000ec0                __aeabi_cdrcmple
                0x08000ed0                __aeabi_cdcmpeq
                0x08000ed0                __aeabi_cdcmple
                0x08000ee0                __aeabi_dcmpeq
                0x08000ef4                __aeabi_dcmplt
                0x08000f08                __aeabi_dcmple
                0x08000f1c                __aeabi_dcmpge
                0x08000f30                __aeabi_dcmpgt
 .text          0x08000f44       0x2c c:/msys64/mingw64/bin/../lib/gcc/arm-none-eabi/12.2.0/thumb/v7e-m/nofp\libgcc.a(_arm_unorddf2.o)
                0x08000f44                __unorddf2
                0x08000f44                __aeabi_dcmpun
 .text          0x08000f70       0x50 c:/msys64/mingw64/bin/../lib/gcc/arm-none-eabi/12.2.0/thumb/v7e-m/nofp\libgcc.a(_arm_fixdfsi.o)
                0x08000f70                __aeabi_d2iz
                0x08000f70                __fixdfsi
 .text          0x08000fc0       0x40 c:/msys64/mingw64/bin/../lib/gcc/arm-none-eabi/12.2.0/thumb/v7e-m/nofp\libgcc.a(_arm_fixunsdfsi.o)
                0x08000fc0                __aeabi_d2uiz
                0x08000fc0                __fixunsdfsi
 .text          0x08001000       0x20 c:/msys64/mingw64/bin/../lib/gcc/arm-none-eabi/12.2.0/../../../../arm-none-eabi/lib/thumb/v7e-m/nofp\libg_nano.a(libc_a-malloc.o)
                0x08001000                malloc
                0x08001010                free
 .text          0x08001020      0x140 c:/msys64/mingw64/bin/../lib/gcc/arm-none-eabi/12.2.0/../../../../arm-none-eabi/lib/thumb/v7e-m/nofp\libg_nano.a(libc_a-mallocr.o)
                0x08001068                _malloc_r
 .text          0x08001160       0x18 c:/msys64/mingw64/bin/../lib/gcc/arm-none-eabi/12.2.0/../../../../arm-none-eabi/lib/thumb/v7e-m/nofp\libg_nano.a(libc_a-mlock.o)
                0x08001160                __malloc_lock
                0x0800116c                __malloc_unlock
 .text          0x08001178       0xf0 c:/msys64/mingw64/bin/../lib/gcc/arm-none-eabi/12.2.0/../../../../arm-none-eabi/lib/thumb/v7e-m/nofp\libg_nano.a(libc_a-rand.o)
                0x08001178                srand
                0x080011dc                rand
 .text          0x08001268      0x2dc c:/msys64/mingw64/bin/../lib/gcc/arm-none-eabi/12.2.0/../../../../arm-none-eabi/lib/thumb/v7e-m/nofp\libg_nano.a(libc_a-findfp.o)
                0x080013e4                __sfp
                0x080014a4                __sinit
                0x080014e4                __sfp_lock_acquire
                0x080014f0                __sfp_lock_release
                0x080014fc                __fp_lock_all
                0x08001520                __fp_unlock_all
 .text          0x08001544       0x48 c:/msys64/mingw64/bin/../lib/gcc/arm-none-eabi/12.2.0/../../../../arm-none-eabi/lib/thumb/v7e-m/nofp\libg_nano.a(libc_a-fwalk.o)
                0x08001544                _fwalk_sglue
 .text          0x0800158c       0x94 c:/msys64/mingw64/bin/../lib/gcc/arm-none-eabi/12.2.0/../../../../arm-none-eabi/lib/thumb/v7e-m/nofp\libg_nano.a(libc_a-stdio.o)
                0x0800158c                __sread
                0x080015b0                __seofread
                0x080015b4                __swrite
                0x080015f4                __sseek
                0x08001618                __sclose
 .text          0x08001620       0xa4 c:/msys64/mingw64/bin/../lib/gcc/arm-none-eabi/12.2.0/../../../../arm-none-eabi/lib/thumb/v7e-m/nofp\libg_nano.a(libc_a-memset.o)
                0x08001620                memset
 .text          0x080016c4       0x24 c:/msys64/mingw64/bin/../lib/gcc/arm-none-eabi/12.2.0/../../../../arm-none-eabi/lib/thumb/v7e-m/nofp\libg_nano.a(libc_a-closer.o)
                0x080016c4                _close_r
 .text          0x080016e8       0x2c c:/msys64/mingw64/bin/../lib/gcc/arm-none-eabi/12.2.0/../../../../arm-none-eabi/lib/thumb/v7e-m/nofp\libg_nano.a(libc_a-lseekr.o)
                0x080016e8                _lseek_r
 .text          0x08001714       0x2c c:/msys64/mingw64/bin/../lib/gcc/arm-none-eabi/12.2.0/../../../../arm-none-eabi/lib/thumb/v7e-m/nofp\libg_nano.a(libc_a-readr.o)
                0x08001714                _read_r
 .text          0x08001740       0x24 c:/msys64/mingw64/bin/../lib/gcc/arm-none-eabi/12.2.0/../../../../arm-none-eabi/lib/thumb/v7e-m/nofp\libg_nano.a(libc_a-sbrkr.o)
                0x08001740                _sbrk_r
 .text          0x08001764       0x2c c:/msys64/mingw64/bin/../lib/gcc/arm-none-eabi/12.2.0/../../../../arm-none-eabi/lib/thumb/v7e-m/nofp\libg_nano.a(libc_a-writer.o)
                0x08001764                _write_r
 .text          0x08001790        0xc c:/msys64/mingw64/bin/../lib/gcc/arm-none-eabi/12.2.0/../../../../arm-none-eabi/lib/thumb/v7e-m/nofp\libg_nano.a(libc_a-errno.o)
                0x08001790                __errno
 .text          0x0800179c       0x50 c:/msys64/mingw64/bin/../lib/gcc/arm-none-eabi/12.2.0/../../../../arm-none-eabi/lib/thumb/v7e-m/nofp\libg_nano.a(libc_a-init.o)
                0x0800179c                __libc_init_array
 .text          0x080017ec       0x28 c:/msys64/mingw64/bin/../lib/gcc/arm-none-eabi/12.2.0/../../../../arm-none-eabi/lib/thumb/v7e-m/nofp\libg_nano.a(libc_a-lock.o)
                0x080017ec                __retarget_lock_init
                0x080017f0                __retarget_lock_init_recursive
                0x080017f4                __retarget_lock_close
                0x080017f8                __retarget_lock_close_recursive
                0x080017fc                __retarget_lock_acquire
                0x08001800                __retarget_lock_acquire_recursive
                0x08001804                __retarget_lock_try_acquire
                0x08001808                __retarget_lock_try_acquire_recursive
                0x0800180c                __retarget_lock_release
                0x08001810                __retarget_lock_release_recursive
 .text          0x08001814      0x134 c:/msys64/mingw64/bin/../lib/gcc/arm-none-eabi/12.2.0/../../../../arm-none-eabi/lib/thumb/v7e-m/nofp\libg_nano.a(libc_a-memcpy.o)
                0x08001814                memcpy
 .text          0x08001948       0x4c c:/msys64/mingw64/bin/../lib/gcc/arm-none-eabi/12.2.0/../../../../arm-none-eabi/lib/thumb/v7e-m/nofp\libg_nano.a(libc_a-assert.o)
                0x08001948                __assert_func
                0x08001988                __assert
 .text          0x08001994       0xbc c:/msys64/mingw64/bin/../lib/gcc/arm-none-eabi/12.2.0/../../../../arm-none-eabi/lib/thumb/v7e-m/nofp\libg_nano.a(libc_a-freer.o)
                0x08001994                _free_r
 .text          0x08001a50      0x190 c:/msys64/mingw64/bin/../lib/gcc/arm-none-eabi/12.2.0/../../../../arm-none-eabi/lib/thumb/v7e-m/nofp\libg_nano.a(libc_a-fflush.o)
                0x08001a50                __sflush_r
                0x08001b60                _fflush_r
                0x08001bb8                fflush
 .text          0x08001be0       0x44 c:/msys64/mingw64/bin/../lib/gcc/arm-none-eabi/12.2.0/../../../../arm-none-eabi/lib/thumb/v7e-m/nofp\libg_nano.a(libc_a-fprintf.o)
                0x08001be0                _fprintf_r
                0x08001be0                _fiprintf_r
                0x08001bfc                fiprintf
                0x08001bfc                fprintf
 .text          0x08001c24       0x10 c:/msys64/mingw64/bin/../lib/gcc/arm-none-eabi/12.2.0/../../../../arm-none-eabi/lib/thumb/v7e-m/nofp\libg_nano.a(libc_a-abort.o)
                0x08001c24                abort
 .text          0x08001c34      0x350 c:/msys64/mingw64/bin/../lib/gcc/arm-none-eabi/12.2.0/../../../../arm-none-eabi/lib/thumb/v7e-m/nofp\libg_nano.a(libc_a-nano-vfprintf.o)
                0x08001c5c                __sfputs_r
                0x08001c8c                __sprint_r
                0x08001cac                _vfiprintf_r
                0x08001cac                _vfprintf_r
                0x08001f6c                vfprintf
                0x08001f6c                vfiprintf
 .text          0x08001f84      0x3a4 c:/msys64/mingw64/bin/../lib/gcc/arm-none-eabi/12.2.0/../../../../arm-none-eabi/lib/thumb/v7e-m/nofp\libg_nano.a(libc_a-nano-vfprintf_i.o)
                0x08001f84                _printf_common
                0x080020a8                _printf_i
 .text          0x08002328      0x2f8 c:/msys64/mingw64/bin/../lib/gcc/arm-none-eabi/12.2.0/../../../../arm-none-eabi/lib/thumb/v7e-m/nofp\libg_nano.a(libc_a-fvwrite.o)
                0x08002328                __sfvwrite_r
 .text          0x08002620       0xa0 c:/msys64/mingw64/bin/../lib/gcc/arm-none-eabi/12.2.0/../../../../arm-none-eabi/lib/thumb/v7e-m/nofp\libg_nano.a(libc_a-wbuf.o)
                0x08002620                __swbuf_r
                0x080026a8                __swbuf
 .text          0x080026c0       0xc0 c:/msys64/mingw64/bin/../lib/gcc/arm-none-eabi/12.2.0/../../../../arm-none-eabi/lib/thumb/v7e-m/nofp\libg_nano.a(libc_a-wsetup.o)
                0x080026c0                __swsetup_r
 .text          0x08002780      0x100 c:/msys64/mingw64/bin/../lib/gcc/arm-none-eabi/12.2.0/../../../../arm-none-eabi/lib/thumb/v7e-m/nofp\libg_nano.a(libc_a-memmove.o)
                0x08002780                memmove
 .text          0x08002880      0x260 c:/msys64/mingw64/bin/../lib/gcc/arm-none-eabi/12.2.0/../../../../arm-none-eabi/lib/thumb/v7e-m/nofp\libg_nano.a(libc_a-signal.o)
                0x08002880                _init_signal_r
                0x080028ac                _signal_r
                0x080028f8                _raise_r
                0x08002948                __sigtramp_r
                0x080029a8                raise
                0x080029fc                signal
                0x08002a48                _init_signal
                0x08002a7c                __sigtramp
 .text          0x08002ae0       0x30 c:/msys64/mingw64/bin/../lib/gcc/arm-none-eabi/12.2.0/../../../../arm-none-eabi/lib/thumb/v7e-m/nofp\libg_nano.a(libc_a-signalr.o)
                0x08002ae0                _kill_r
                0x08002b0c                _getpid_r
 .text          0x08002b10       0xa0 c:/msys64/mingw64/bin/../lib/gcc/arm-none-eabi/12.2.0/../../../../arm-none-eabi/lib/thumb/v7e-m/nofp\libg_nano.a(libc_a-memchr.o)
                0x08002b10                memchr
 .text          0x08002bb0       0x68 c:/msys64/mingw64/bin/../lib/gcc/arm-none-eabi/12.2.0/../../../../arm-none-eabi/lib/thumb/v7e-m/nofp\libg_nano.a(libc_a-reallocr.o)
                0x08002bb0                _realloc_r
 .text          0x08002c18      0x114 c:/msys64/mingw64/bin/../lib/gcc/arm-none-eabi/12.2.0/../../../../arm-none-eabi/lib/thumb/v7e-m/nofp\libg_nano.a(libc_a-makebuf.o)
                0x08002c18                __smakebuf_r
                0x08002cdc                __swhatbuf_r
 .text          0x08002d2c       0x2c c:/msys64/mingw64/bin/../lib/gcc/arm-none-eabi/12.2.0/../../../../arm-none-eabi/lib/thumb/v7e-m/nofp\libg_nano.a(libc_a-fstatr.o)
                0x08002d2c                _fstat_r
 .text          0x08002d58       0x24 c:/msys64/mingw64/bin/../lib/gcc/arm-none-eabi/12.2.0/../../../../arm-none-eabi/lib/thumb/v7e-m/nofp\libg_nano.a(libc_a-isattyr.o)
                0x08002d58                _isatty_r
 .text          0x08002d7c       0x10 c:/msys64/mingw64/bin/../lib/gcc/arm-none-eabi/12.2.0/../../../../arm-none-eabi/lib/thumb/v7e-m/nofp\libg_nano.a(libc_a-msizer.o)
                0x08002d7c                _malloc_usable_size_r
 .text          0x08002d8c       0x10 c:/msys64/mingw64/bin/../lib/gcc/arm-none-eabi/12.2.0/../../../../arm-none-eabi/lib/thumb/v7e-m/nofp\libnosys.a(close.o)
                0x08002d8c                _close
 .text          0x08002d9c       0x10 c:/msys64/mingw64/bin/../lib/gcc/arm-none-eabi/12.2.0/../../../../arm-none-eabi/lib/thumb/v7e-m/nofp\libnosys.a(fstat.o)
                0x08002d9c                _fstat
 .text          0x08002dac       0x10 c:/msys64/mingw64/bin/../lib/gcc/arm-none-eabi/12.2.0/../../../../arm-none-eabi/lib/thumb/v7e-m/nofp\libnosys.a(getpid.o)
                0x08002dac                _getpid
 .text          0x08002dbc       0x10 c:/msys64/mingw64/bin/../lib/gcc/arm-none-eabi/12.2.0/../../../../arm-none-eabi/lib/thumb/v7e-m/nofp\libnosys.a(isatty.o)
                0x08002dbc                _isatty
 .text          0x08002dcc       0x10 c:/msys64/mingw64/bin/../lib/gcc/arm-none-eabi/12.2.0/../../../../arm-none-eabi/lib/thumb/v7e-m/nofp\libnosys.a(kill.o)
                0x08002dcc                _kill
 .text          0x08002ddc       0x10 c:/msys64/mingw64/bin/../lib/gcc/arm-none-eabi/12.2.0/../../../../arm-none-eabi/lib/thumb/v7e-m/nofp\libnosys.a(lseek.o)
                0x08002ddc                _lseek
 .text          0x08002dec       0x10 c:/msys64/mingw64/bin/../lib/gcc/arm-none-eabi/12.2.0/../../../../arm-none-eabi/lib/thumb/v7e-m/nofp\libnosys.a(read.o)
                0x08002dec                _read
 .text          0x08002dfc       0x10 c:/msys64/mingw64/bin/../lib/gcc/arm-none-eabi/12.2.0/../../../../arm-none-eabi/lib/thumb/v7e-m/nofp\libnosys.a(write.o)
                0x08002dfc                _write
 .text          0x08002e0c        0x4 c:/msys64/mingw64/bin/../lib/gcc/arm-none-eabi/12.2.0/../../../../arm-none-eabi/lib/thumb/v7e-m/nofp\libnosys.a(_exit.o)
                0x08002e0c                _exit
 *(.text*)
 .text.__do_global_dtors_aux
                0x08002e10       0x24 c:/msys64/mingw64/bin/../lib/gcc/arm-none-eabi/12.2.0/thumb/v7e-m/nofp/crtbegin.o
 .text.frame_dummy
                0x08002e34       0x1c c:/msys64/mingw64/bin/../lib/gcc/arm-none-eabi/12.2.0/thumb/v7e-m/nofp/crtbegin.o
 .text.handle   0x08002e50       0xa0 objdir/.//main.o
                0x08002e50                handle
 .text.startup.main
                0x08002ef0       0x28 objdir/.//main.o
                0x08002ef0                main
 .text.quantized_create_neuron
                0x08002f18       0x3a objdir/.//network.o
                0x08002f18                quantized_create_neuron
 .text.create_layer
                0x08002f52       0x16 objdir/.//network.o
                0x08002f52                create_layer
 .text.create_network
                0x08002f68       0x14 objdir/.//network.o
                0x08002f68                create_network
 .text.construct_quantized_network2
                0x08002f7c       0xa4 objdir/.//network.o
                0x08002f7c                construct_quantized_network2
 .text.forward  0x08003020       0xa8 objdir/.//network.o
                0x08003020                forward
 .text.ss_crc   0x080030c8       0x2c objdir/simpleserial.o
                0x080030c8                ss_crc
 .text.stuff_data
                0x080030f4       0x22 objdir/simpleserial.o
                0x080030f4                stuff_data
 .text.unstuff_data
                0x08003116       0x1e objdir/simpleserial.o
                0x08003116                unstuff_data
 .text.simpleserial_addcmd
                0x08003134       0x34 objdir/simpleserial.o
                0x08003134                simpleserial_addcmd
 .text.simpleserial_init
                0x08003168       0x24 objdir/simpleserial.o
                0x08003168                simpleserial_init
 .text.simpleserial_put
                0x0800318c       0x56 objdir/simpleserial.o
                0x0800318c                simpleserial_put
 .text.check_version
                0x080031e2       0x1c objdir/simpleserial.o
                0x080031e2                check_version
 *fill*         0x080031fe        0x2 
 .text.ss_get_commands
                0x08003200       0x3c objdir/simpleserial.o
                0x08003200                ss_get_commands
 .text.simpleserial_get
                0x0800323c       0xd8 objdir/simpleserial.o
                0x0800323c                simpleserial_get
 .text.platform_init
                0x08003314       0x80 objdir/stm32f3_hal.o
                0x08003314                platform_init
 .text.init_uart
                0x08003394       0x7c objdir/stm32f3_hal.o
                0x08003394                init_uart
 .text.trigger_setup
                0x08003410       0x48 objdir/stm32f3_hal.o
                0x08003410                trigger_setup
 .text.trigger_high
                0x08003458        0xe objdir/stm32f3_hal.o
                0x08003458                trigger_high
 .text.trigger_low
                0x08003466        0xe objdir/stm32f3_hal.o
                0x08003466                trigger_low
 .text.getch    0x08003474       0x34 objdir/stm32f3_hal.o
                0x08003474                getch
 .text.putch    0x080034a8       0x20 objdir/stm32f3_hal.o
                0x080034a8                putch
 .text.HAL_GetTick
                0x080034c8       0x10 objdir/stm32f3_hal_lowlevel.o
                0x080034c8                HAL_GetTick
 .text.HAL_RCC_OscConfig
                0x080034d8      0x4a4 objdir/stm32f3_hal_lowlevel.o
                0x080034d8                HAL_RCC_OscConfig
 .text.HAL_RCC_ClockConfig
                0x0800397c      0x140 objdir/stm32f3_hal_lowlevel.o
                0x0800397c                HAL_RCC_ClockConfig
 .text.HAL_GPIO_Init
                0x08003abc      0x180 objdir/stm32f3_hal_lowlevel.o
                0x08003abc                HAL_GPIO_Init
 .text.HAL_GPIO_WritePin
                0x08003c3c        0xa objdir/stm32f3_hal_lowlevel.o
                0x08003c3c                HAL_GPIO_WritePin
 *fill*         0x08003c46        0x2 
 .text.UART_SetConfig
                0x08003c48      0x1a8 objdir/stm32f3_hal_lowlevel.o
                0x08003c48                UART_SetConfig
 .text.UART_WaitOnFlagUntilTimeout
                0x08003df0       0x62 objdir/stm32f3_hal_lowlevel.o
                0x08003df0                UART_WaitOnFlagUntilTimeout
 .text.UART_CheckIdleState
                0x08003e52       0x62 objdir/stm32f3_hal_lowlevel.o
                0x08003e52                UART_CheckIdleState
 .text.HAL_UART_Init
                0x08003eb4       0x54 objdir/stm32f3_hal_lowlevel.o
                0x08003eb4                HAL_UART_Init
 .text.HAL_UART_Transmit
                0x08003f08       0xac objdir/stm32f3_hal_lowlevel.o
                0x08003f08                HAL_UART_Transmit
 .text.HAL_UART_Receive
                0x08003fb4       0xd6 objdir/stm32f3_hal_lowlevel.o
                0x08003fb4                HAL_UART_Receive
 *fill*         0x0800408a        0x2 
 .text._sbrk    0x0800408c       0x34 objdir/stm32f3_sysmem.o
                0x0800408c                _sbrk
 .text.Reset_Handler
                0x080040c0       0x48 objdir/stm32f3_startup.o
                0x080040c0                Reset_Handler
 .text.Default_Handler
                0x08004108        0x2 objdir/stm32f3_startup.o
                0x08004108                DebugMon_Handler
                0x08004108                HardFault_Handler
                0x08004108                SysTick_Handler
                0x08004108                PendSV_Handler
                0x08004108                NMI_Handler
                0x08004108                UsageFault_Handler
                0x08004108                Default_Handler
                0x08004108                MemManage_Handler
                0x08004108                SVC_Handler
                0x08004108                BusFault_Handler
 *(.glue_7)
 .glue_7        0x0800410a        0x0 linker stubs
 *(.glue_7t)
 .glue_7t       0x0800410a        0x0 linker stubs
 *(.eh_frame)
 *fill*         0x0800410a        0x2 
 .eh_frame      0x0800410c        0x0 c:/msys64/mingw64/bin/../lib/gcc/arm-none-eabi/12.2.0/thumb/v7e-m/nofp/crtbegin.o
 *(.init)
 .init          0x0800410c        0x4 c:/msys64/mingw64/bin/../lib/gcc/arm-none-eabi/12.2.0/thumb/v7e-m/nofp/crti.o
                0x0800410c                _init
 .init          0x08004110        0x8 c:/msys64/mingw64/bin/../lib/gcc/arm-none-eabi/12.2.0/thumb/v7e-m/nofp/crtn.o
 *(.fini)
 .fini          0x08004118        0x4 c:/msys64/mingw64/bin/../lib/gcc/arm-none-eabi/12.2.0/thumb/v7e-m/nofp/crti.o
                0x08004118                _fini
 .fini          0x0800411c        0x8 c:/msys64/mingw64/bin/../lib/gcc/arm-none-eabi/12.2.0/thumb/v7e-m/nofp/crtn.o
                0x08004124                        . = ALIGN (0x4)
                0x08004124                        _etext = .

.vfp11_veneer   0x08004124        0x0
 .vfp11_veneer  0x08004124        0x0 linker stubs

.v4_bx          0x08004124        0x0
 .v4_bx         0x08004124        0x0 linker stubs

.iplt           0x08004124        0x0
 .iplt          0x08004124        0x0 c:/msys64/mingw64/bin/../lib/gcc/arm-none-eabi/12.2.0/thumb/v7e-m/nofp/crtbegin.o

.rodata         0x08004128      0x110
                0x08004128                        . = ALIGN (0x4)
 *(.rodata)
 .rodata        0x08004128       0x10 objdir/.//main.o
 .rodata        0x08004138       0x30 c:/msys64/mingw64/bin/../lib/gcc/arm-none-eabi/12.2.0/../../../../arm-none-eabi/lib/thumb/v7e-m/nofp\libm.a(libm_a-e_exp.o)
 *(.rodata*)
 .rodata.str1.4
                0x08004168       0xcd c:/msys64/mingw64/bin/../lib/gcc/arm-none-eabi/12.2.0/../../../../arm-none-eabi/lib/thumb/v7e-m/nofp\libg_nano.a(libc_a-rand.o)
                                 0x53 (size before relaxing)
 .rodata.str1.4
                0x08004235       0x43 c:/msys64/mingw64/bin/../lib/gcc/arm-none-eabi/12.2.0/../../../../arm-none-eabi/lib/thumb/v7e-m/nofp\libg_nano.a(libc_a-assert.o)
 .rodata.str1.4
                0x08004235       0x13 c:/msys64/mingw64/bin/../lib/gcc/arm-none-eabi/12.2.0/../../../../arm-none-eabi/lib/thumb/v7e-m/nofp\libg_nano.a(libc_a-nano-vfprintf.o)
 .rodata.str1.4
                0x08004235       0x25 c:/msys64/mingw64/bin/../lib/gcc/arm-none-eabi/12.2.0/../../../../arm-none-eabi/lib/thumb/v7e-m/nofp\libg_nano.a(libc_a-nano-vfprintf_i.o)
                0x08004278                        . = ALIGN (0x4)
 *fill*         0x08004235        0x3 

.ARM.extab      0x08004238        0x0
                0x08004238                        . = ALIGN (0x4)
 *(.ARM.extab* .gnu.linkonce.armextab.*)
                0x08004238                        . = ALIGN (0x4)

.ARM            0x08004238        0x8
                0x08004238                        . = ALIGN (0x4)
                0x08004238                        __exidx_start = .
 *(.ARM.exidx*)
 .ARM.exidx     0x08004238        0x8 c:/msys64/mingw64/bin/../lib/gcc/arm-none-eabi/12.2.0/../../../../arm-none-eabi/lib/thumb/v7e-m/nofp\libg_nano.a(libc_a-memcpy.o)
 .ARM.exidx     0x08004240        0x0 c:/msys64/mingw64/bin/../lib/gcc/arm-none-eabi/12.2.0/../../../../arm-none-eabi/lib/thumb/v7e-m/nofp\libg_nano.a(libc_a-memchr.o)
                                  0x8 (size before relaxing)
                0x08004240                        __exidx_end = .
                0x08004240                        . = ALIGN (0x4)

.rel.dyn        0x08004240        0x0
 .rel.iplt      0x08004240        0x0 c:/msys64/mingw64/bin/../lib/gcc/arm-none-eabi/12.2.0/thumb/v7e-m/nofp/crtbegin.o

.preinit_array  0x08004240        0x0
                0x08004240                        . = ALIGN (0x4)
                0x08004240                        PROVIDE (__preinit_array_start = .)
 *(.preinit_array*)
                0x08004240                        PROVIDE (__preinit_array_end = .)
                0x08004240                        . = ALIGN (0x4)

.init_array     0x08004240        0x4
                0x08004240                        . = ALIGN (0x4)
                0x08004240                        PROVIDE (__init_array_start = .)
 *(SORT_BY_NAME(.init_array.*))
 *(.init_array*)
 .init_array    0x08004240        0x4 c:/msys64/mingw64/bin/../lib/gcc/arm-none-eabi/12.2.0/thumb/v7e-m/nofp/crtbegin.o
                0x08004244                        PROVIDE (__init_array_end = .)
                0x08004244                        . = ALIGN (0x4)

.fini_array     0x08004244        0x4
                0x08004244                        . = ALIGN (0x4)
                0x08004244                        PROVIDE (__fini_array_start = .)
 *(SORT_BY_NAME(.fini_array.*))
 *(.fini_array*)
 .fini_array    0x08004244        0x4 c:/msys64/mingw64/bin/../lib/gcc/arm-none-eabi/12.2.0/thumb/v7e-m/nofp/crtbegin.o
                0x08004248                        PROVIDE (__fini_array_end = .)
                0x08004248                        . = ALIGN (0x4)
                0x08004248                        _sidata = LOADADDR (.data)

.data           0x20000000       0x5c load address 0x08004248
                0x20000000                        . = ALIGN (0x4)
                0x20000000                        _sdata = .
 *(.data)
 .data          0x20000000        0xc c:/msys64/mingw64/bin/../lib/gcc/arm-none-eabi/12.2.0/../../../../arm-none-eabi/lib/thumb/v7e-m/nofp\libg_nano.a(libc_a-findfp.o)
                0x20000000                __sglue
 .data          0x2000000c       0x50 c:/msys64/mingw64/bin/../lib/gcc/arm-none-eabi/12.2.0/../../../../arm-none-eabi/lib/thumb/v7e-m/nofp\libg_nano.a(libc_a-impure.o)
                0x2000000c                _impure_ptr
                0x20000010                _impure_data
 *(.data*)
                0x2000005c                        . = ALIGN (0x4)
                0x2000005c                        _edata = .

.igot.plt       0x2000005c        0x0 load address 0x080042a4
 .igot.plt      0x2000005c        0x0 c:/msys64/mingw64/bin/../lib/gcc/arm-none-eabi/12.2.0/thumb/v7e-m/nofp/crtbegin.o
                0x2000005c                        . = ALIGN (0x4)

.bss            0x2000005c      0x2c0 load address 0x080042a4
                0x2000005c                        _sbss = .
                0x2000005c                        __bss_start__ = _sbss
 *(.bss)
 .bss           0x2000005c       0xc4 objdir/simpleserial.o
 .bss           0x20000120       0x70 objdir/stm32f3_hal.o
                0x20000120                UartHandle
 .bss           0x20000190        0x8 objdir/stm32f3_hal_lowlevel.o
                0x20000190                hal_sys_tick
                0x20000194                uwTick
 .bss           0x20000198        0x4 objdir/stm32f3_sysmem.o
 .bss           0x2000019c        0x8 c:/msys64/mingw64/bin/../lib/gcc/arm-none-eabi/12.2.0/../../../../arm-none-eabi/lib/thumb/v7e-m/nofp\libg_nano.a(libc_a-mallocr.o)
                0x2000019c                __malloc_sbrk_start
                0x200001a0                __malloc_free_list
 .bss           0x200001a4      0x13c c:/msys64/mingw64/bin/../lib/gcc/arm-none-eabi/12.2.0/../../../../arm-none-eabi/lib/thumb/v7e-m/nofp\libg_nano.a(libc_a-findfp.o)
                0x200001a4                __sf
                0x200002dc                __stdio_exit_handler
 .bss           0x200002e0        0x4 c:/msys64/mingw64/bin/../lib/gcc/arm-none-eabi/12.2.0/../../../../arm-none-eabi/lib/thumb/v7e-m/nofp\libg_nano.a(libc_a-reent.o)
                0x200002e0                errno
 .bss           0x200002e4       0x1d c:/msys64/mingw64/bin/../lib/gcc/arm-none-eabi/12.2.0/../../../../arm-none-eabi/lib/thumb/v7e-m/nofp\libg_nano.a(libc_a-lock.o)
                0x200002e4                __lock___arc4random_mutex
                0x200002e8                __lock___dd_hash_mutex
                0x200002ec                __lock___tz_mutex
                0x200002f0                __lock___env_recursive_mutex
                0x200002f4                __lock___malloc_recursive_mutex
                0x200002f8                __lock___at_quick_exit_mutex
                0x200002fc                __lock___atexit_recursive_mutex
                0x20000300                __lock___sfp_recursive_mutex
 *(.bss*)
 .bss.completed.1
                0x20000301        0x1 c:/msys64/mingw64/bin/../lib/gcc/arm-none-eabi/12.2.0/thumb/v7e-m/nofp/crtbegin.o
 *fill*         0x20000302        0x2 
 .bss.object.0  0x20000304       0x18 c:/msys64/mingw64/bin/../lib/gcc/arm-none-eabi/12.2.0/thumb/v7e-m/nofp/crtbegin.o
 *(COMMON)
                0x2000031c                        . = ALIGN (0x4)
                0x2000031c                        _ebss = .
                0x2000031c                        __bss_end__ = _ebss

._user_heap_stack
                0x2000031c      0x404 load address 0x080042a4
                0x20000320                        . = ALIGN (0x8)
 *fill*         0x2000031c        0x4 
                0x20000320                        PROVIDE (end = .)
                [!provide]                        PROVIDE (_end = .)
                0x20000320                        . = (. + _Min_Heap_Size)
                0x20000720                        . = (. + _Min_Stack_Size)
 *fill*         0x20000320      0x400 
                0x20000720                        . = ALIGN (0x8)

/DISCARD/
 libc.a(*)
 libm.a(*)
 libgcc.a(*)

.ARM.attributes
                0x00000000       0x2a
 *(.ARM.attributes)
 .ARM.attributes
                0x00000000       0x1e c:/msys64/mingw64/bin/../lib/gcc/arm-none-eabi/12.2.0/thumb/v7e-m/nofp/crti.o
 .ARM.attributes
                0x0000001e       0x2e c:/msys64/mingw64/bin/../lib/gcc/arm-none-eabi/12.2.0/thumb/v7e-m/nofp/crtbegin.o
 .ARM.attributes
                0x0000004c       0x2e objdir/.//main.o
 .ARM.attributes
                0x0000007a       0x2e objdir/.//network.o
 .ARM.attributes
                0x000000a8       0x2e objdir/simpleserial.o
 .ARM.attributes
                0x000000d6       0x2e objdir/stm32f3_hal.o
 .ARM.attributes
                0x00000104       0x2e objdir/stm32f3_hal_lowlevel.o
 .ARM.attributes
                0x00000132       0x2e objdir/stm32f3_sysmem.o
 .ARM.attributes
                0x00000160       0x21 objdir/stm32f3_startup.o
 .ARM.attributes
                0x00000181       0x2e c:/msys64/mingw64/bin/../lib/gcc/arm-none-eabi/12.2.0/../../../../arm-none-eabi/lib/thumb/v7e-m/nofp\libm.a(libm_a-w_exp.o)
 .ARM.attributes
                0x000001af       0x2e c:/msys64/mingw64/bin/../lib/gcc/arm-none-eabi/12.2.0/../../../../arm-none-eabi/lib/thumb/v7e-m/nofp\libm.a(libm_a-s_finite.o)
 .ARM.attributes
                0x000001dd       0x2e c:/msys64/mingw64/bin/../lib/gcc/arm-none-eabi/12.2.0/../../../../arm-none-eabi/lib/thumb/v7e-m/nofp\libm.a(libm_a-e_exp.o)
 .ARM.attributes
                0x0000020b       0x2e c:/msys64/mingw64/bin/../lib/gcc/arm-none-eabi/12.2.0/../../../../arm-none-eabi/lib/thumb/v7e-m/nofp\libm.a(libm_a-math_err.o)
 .ARM.attributes
                0x00000239       0x1e c:/msys64/mingw64/bin/../lib/gcc/arm-none-eabi/12.2.0/thumb/v7e-m/nofp\libgcc.a(_arm_addsubdf3.o)
 .ARM.attributes
                0x00000257       0x1e c:/msys64/mingw64/bin/../lib/gcc/arm-none-eabi/12.2.0/thumb/v7e-m/nofp\libgcc.a(_arm_muldivdf3.o)
 .ARM.attributes
                0x00000275       0x1e c:/msys64/mingw64/bin/../lib/gcc/arm-none-eabi/12.2.0/thumb/v7e-m/nofp\libgcc.a(_arm_cmpdf2.o)
 .ARM.attributes
                0x00000293       0x1e c:/msys64/mingw64/bin/../lib/gcc/arm-none-eabi/12.2.0/thumb/v7e-m/nofp\libgcc.a(_arm_unorddf2.o)
 .ARM.attributes
                0x000002b1       0x1e c:/msys64/mingw64/bin/../lib/gcc/arm-none-eabi/12.2.0/thumb/v7e-m/nofp\libgcc.a(_arm_fixdfsi.o)
 .ARM.attributes
                0x000002cf       0x1e c:/msys64/mingw64/bin/../lib/gcc/arm-none-eabi/12.2.0/thumb/v7e-m/nofp\libgcc.a(_arm_fixunsdfsi.o)
 .ARM.attributes
                0x000002ed       0x2e c:/msys64/mingw64/bin/../lib/gcc/arm-none-eabi/12.2.0/../../../../arm-none-eabi/lib/thumb/v7e-m/nofp\libg_nano.a(libc_a-malloc.o)
 .ARM.attributes
                0x0000031b       0x2e c:/msys64/mingw64/bin/../lib/gcc/arm-none-eabi/12.2.0/../../../../arm-none-eabi/lib/thumb/v7e-m/nofp\libg_nano.a(libc_a-mallocr.o)
 .ARM.attributes
                0x00000349       0x2e c:/msys64/mingw64/bin/../lib/gcc/arm-none-eabi/12.2.0/../../../../arm-none-eabi/lib/thumb/v7e-m/nofp\libg_nano.a(libc_a-mlock.o)
 .ARM.attributes
                0x00000377       0x2e c:/msys64/mingw64/bin/../lib/gcc/arm-none-eabi/12.2.0/../../../../arm-none-eabi/lib/thumb/v7e-m/nofp\libg_nano.a(libc_a-rand.o)
 .ARM.attributes
                0x000003a5       0x2e c:/msys64/mingw64/bin/../lib/gcc/arm-none-eabi/12.2.0/../../../../arm-none-eabi/lib/thumb/v7e-m/nofp\libg_nano.a(libc_a-findfp.o)
 .ARM.attributes
                0x000003d3       0x2e c:/msys64/mingw64/bin/../lib/gcc/arm-none-eabi/12.2.0/../../../../arm-none-eabi/lib/thumb/v7e-m/nofp\libg_nano.a(libc_a-fwalk.o)
 .ARM.attributes
                0x00000401       0x2e c:/msys64/mingw64/bin/../lib/gcc/arm-none-eabi/12.2.0/../../../../arm-none-eabi/lib/thumb/v7e-m/nofp\libg_nano.a(libc_a-stdio.o)
 .ARM.attributes
                0x0000042f       0x2e c:/msys64/mingw64/bin/../lib/gcc/arm-none-eabi/12.2.0/../../../../arm-none-eabi/lib/thumb/v7e-m/nofp\libg_nano.a(libc_a-memset.o)
 .ARM.attributes
                0x0000045d       0x2e c:/msys64/mingw64/bin/../lib/gcc/arm-none-eabi/12.2.0/../../../../arm-none-eabi/lib/thumb/v7e-m/nofp\libg_nano.a(libc_a-closer.o)
 .ARM.attributes
                0x0000048b       0x2e c:/msys64/mingw64/bin/../lib/gcc/arm-none-eabi/12.2.0/../../../../arm-none-eabi/lib/thumb/v7e-m/nofp\libg_nano.a(libc_a-reent.o)
 .ARM.attributes
                0x000004b9       0x2e c:/msys64/mingw64/bin/../lib/gcc/arm-none-eabi/12.2.0/../../../../arm-none-eabi/lib/thumb/v7e-m/nofp\libg_nano.a(libc_a-impure.o)
 .ARM.attributes
                0x000004e7       0x2e c:/msys64/mingw64/bin/../lib/gcc/arm-none-eabi/12.2.0/../../../../arm-none-eabi/lib/thumb/v7e-m/nofp\libg_nano.a(libc_a-lseekr.o)
 .ARM.attributes
                0x00000515       0x2e c:/msys64/mingw64/bin/../lib/gcc/arm-none-eabi/12.2.0/../../../../arm-none-eabi/lib/thumb/v7e-m/nofp\libg_nano.a(libc_a-readr.o)
 .ARM.attributes
                0x00000543       0x2e c:/msys64/mingw64/bin/../lib/gcc/arm-none-eabi/12.2.0/../../../../arm-none-eabi/lib/thumb/v7e-m/nofp\libg_nano.a(libc_a-sbrkr.o)
 .ARM.attributes
                0x00000571       0x2e c:/msys64/mingw64/bin/../lib/gcc/arm-none-eabi/12.2.0/../../../../arm-none-eabi/lib/thumb/v7e-m/nofp\libg_nano.a(libc_a-writer.o)
 .ARM.attributes
                0x0000059f       0x2e c:/msys64/mingw64/bin/../lib/gcc/arm-none-eabi/12.2.0/../../../../arm-none-eabi/lib/thumb/v7e-m/nofp\libg_nano.a(libc_a-errno.o)
 .ARM.attributes
                0x000005cd       0x2e c:/msys64/mingw64/bin/../lib/gcc/arm-none-eabi/12.2.0/../../../../arm-none-eabi/lib/thumb/v7e-m/nofp\libg_nano.a(libc_a-init.o)
 .ARM.attributes
                0x000005fb       0x2e c:/msys64/mingw64/bin/../lib/gcc/arm-none-eabi/12.2.0/../../../../arm-none-eabi/lib/thumb/v7e-m/nofp\libg_nano.a(libc_a-lock.o)
 .ARM.attributes
                0x00000629       0x1c c:/msys64/mingw64/bin/../lib/gcc/arm-none-eabi/12.2.0/../../../../arm-none-eabi/lib/thumb/v7e-m/nofp\libg_nano.a(libc_a-memcpy.o)
 .ARM.attributes
                0x00000645       0x2e c:/msys64/mingw64/bin/../lib/gcc/arm-none-eabi/12.2.0/../../../../arm-none-eabi/lib/thumb/v7e-m/nofp\libg_nano.a(libc_a-assert.o)
 .ARM.attributes
                0x00000673       0x2e c:/msys64/mingw64/bin/../lib/gcc/arm-none-eabi/12.2.0/../../../../arm-none-eabi/lib/thumb/v7e-m/nofp\libg_nano.a(libc_a-freer.o)
 .ARM.attributes
                0x000006a1       0x2e c:/msys64/mingw64/bin/../lib/gcc/arm-none-eabi/12.2.0/../../../../arm-none-eabi/lib/thumb/v7e-m/nofp\libg_nano.a(libc_a-fflush.o)
 .ARM.attributes
                0x000006cf       0x2e c:/msys64/mingw64/bin/../lib/gcc/arm-none-eabi/12.2.0/../../../../arm-none-eabi/lib/thumb/v7e-m/nofp\libg_nano.a(libc_a-fprintf.o)
 .ARM.attributes
                0x000006fd       0x2e c:/msys64/mingw64/bin/../lib/gcc/arm-none-eabi/12.2.0/../../../../arm-none-eabi/lib/thumb/v7e-m/nofp\libg_nano.a(libc_a-abort.o)
 .ARM.attributes
                0x0000072b       0x2e c:/msys64/mingw64/bin/../lib/gcc/arm-none-eabi/12.2.0/../../../../arm-none-eabi/lib/thumb/v7e-m/nofp\libg_nano.a(libc_a-nano-vfprintf.o)
 .ARM.attributes
                0x00000759       0x2e c:/msys64/mingw64/bin/../lib/gcc/arm-none-eabi/12.2.0/../../../../arm-none-eabi/lib/thumb/v7e-m/nofp\libg_nano.a(libc_a-nano-vfprintf_i.o)
 .ARM.attributes
                0x00000787       0x2e c:/msys64/mingw64/bin/../lib/gcc/arm-none-eabi/12.2.0/../../../../arm-none-eabi/lib/thumb/v7e-m/nofp\libg_nano.a(libc_a-fvwrite.o)
 .ARM.attributes
                0x000007b5       0x2e c:/msys64/mingw64/bin/../lib/gcc/arm-none-eabi/12.2.0/../../../../arm-none-eabi/lib/thumb/v7e-m/nofp\libg_nano.a(libc_a-wbuf.o)
 .ARM.attributes
                0x000007e3       0x2e c:/msys64/mingw64/bin/../lib/gcc/arm-none-eabi/12.2.0/../../../../arm-none-eabi/lib/thumb/v7e-m/nofp\libg_nano.a(libc_a-wsetup.o)
 .ARM.attributes
                0x00000811       0x2e c:/msys64/mingw64/bin/../lib/gcc/arm-none-eabi/12.2.0/../../../../arm-none-eabi/lib/thumb/v7e-m/nofp\libg_nano.a(libc_a-memmove.o)
 .ARM.attributes
                0x0000083f       0x2e c:/msys64/mingw64/bin/../lib/gcc/arm-none-eabi/12.2.0/../../../../arm-none-eabi/lib/thumb/v7e-m/nofp\libg_nano.a(libc_a-signal.o)
 .ARM.attributes
                0x0000086d       0x2e c:/msys64/mingw64/bin/../lib/gcc/arm-none-eabi/12.2.0/../../../../arm-none-eabi/lib/thumb/v7e-m/nofp\libg_nano.a(libc_a-signalr.o)
 .ARM.attributes
                0x0000089b       0x1c c:/msys64/mingw64/bin/../lib/gcc/arm-none-eabi/12.2.0/../../../../arm-none-eabi/lib/thumb/v7e-m/nofp\libg_nano.a(libc_a-memchr.o)
 .ARM.attributes
                0x000008b7       0x2e c:/msys64/mingw64/bin/../lib/gcc/arm-none-eabi/12.2.0/../../../../arm-none-eabi/lib/thumb/v7e-m/nofp\libg_nano.a(libc_a-reallocr.o)
 .ARM.attributes
                0x000008e5       0x2e c:/msys64/mingw64/bin/../lib/gcc/arm-none-eabi/12.2.0/../../../../arm-none-eabi/lib/thumb/v7e-m/nofp\libg_nano.a(libc_a-makebuf.o)
 .ARM.attributes
                0x00000913       0x2e c:/msys64/mingw64/bin/../lib/gcc/arm-none-eabi/12.2.0/../../../../arm-none-eabi/lib/thumb/v7e-m/nofp\libg_nano.a(libc_a-fstatr.o)
 .ARM.attributes
                0x00000941       0x2e c:/msys64/mingw64/bin/../lib/gcc/arm-none-eabi/12.2.0/../../../../arm-none-eabi/lib/thumb/v7e-m/nofp\libg_nano.a(libc_a-isattyr.o)
 .ARM.attributes
                0x0000096f       0x2e c:/msys64/mingw64/bin/../lib/gcc/arm-none-eabi/12.2.0/../../../../arm-none-eabi/lib/thumb/v7e-m/nofp\libg_nano.a(libc_a-msizer.o)
 .ARM.attributes
                0x0000099d       0x2e c:/msys64/mingw64/bin/../lib/gcc/arm-none-eabi/12.2.0/../../../../arm-none-eabi/lib/thumb/v7e-m/nofp\libnosys.a(close.o)
 .ARM.attributes
                0x000009cb       0x2e c:/msys64/mingw64/bin/../lib/gcc/arm-none-eabi/12.2.0/../../../../arm-none-eabi/lib/thumb/v7e-m/nofp\libnosys.a(fstat.o)
 .ARM.attributes
                0x000009f9       0x2e c:/msys64/mingw64/bin/../lib/gcc/arm-none-eabi/12.2.0/../../../../arm-none-eabi/lib/thumb/v7e-m/nofp\libnosys.a(getpid.o)
 .ARM.attributes
                0x00000a27       0x2e c:/msys64/mingw64/bin/../lib/gcc/arm-none-eabi/12.2.0/../../../../arm-none-eabi/lib/thumb/v7e-m/nofp\libnosys.a(isatty.o)
 .ARM.attributes
                0x00000a55       0x2e c:/msys64/mingw64/bin/../lib/gcc/arm-none-eabi/12.2.0/../../../../arm-none-eabi/lib/thumb/v7e-m/nofp\libnosys.a(kill.o)
 .ARM.attributes
                0x00000a83       0x2e c:/msys64/mingw64/bin/../lib/gcc/arm-none-eabi/12.2.0/../../../../arm-none-eabi/lib/thumb/v7e-m/nofp\libnosys.a(lseek.o)
 .ARM.attributes
                0x00000ab1       0x2e c:/msys64/mingw64/bin/../lib/gcc/arm-none-eabi/12.2.0/../../../../arm-none-eabi/lib/thumb/v7e-m/nofp\libnosys.a(read.o)
 .ARM.attributes
                0x00000adf       0x2e c:/msys64/mingw64/bin/../lib/gcc/arm-none-eabi/12.2.0/../../../../arm-none-eabi/lib/thumb/v7e-m/nofp\libnosys.a(write.o)
 .ARM.attributes
                0x00000b0d       0x2e c:/msys64/mingw64/bin/../lib/gcc/arm-none-eabi/12.2.0/../../../../arm-none-eabi/lib/thumb/v7e-m/nofp\libnosys.a(_exit.o)
 .ARM.attributes
                0x00000b3b       0x1e c:/msys64/mingw64/bin/../lib/gcc/arm-none-eabi/12.2.0/thumb/v7e-m/nofp/crtn.o
OUTPUT(simpleserial-target-CWLITEARM.elf elf32-littlearm)
LOAD linker stubs
LOAD c:/msys64/mingw64/bin/../lib/gcc/arm-none-eabi/12.2.0/../../../../arm-none-eabi/lib/thumb/v7e-m/nofp\libc.a
LOAD c:/msys64/mingw64/bin/../lib/gcc/arm-none-eabi/12.2.0/../../../../arm-none-eabi/lib/thumb/v7e-m/nofp\libm.a
LOAD c:/msys64/mingw64/bin/../lib/gcc/arm-none-eabi/12.2.0/thumb/v7e-m/nofp\libgcc.a

.debug_info     0x00000000    0x179b7
 .debug_info    0x00000000      0x4eb objdir/.//main.o
 .debug_info    0x000004eb      0xfba objdir/.//network.o
 .debug_info    0x000014a5      0x862 objdir/simpleserial.o
 .debug_info    0x00001d07      0xf4c objdir/stm32f3_hal.o
 .debug_info    0x00002c53     0x24de objdir/stm32f3_hal_lowlevel.o
 .debug_info    0x00005131      0x112 objdir/stm32f3_sysmem.o
 .debug_info    0x00005243       0xc0 c:/msys64/mingw64/bin/../lib/gcc/arm-none-eabi/12.2.0/thumb/v7e-m/nofp\libgcc.a(_arm_addsubdf3.o)
 .debug_info    0x00005303       0x52 c:/msys64/mingw64/bin/../lib/gcc/arm-none-eabi/12.2.0/thumb/v7e-m/nofp\libgcc.a(_arm_muldivdf3.o)
 .debug_info    0x00005355       0xc0 c:/msys64/mingw64/bin/../lib/gcc/arm-none-eabi/12.2.0/thumb/v7e-m/nofp\libgcc.a(_arm_cmpdf2.o)
 .debug_info    0x00005415       0x39 c:/msys64/mingw64/bin/../lib/gcc/arm-none-eabi/12.2.0/thumb/v7e-m/nofp\libgcc.a(_arm_unorddf2.o)
 .debug_info    0x0000544e       0x39 c:/msys64/mingw64/bin/../lib/gcc/arm-none-eabi/12.2.0/thumb/v7e-m/nofp\libgcc.a(_arm_fixdfsi.o)
 .debug_info    0x00005487       0x39 c:/msys64/mingw64/bin/../lib/gcc/arm-none-eabi/12.2.0/thumb/v7e-m/nofp\libgcc.a(_arm_fixunsdfsi.o)
 .debug_info    0x000054c0      0x794 c:/msys64/mingw64/bin/../lib/gcc/arm-none-eabi/12.2.0/../../../../arm-none-eabi/lib/thumb/v7e-m/nofp\libg_nano.a(libc_a-malloc.o)
 .debug_info    0x00005c54      0x9c1 c:/msys64/mingw64/bin/../lib/gcc/arm-none-eabi/12.2.0/../../../../arm-none-eabi/lib/thumb/v7e-m/nofp\libg_nano.a(libc_a-mallocr.o)
 .debug_info    0x00006615      0x76b c:/msys64/mingw64/bin/../lib/gcc/arm-none-eabi/12.2.0/../../../../arm-none-eabi/lib/thumb/v7e-m/nofp\libg_nano.a(libc_a-mlock.o)
 .debug_info    0x00006d80      0x85f c:/msys64/mingw64/bin/../lib/gcc/arm-none-eabi/12.2.0/../../../../arm-none-eabi/lib/thumb/v7e-m/nofp\libg_nano.a(libc_a-rand.o)
 .debug_info    0x000075df     0x10be c:/msys64/mingw64/bin/../lib/gcc/arm-none-eabi/12.2.0/../../../../arm-none-eabi/lib/thumb/v7e-m/nofp\libg_nano.a(libc_a-findfp.o)
 .debug_info    0x0000869d      0x7d2 c:/msys64/mingw64/bin/../lib/gcc/arm-none-eabi/12.2.0/../../../../arm-none-eabi/lib/thumb/v7e-m/nofp\libg_nano.a(libc_a-fwalk.o)
 .debug_info    0x00008e6f      0xa4e c:/msys64/mingw64/bin/../lib/gcc/arm-none-eabi/12.2.0/../../../../arm-none-eabi/lib/thumb/v7e-m/nofp\libg_nano.a(libc_a-stdio.o)
 .debug_info    0x000098bd      0x135 c:/msys64/mingw64/bin/../lib/gcc/arm-none-eabi/12.2.0/../../../../arm-none-eabi/lib/thumb/v7e-m/nofp\libg_nano.a(libc_a-memset.o)
 .debug_info    0x000099f2      0x756 c:/msys64/mingw64/bin/../lib/gcc/arm-none-eabi/12.2.0/../../../../arm-none-eabi/lib/thumb/v7e-m/nofp\libg_nano.a(libc_a-closer.o)
 .debug_info    0x0000a148      0x8a3 c:/msys64/mingw64/bin/../lib/gcc/arm-none-eabi/12.2.0/../../../../arm-none-eabi/lib/thumb/v7e-m/nofp\libg_nano.a(libc_a-reent.o)
 .debug_info    0x0000a9eb      0x715 c:/msys64/mingw64/bin/../lib/gcc/arm-none-eabi/12.2.0/../../../../arm-none-eabi/lib/thumb/v7e-m/nofp\libg_nano.a(libc_a-impure.o)
 .debug_info    0x0000b100      0x796 c:/msys64/mingw64/bin/../lib/gcc/arm-none-eabi/12.2.0/../../../../arm-none-eabi/lib/thumb/v7e-m/nofp\libg_nano.a(libc_a-lseekr.o)
 .debug_info    0x0000b896      0x7ad c:/msys64/mingw64/bin/../lib/gcc/arm-none-eabi/12.2.0/../../../../arm-none-eabi/lib/thumb/v7e-m/nofp\libg_nano.a(libc_a-readr.o)
 .debug_info    0x0000c043      0x77c c:/msys64/mingw64/bin/../lib/gcc/arm-none-eabi/12.2.0/../../../../arm-none-eabi/lib/thumb/v7e-m/nofp\libg_nano.a(libc_a-sbrkr.o)
 .debug_info    0x0000c7bf      0x7b3 c:/msys64/mingw64/bin/../lib/gcc/arm-none-eabi/12.2.0/../../../../arm-none-eabi/lib/thumb/v7e-m/nofp\libg_nano.a(libc_a-writer.o)
 .debug_info    0x0000cf72      0x6fb c:/msys64/mingw64/bin/../lib/gcc/arm-none-eabi/12.2.0/../../../../arm-none-eabi/lib/thumb/v7e-m/nofp\libg_nano.a(libc_a-errno.o)
 .debug_info    0x0000d66d      0x10b c:/msys64/mingw64/bin/../lib/gcc/arm-none-eabi/12.2.0/../../../../arm-none-eabi/lib/thumb/v7e-m/nofp\libg_nano.a(libc_a-init.o)
 .debug_info    0x0000d778      0x20a c:/msys64/mingw64/bin/../lib/gcc/arm-none-eabi/12.2.0/../../../../arm-none-eabi/lib/thumb/v7e-m/nofp\libg_nano.a(libc_a-lock.o)
 .debug_info    0x0000d982       0x33 c:/msys64/mingw64/bin/../lib/gcc/arm-none-eabi/12.2.0/../../../../arm-none-eabi/lib/thumb/v7e-m/nofp\libg_nano.a(libc_a-memcpy.o)
 .debug_info    0x0000d9b5      0x81d c:/msys64/mingw64/bin/../lib/gcc/arm-none-eabi/12.2.0/../../../../arm-none-eabi/lib/thumb/v7e-m/nofp\libg_nano.a(libc_a-assert.o)
 .debug_info    0x0000e1d2      0x877 c:/msys64/mingw64/bin/../lib/gcc/arm-none-eabi/12.2.0/../../../../arm-none-eabi/lib/thumb/v7e-m/nofp\libg_nano.a(libc_a-freer.o)
 .debug_info    0x0000ea49      0x9ec c:/msys64/mingw64/bin/../lib/gcc/arm-none-eabi/12.2.0/../../../../arm-none-eabi/lib/thumb/v7e-m/nofp\libg_nano.a(libc_a-fflush.o)
 .debug_info    0x0000f435      0x855 c:/msys64/mingw64/bin/../lib/gcc/arm-none-eabi/12.2.0/../../../../arm-none-eabi/lib/thumb/v7e-m/nofp\libg_nano.a(libc_a-fprintf.o)
 .debug_info    0x0000fc8a       0xd8 c:/msys64/mingw64/bin/../lib/gcc/arm-none-eabi/12.2.0/../../../../arm-none-eabi/lib/thumb/v7e-m/nofp\libg_nano.a(libc_a-abort.o)
 .debug_info    0x0000fd62     0x10cb c:/msys64/mingw64/bin/../lib/gcc/arm-none-eabi/12.2.0/../../../../arm-none-eabi/lib/thumb/v7e-m/nofp\libg_nano.a(libc_a-nano-vfprintf.o)
 .debug_info    0x00010e2d      0xde1 c:/msys64/mingw64/bin/../lib/gcc/arm-none-eabi/12.2.0/../../../../arm-none-eabi/lib/thumb/v7e-m/nofp\libg_nano.a(libc_a-nano-vfprintf_i.o)
 .debug_info    0x00011c0e      0xaf8 c:/msys64/mingw64/bin/../lib/gcc/arm-none-eabi/12.2.0/../../../../arm-none-eabi/lib/thumb/v7e-m/nofp\libg_nano.a(libc_a-fvwrite.o)
 .debug_info    0x00012706      0x861 c:/msys64/mingw64/bin/../lib/gcc/arm-none-eabi/12.2.0/../../../../arm-none-eabi/lib/thumb/v7e-m/nofp\libg_nano.a(libc_a-wbuf.o)
 .debug_info    0x00012f67      0x7bb c:/msys64/mingw64/bin/../lib/gcc/arm-none-eabi/12.2.0/../../../../arm-none-eabi/lib/thumb/v7e-m/nofp\libg_nano.a(libc_a-wsetup.o)
 .debug_info    0x00013722      0x148 c:/msys64/mingw64/bin/../lib/gcc/arm-none-eabi/12.2.0/../../../../arm-none-eabi/lib/thumb/v7e-m/nofp\libg_nano.a(libc_a-memmove.o)
 .debug_info    0x0001386a      0xc31 c:/msys64/mingw64/bin/../lib/gcc/arm-none-eabi/12.2.0/../../../../arm-none-eabi/lib/thumb/v7e-m/nofp\libg_nano.a(libc_a-signal.o)
 .debug_info    0x0001449b      0x7dd c:/msys64/mingw64/bin/../lib/gcc/arm-none-eabi/12.2.0/../../../../arm-none-eabi/lib/thumb/v7e-m/nofp\libg_nano.a(libc_a-signalr.o)
 .debug_info    0x00014c78       0x25 c:/msys64/mingw64/bin/../lib/gcc/arm-none-eabi/12.2.0/../../../../arm-none-eabi/lib/thumb/v7e-m/nofp\libg_nano.a(libc_a-memchr.o)
 .debug_info    0x00014c9d      0x8d1 c:/msys64/mingw64/bin/../lib/gcc/arm-none-eabi/12.2.0/../../../../arm-none-eabi/lib/thumb/v7e-m/nofp\libg_nano.a(libc_a-reallocr.o)
 .debug_info    0x0001556e      0xbea c:/msys64/mingw64/bin/../lib/gcc/arm-none-eabi/12.2.0/../../../../arm-none-eabi/lib/thumb/v7e-m/nofp\libg_nano.a(libc_a-makebuf.o)
 .debug_info    0x00016158      0x975 c:/msys64/mingw64/bin/../lib/gcc/arm-none-eabi/12.2.0/../../../../arm-none-eabi/lib/thumb/v7e-m/nofp\libg_nano.a(libc_a-fstatr.o)
 .debug_info    0x00016acd      0x756 c:/msys64/mingw64/bin/../lib/gcc/arm-none-eabi/12.2.0/../../../../arm-none-eabi/lib/thumb/v7e-m/nofp\libg_nano.a(libc_a-isattyr.o)
 .debug_info    0x00017223      0x794 c:/msys64/mingw64/bin/../lib/gcc/arm-none-eabi/12.2.0/../../../../arm-none-eabi/lib/thumb/v7e-m/nofp\libg_nano.a(libc_a-msizer.o)

.debug_abbrev   0x00000000     0x5510
 .debug_abbrev  0x00000000      0x1d0 objdir/.//main.o
 .debug_abbrev  0x000001d0      0x350 objdir/.//network.o
 .debug_abbrev  0x00000520      0x263 objdir/simpleserial.o
 .debug_abbrev  0x00000783      0x257 objdir/stm32f3_hal.o
 .debug_abbrev  0x000009da      0x478 objdir/stm32f3_hal_lowlevel.o
 .debug_abbrev  0x00000e52       0xd3 objdir/stm32f3_sysmem.o
 .debug_abbrev  0x00000f25       0x21 c:/msys64/mingw64/bin/../lib/gcc/arm-none-eabi/12.2.0/thumb/v7e-m/nofp\libgcc.a(_arm_addsubdf3.o)
 .debug_abbrev  0x00000f46       0x21 c:/msys64/mingw64/bin/../lib/gcc/arm-none-eabi/12.2.0/thumb/v7e-m/nofp\libgcc.a(_arm_muldivdf3.o)
 .debug_abbrev  0x00000f67       0x21 c:/msys64/mingw64/bin/../lib/gcc/arm-none-eabi/12.2.0/thumb/v7e-m/nofp\libgcc.a(_arm_cmpdf2.o)
 .debug_abbrev  0x00000f88       0x21 c:/msys64/mingw64/bin/../lib/gcc/arm-none-eabi/12.2.0/thumb/v7e-m/nofp\libgcc.a(_arm_unorddf2.o)
 .debug_abbrev  0x00000fa9       0x21 c:/msys64/mingw64/bin/../lib/gcc/arm-none-eabi/12.2.0/thumb/v7e-m/nofp\libgcc.a(_arm_fixdfsi.o)
 .debug_abbrev  0x00000fca       0x21 c:/msys64/mingw64/bin/../lib/gcc/arm-none-eabi/12.2.0/thumb/v7e-m/nofp\libgcc.a(_arm_fixunsdfsi.o)
 .debug_abbrev  0x00000feb      0x1cf c:/msys64/mingw64/bin/../lib/gcc/arm-none-eabi/12.2.0/../../../../arm-none-eabi/lib/thumb/v7e-m/nofp\libg_nano.a(libc_a-malloc.o)
 .debug_abbrev  0x000011ba      0x24a c:/msys64/mingw64/bin/../lib/gcc/arm-none-eabi/12.2.0/../../../../arm-none-eabi/lib/thumb/v7e-m/nofp\libg_nano.a(libc_a-mallocr.o)
 .debug_abbrev  0x00001404      0x1bf c:/msys64/mingw64/bin/../lib/gcc/arm-none-eabi/12.2.0/../../../../arm-none-eabi/lib/thumb/v7e-m/nofp\libg_nano.a(libc_a-mlock.o)
 .debug_abbrev  0x000015c3      0x217 c:/msys64/mingw64/bin/../lib/gcc/arm-none-eabi/12.2.0/../../../../arm-none-eabi/lib/thumb/v7e-m/nofp\libg_nano.a(libc_a-rand.o)
 .debug_abbrev  0x000017da      0x446 c:/msys64/mingw64/bin/../lib/gcc/arm-none-eabi/12.2.0/../../../../arm-none-eabi/lib/thumb/v7e-m/nofp\libg_nano.a(libc_a-findfp.o)
 .debug_abbrev  0x00001c20      0x19b c:/msys64/mingw64/bin/../lib/gcc/arm-none-eabi/12.2.0/../../../../arm-none-eabi/lib/thumb/v7e-m/nofp\libg_nano.a(libc_a-fwalk.o)
 .debug_abbrev  0x00001dbb      0x224 c:/msys64/mingw64/bin/../lib/gcc/arm-none-eabi/12.2.0/../../../../arm-none-eabi/lib/thumb/v7e-m/nofp\libg_nano.a(libc_a-stdio.o)
 .debug_abbrev  0x00001fdf       0xb7 c:/msys64/mingw64/bin/../lib/gcc/arm-none-eabi/12.2.0/../../../../arm-none-eabi/lib/thumb/v7e-m/nofp\libg_nano.a(libc_a-memset.o)
 .debug_abbrev  0x00002096      0x1b0 c:/msys64/mingw64/bin/../lib/gcc/arm-none-eabi/12.2.0/../../../../arm-none-eabi/lib/thumb/v7e-m/nofp\libg_nano.a(libc_a-closer.o)
 .debug_abbrev  0x00002246      0x1ee c:/msys64/mingw64/bin/../lib/gcc/arm-none-eabi/12.2.0/../../../../arm-none-eabi/lib/thumb/v7e-m/nofp\libg_nano.a(libc_a-reent.o)
 .debug_abbrev  0x00002434      0x149 c:/msys64/mingw64/bin/../lib/gcc/arm-none-eabi/12.2.0/../../../../arm-none-eabi/lib/thumb/v7e-m/nofp\libg_nano.a(libc_a-impure.o)
 .debug_abbrev  0x0000257d      0x1c4 c:/msys64/mingw64/bin/../lib/gcc/arm-none-eabi/12.2.0/../../../../arm-none-eabi/lib/thumb/v7e-m/nofp\libg_nano.a(libc_a-lseekr.o)
 .debug_abbrev  0x00002741      0x1b0 c:/msys64/mingw64/bin/../lib/gcc/arm-none-eabi/12.2.0/../../../../arm-none-eabi/lib/thumb/v7e-m/nofp\libg_nano.a(libc_a-readr.o)
 .debug_abbrev  0x000028f1      0x1da c:/msys64/mingw64/bin/../lib/gcc/arm-none-eabi/12.2.0/../../../../arm-none-eabi/lib/thumb/v7e-m/nofp\libg_nano.a(libc_a-sbrkr.o)
 .debug_abbrev  0x00002acb      0x1b5 c:/msys64/mingw64/bin/../lib/gcc/arm-none-eabi/12.2.0/../../../../arm-none-eabi/lib/thumb/v7e-m/nofp\libg_nano.a(libc_a-writer.o)
 .debug_abbrev  0x00002c80      0x15e c:/msys64/mingw64/bin/../lib/gcc/arm-none-eabi/12.2.0/../../../../arm-none-eabi/lib/thumb/v7e-m/nofp\libg_nano.a(libc_a-errno.o)
 .debug_abbrev  0x00002dde       0xc9 c:/msys64/mingw64/bin/../lib/gcc/arm-none-eabi/12.2.0/../../../../arm-none-eabi/lib/thumb/v7e-m/nofp\libg_nano.a(libc_a-init.o)
 .debug_abbrev  0x00002ea7      0x115 c:/msys64/mingw64/bin/../lib/gcc/arm-none-eabi/12.2.0/../../../../arm-none-eabi/lib/thumb/v7e-m/nofp\libg_nano.a(libc_a-lock.o)
 .debug_abbrev  0x00002fbc       0x28 c:/msys64/mingw64/bin/../lib/gcc/arm-none-eabi/12.2.0/../../../../arm-none-eabi/lib/thumb/v7e-m/nofp\libg_nano.a(libc_a-memcpy.o)
 .debug_abbrev  0x00002fe4      0x1ea c:/msys64/mingw64/bin/../lib/gcc/arm-none-eabi/12.2.0/../../../../arm-none-eabi/lib/thumb/v7e-m/nofp\libg_nano.a(libc_a-assert.o)
 .debug_abbrev  0x000031ce      0x249 c:/msys64/mingw64/bin/../lib/gcc/arm-none-eabi/12.2.0/../../../../arm-none-eabi/lib/thumb/v7e-m/nofp\libg_nano.a(libc_a-freer.o)
 .debug_abbrev  0x00003417      0x2a6 c:/msys64/mingw64/bin/../lib/gcc/arm-none-eabi/12.2.0/../../../../arm-none-eabi/lib/thumb/v7e-m/nofp\libg_nano.a(libc_a-fflush.o)
 .debug_abbrev  0x000036bd      0x21d c:/msys64/mingw64/bin/../lib/gcc/arm-none-eabi/12.2.0/../../../../arm-none-eabi/lib/thumb/v7e-m/nofp\libg_nano.a(libc_a-fprintf.o)
 .debug_abbrev  0x000038da       0x99 c:/msys64/mingw64/bin/../lib/gcc/arm-none-eabi/12.2.0/../../../../arm-none-eabi/lib/thumb/v7e-m/nofp\libg_nano.a(libc_a-abort.o)
 .debug_abbrev  0x00003973      0x377 c:/msys64/mingw64/bin/../lib/gcc/arm-none-eabi/12.2.0/../../../../arm-none-eabi/lib/thumb/v7e-m/nofp\libg_nano.a(libc_a-nano-vfprintf.o)
 .debug_abbrev  0x00003cea      0x28d c:/msys64/mingw64/bin/../lib/gcc/arm-none-eabi/12.2.0/../../../../arm-none-eabi/lib/thumb/v7e-m/nofp\libg_nano.a(libc_a-nano-vfprintf_i.o)
 .debug_abbrev  0x00003f77      0x224 c:/msys64/mingw64/bin/../lib/gcc/arm-none-eabi/12.2.0/../../../../arm-none-eabi/lib/thumb/v7e-m/nofp\libg_nano.a(libc_a-fvwrite.o)
 .debug_abbrev  0x0000419b      0x236 c:/msys64/mingw64/bin/../lib/gcc/arm-none-eabi/12.2.0/../../../../arm-none-eabi/lib/thumb/v7e-m/nofp\libg_nano.a(libc_a-wbuf.o)
 .debug_abbrev  0x000043d1      0x1e2 c:/msys64/mingw64/bin/../lib/gcc/arm-none-eabi/12.2.0/../../../../arm-none-eabi/lib/thumb/v7e-m/nofp\libg_nano.a(libc_a-wsetup.o)
 .debug_abbrev  0x000045b3       0xc3 c:/msys64/mingw64/bin/../lib/gcc/arm-none-eabi/12.2.0/../../../../arm-none-eabi/lib/thumb/v7e-m/nofp\libg_nano.a(libc_a-memmove.o)
 .debug_abbrev  0x00004676      0x2d7 c:/msys64/mingw64/bin/../lib/gcc/arm-none-eabi/12.2.0/../../../../arm-none-eabi/lib/thumb/v7e-m/nofp\libg_nano.a(libc_a-signal.o)
 .debug_abbrev  0x0000494d      0x1fd c:/msys64/mingw64/bin/../lib/gcc/arm-none-eabi/12.2.0/../../../../arm-none-eabi/lib/thumb/v7e-m/nofp\libg_nano.a(libc_a-signalr.o)
 .debug_abbrev  0x00004b4a       0x14 c:/msys64/mingw64/bin/../lib/gcc/arm-none-eabi/12.2.0/../../../../arm-none-eabi/lib/thumb/v7e-m/nofp\libg_nano.a(libc_a-memchr.o)
 .debug_abbrev  0x00004b5e      0x20c c:/msys64/mingw64/bin/../lib/gcc/arm-none-eabi/12.2.0/../../../../arm-none-eabi/lib/thumb/v7e-m/nofp\libg_nano.a(libc_a-reallocr.o)
 .debug_abbrev  0x00004d6a      0x29d c:/msys64/mingw64/bin/../lib/gcc/arm-none-eabi/12.2.0/../../../../arm-none-eabi/lib/thumb/v7e-m/nofp\libg_nano.a(libc_a-makebuf.o)
 .debug_abbrev  0x00005007      0x1c3 c:/msys64/mingw64/bin/../lib/gcc/arm-none-eabi/12.2.0/../../../../arm-none-eabi/lib/thumb/v7e-m/nofp\libg_nano.a(libc_a-fstatr.o)
 .debug_abbrev  0x000051ca      0x1b0 c:/msys64/mingw64/bin/../lib/gcc/arm-none-eabi/12.2.0/../../../../arm-none-eabi/lib/thumb/v7e-m/nofp\libg_nano.a(libc_a-isattyr.o)
 .debug_abbrev  0x0000537a      0x196 c:/msys64/mingw64/bin/../lib/gcc/arm-none-eabi/12.2.0/../../../../arm-none-eabi/lib/thumb/v7e-m/nofp\libg_nano.a(libc_a-msizer.o)

.debug_loc      0x00000000     0x3593
 .debug_loc     0x00000000      0x174 objdir/.//main.o
 .debug_loc     0x00000174     0x11f5 objdir/.//network.o
 .debug_loc     0x00001369      0x8fa objdir/simpleserial.o
 .debug_loc     0x00001c63      0x1a4 objdir/stm32f3_hal.o
 .debug_loc     0x00001e07     0x1718 objdir/stm32f3_hal_lowlevel.o
 .debug_loc     0x0000351f       0x74 objdir/stm32f3_sysmem.o

.debug_aranges  0x00000000      0x7d8
 .debug_aranges
                0x00000000       0x28 objdir/.//main.o
 .debug_aranges
                0x00000028       0x98 objdir/.//network.o
 .debug_aranges
                0x000000c0       0x80 objdir/simpleserial.o
 .debug_aranges
                0x00000140       0x60 objdir/stm32f3_hal.o
 .debug_aranges
                0x000001a0       0xa0 objdir/stm32f3_hal_lowlevel.o
 .debug_aranges
                0x00000240       0x20 objdir/stm32f3_sysmem.o
 .debug_aranges
                0x00000260       0x20 c:/msys64/mingw64/bin/../lib/gcc/arm-none-eabi/12.2.0/thumb/v7e-m/nofp\libgcc.a(_arm_addsubdf3.o)
 .debug_aranges
                0x00000280       0x20 c:/msys64/mingw64/bin/../lib/gcc/arm-none-eabi/12.2.0/thumb/v7e-m/nofp\libgcc.a(_arm_muldivdf3.o)
 .debug_aranges
                0x000002a0       0x20 c:/msys64/mingw64/bin/../lib/gcc/arm-none-eabi/12.2.0/thumb/v7e-m/nofp\libgcc.a(_arm_cmpdf2.o)
 .debug_aranges
                0x000002c0       0x20 c:/msys64/mingw64/bin/../lib/gcc/arm-none-eabi/12.2.0/thumb/v7e-m/nofp\libgcc.a(_arm_unorddf2.o)
 .debug_aranges
                0x000002e0       0x20 c:/msys64/mingw64/bin/../lib/gcc/arm-none-eabi/12.2.0/thumb/v7e-m/nofp\libgcc.a(_arm_fixdfsi.o)
 .debug_aranges
                0x00000300       0x20 c:/msys64/mingw64/bin/../lib/gcc/arm-none-eabi/12.2.0/thumb/v7e-m/nofp\libgcc.a(_arm_fixunsdfsi.o)
 .debug_aranges
                0x00000320       0x20 c:/msys64/mingw64/bin/../lib/gcc/arm-none-eabi/12.2.0/../../../../arm-none-eabi/lib/thumb/v7e-m/nofp\libg_nano.a(libc_a-malloc.o)
 .debug_aranges
                0x00000340       0x20 c:/msys64/mingw64/bin/../lib/gcc/arm-none-eabi/12.2.0/../../../../arm-none-eabi/lib/thumb/v7e-m/nofp\libg_nano.a(libc_a-mallocr.o)
 .debug_aranges
                0x00000360       0x20 c:/msys64/mingw64/bin/../lib/gcc/arm-none-eabi/12.2.0/../../../../arm-none-eabi/lib/thumb/v7e-m/nofp\libg_nano.a(libc_a-mlock.o)
 .debug_aranges
                0x00000380       0x20 c:/msys64/mingw64/bin/../lib/gcc/arm-none-eabi/12.2.0/../../../../arm-none-eabi/lib/thumb/v7e-m/nofp\libg_nano.a(libc_a-rand.o)
 .debug_aranges
                0x000003a0       0x20 c:/msys64/mingw64/bin/../lib/gcc/arm-none-eabi/12.2.0/../../../../arm-none-eabi/lib/thumb/v7e-m/nofp\libg_nano.a(libc_a-findfp.o)
 .debug_aranges
                0x000003c0       0x20 c:/msys64/mingw64/bin/../lib/gcc/arm-none-eabi/12.2.0/../../../../arm-none-eabi/lib/thumb/v7e-m/nofp\libg_nano.a(libc_a-fwalk.o)
 .debug_aranges
                0x000003e0       0x20 c:/msys64/mingw64/bin/../lib/gcc/arm-none-eabi/12.2.0/../../../../arm-none-eabi/lib/thumb/v7e-m/nofp\libg_nano.a(libc_a-stdio.o)
 .debug_aranges
                0x00000400       0x20 c:/msys64/mingw64/bin/../lib/gcc/arm-none-eabi/12.2.0/../../../../arm-none-eabi/lib/thumb/v7e-m/nofp\libg_nano.a(libc_a-memset.o)
 .debug_aranges
                0x00000420       0x20 c:/msys64/mingw64/bin/../lib/gcc/arm-none-eabi/12.2.0/../../../../arm-none-eabi/lib/thumb/v7e-m/nofp\libg_nano.a(libc_a-closer.o)
 .debug_aranges
                0x00000440       0x20 c:/msys64/mingw64/bin/../lib/gcc/arm-none-eabi/12.2.0/../../../../arm-none-eabi/lib/thumb/v7e-m/nofp\libg_nano.a(libc_a-reent.o)
 .debug_aranges
                0x00000460       0x18 c:/msys64/mingw64/bin/../lib/gcc/arm-none-eabi/12.2.0/../../../../arm-none-eabi/lib/thumb/v7e-m/nofp\libg_nano.a(libc_a-impure.o)
 .debug_aranges
                0x00000478       0x20 c:/msys64/mingw64/bin/../lib/gcc/arm-none-eabi/12.2.0/../../../../arm-none-eabi/lib/thumb/v7e-m/nofp\libg_nano.a(libc_a-lseekr.o)
 .debug_aranges
                0x00000498       0x20 c:/msys64/mingw64/bin/../lib/gcc/arm-none-eabi/12.2.0/../../../../arm-none-eabi/lib/thumb/v7e-m/nofp\libg_nano.a(libc_a-readr.o)
 .debug_aranges
                0x000004b8       0x20 c:/msys64/mingw64/bin/../lib/gcc/arm-none-eabi/12.2.0/../../../../arm-none-eabi/lib/thumb/v7e-m/nofp\libg_nano.a(libc_a-sbrkr.o)
 .debug_aranges
                0x000004d8       0x20 c:/msys64/mingw64/bin/../lib/gcc/arm-none-eabi/12.2.0/../../../../arm-none-eabi/lib/thumb/v7e-m/nofp\libg_nano.a(libc_a-writer.o)
 .debug_aranges
                0x000004f8       0x20 c:/msys64/mingw64/bin/../lib/gcc/arm-none-eabi/12.2.0/../../../../arm-none-eabi/lib/thumb/v7e-m/nofp\libg_nano.a(libc_a-errno.o)
 .debug_aranges
                0x00000518       0x20 c:/msys64/mingw64/bin/../lib/gcc/arm-none-eabi/12.2.0/../../../../arm-none-eabi/lib/thumb/v7e-m/nofp\libg_nano.a(libc_a-init.o)
 .debug_aranges
                0x00000538       0x20 c:/msys64/mingw64/bin/../lib/gcc/arm-none-eabi/12.2.0/../../../../arm-none-eabi/lib/thumb/v7e-m/nofp\libg_nano.a(libc_a-lock.o)
 .debug_aranges
                0x00000558       0x20 c:/msys64/mingw64/bin/../lib/gcc/arm-none-eabi/12.2.0/../../../../arm-none-eabi/lib/thumb/v7e-m/nofp\libg_nano.a(libc_a-memcpy.o)
 .debug_aranges
                0x00000578       0x20 c:/msys64/mingw64/bin/../lib/gcc/arm-none-eabi/12.2.0/../../../../arm-none-eabi/lib/thumb/v7e-m/nofp\libg_nano.a(libc_a-assert.o)
 .debug_aranges
                0x00000598       0x20 c:/msys64/mingw64/bin/../lib/gcc/arm-none-eabi/12.2.0/../../../../arm-none-eabi/lib/thumb/v7e-m/nofp\libg_nano.a(libc_a-freer.o)
 .debug_aranges
                0x000005b8       0x20 c:/msys64/mingw64/bin/../lib/gcc/arm-none-eabi/12.2.0/../../../../arm-none-eabi/lib/thumb/v7e-m/nofp\libg_nano.a(libc_a-fflush.o)
 .debug_aranges
                0x000005d8       0x20 c:/msys64/mingw64/bin/../lib/gcc/arm-none-eabi/12.2.0/../../../../arm-none-eabi/lib/thumb/v7e-m/nofp\libg_nano.a(libc_a-fprintf.o)
 .debug_aranges
                0x000005f8       0x20 c:/msys64/mingw64/bin/../lib/gcc/arm-none-eabi/12.2.0/../../../../arm-none-eabi/lib/thumb/v7e-m/nofp\libg_nano.a(libc_a-abort.o)
 .debug_aranges
                0x00000618       0x20 c:/msys64/mingw64/bin/../lib/gcc/arm-none-eabi/12.2.0/../../../../arm-none-eabi/lib/thumb/v7e-m/nofp\libg_nano.a(libc_a-nano-vfprintf.o)
 .debug_aranges
                0x00000638       0x20 c:/msys64/mingw64/bin/../lib/gcc/arm-none-eabi/12.2.0/../../../../arm-none-eabi/lib/thumb/v7e-m/nofp\libg_nano.a(libc_a-nano-vfprintf_i.o)
 .debug_aranges
                0x00000658       0x20 c:/msys64/mingw64/bin/../lib/gcc/arm-none-eabi/12.2.0/../../../../arm-none-eabi/lib/thumb/v7e-m/nofp\libg_nano.a(libc_a-fvwrite.o)
 .debug_aranges
                0x00000678       0x20 c:/msys64/mingw64/bin/../lib/gcc/arm-none-eabi/12.2.0/../../../../arm-none-eabi/lib/thumb/v7e-m/nofp\libg_nano.a(libc_a-wbuf.o)
 .debug_aranges
                0x00000698       0x20 c:/msys64/mingw64/bin/../lib/gcc/arm-none-eabi/12.2.0/../../../../arm-none-eabi/lib/thumb/v7e-m/nofp\libg_nano.a(libc_a-wsetup.o)
 .debug_aranges
                0x000006b8       0x20 c:/msys64/mingw64/bin/../lib/gcc/arm-none-eabi/12.2.0/../../../../arm-none-eabi/lib/thumb/v7e-m/nofp\libg_nano.a(libc_a-memmove.o)
 .debug_aranges
                0x000006d8       0x20 c:/msys64/mingw64/bin/../lib/gcc/arm-none-eabi/12.2.0/../../../../arm-none-eabi/lib/thumb/v7e-m/nofp\libg_nano.a(libc_a-signal.o)
 .debug_aranges
                0x000006f8       0x20 c:/msys64/mingw64/bin/../lib/gcc/arm-none-eabi/12.2.0/../../../../arm-none-eabi/lib/thumb/v7e-m/nofp\libg_nano.a(libc_a-signalr.o)
 .debug_aranges
                0x00000718       0x20 c:/msys64/mingw64/bin/../lib/gcc/arm-none-eabi/12.2.0/../../../../arm-none-eabi/lib/thumb/v7e-m/nofp\libg_nano.a(libc_a-memchr.o)
 .debug_aranges
                0x00000738       0x20 c:/msys64/mingw64/bin/../lib/gcc/arm-none-eabi/12.2.0/../../../../arm-none-eabi/lib/thumb/v7e-m/nofp\libg_nano.a(libc_a-reallocr.o)
 .debug_aranges
                0x00000758       0x20 c:/msys64/mingw64/bin/../lib/gcc/arm-none-eabi/12.2.0/../../../../arm-none-eabi/lib/thumb/v7e-m/nofp\libg_nano.a(libc_a-makebuf.o)
 .debug_aranges
                0x00000778       0x20 c:/msys64/mingw64/bin/../lib/gcc/arm-none-eabi/12.2.0/../../../../arm-none-eabi/lib/thumb/v7e-m/nofp\libg_nano.a(libc_a-fstatr.o)
 .debug_aranges
                0x00000798       0x20 c:/msys64/mingw64/bin/../lib/gcc/arm-none-eabi/12.2.0/../../../../arm-none-eabi/lib/thumb/v7e-m/nofp\libg_nano.a(libc_a-isattyr.o)
 .debug_aranges
                0x000007b8       0x20 c:/msys64/mingw64/bin/../lib/gcc/arm-none-eabi/12.2.0/../../../../arm-none-eabi/lib/thumb/v7e-m/nofp\libg_nano.a(libc_a-msizer.o)

.debug_ranges   0x00000000      0x620
 .debug_ranges  0x00000000       0x30 objdir/.//main.o
 .debug_ranges  0x00000030      0x220 objdir/.//network.o
 .debug_ranges  0x00000250      0x100 objdir/simpleserial.o
 .debug_ranges  0x00000350       0xb0 objdir/stm32f3_hal.o
 .debug_ranges  0x00000400      0x210 objdir/stm32f3_hal_lowlevel.o
 .debug_ranges  0x00000610       0x10 objdir/stm32f3_sysmem.o

.debug_line     0x00000000     0x9805
 .debug_line    0x00000000      0x236 objdir/.//main.o
 .debug_line    0x00000236      0xf5f objdir/.//network.o
 .debug_line    0x00001195      0x651 objdir/simpleserial.o
 .debug_line    0x000017e6      0x3ca objdir/stm32f3_hal.o
 .debug_line    0x00001bb0     0x1754 objdir/stm32f3_hal_lowlevel.o
 .debug_line    0x00003304       0xfd objdir/stm32f3_sysmem.o
 .debug_line    0x00003401      0x16f c:/msys64/mingw64/bin/../lib/gcc/arm-none-eabi/12.2.0/thumb/v7e-m/nofp\libgcc.a(_arm_addsubdf3.o)
 .debug_line    0x00003570      0x184 c:/msys64/mingw64/bin/../lib/gcc/arm-none-eabi/12.2.0/thumb/v7e-m/nofp\libgcc.a(_arm_muldivdf3.o)
 .debug_line    0x000036f4       0xa6 c:/msys64/mingw64/bin/../lib/gcc/arm-none-eabi/12.2.0/thumb/v7e-m/nofp\libgcc.a(_arm_cmpdf2.o)
 .debug_line    0x0000379a       0x57 c:/msys64/mingw64/bin/../lib/gcc/arm-none-eabi/12.2.0/thumb/v7e-m/nofp\libgcc.a(_arm_unorddf2.o)
 .debug_line    0x000037f1       0x62 c:/msys64/mingw64/bin/../lib/gcc/arm-none-eabi/12.2.0/thumb/v7e-m/nofp\libgcc.a(_arm_fixdfsi.o)
 .debug_line    0x00003853       0x5e c:/msys64/mingw64/bin/../lib/gcc/arm-none-eabi/12.2.0/thumb/v7e-m/nofp\libgcc.a(_arm_fixunsdfsi.o)
 .debug_line    0x000038b1      0x175 c:/msys64/mingw64/bin/../lib/gcc/arm-none-eabi/12.2.0/../../../../arm-none-eabi/lib/thumb/v7e-m/nofp\libg_nano.a(libc_a-malloc.o)
 .debug_line    0x00003a26      0x42a c:/msys64/mingw64/bin/../lib/gcc/arm-none-eabi/12.2.0/../../../../arm-none-eabi/lib/thumb/v7e-m/nofp\libg_nano.a(libc_a-mallocr.o)
 .debug_line    0x00003e50      0x162 c:/msys64/mingw64/bin/../lib/gcc/arm-none-eabi/12.2.0/../../../../arm-none-eabi/lib/thumb/v7e-m/nofp\libg_nano.a(libc_a-mlock.o)
 .debug_line    0x00003fb2      0x2a2 c:/msys64/mingw64/bin/../lib/gcc/arm-none-eabi/12.2.0/../../../../arm-none-eabi/lib/thumb/v7e-m/nofp\libg_nano.a(libc_a-rand.o)
 .debug_line    0x00004254      0x63e c:/msys64/mingw64/bin/../lib/gcc/arm-none-eabi/12.2.0/../../../../arm-none-eabi/lib/thumb/v7e-m/nofp\libg_nano.a(libc_a-findfp.o)
 .debug_line    0x00004892      0x1d4 c:/msys64/mingw64/bin/../lib/gcc/arm-none-eabi/12.2.0/../../../../arm-none-eabi/lib/thumb/v7e-m/nofp\libg_nano.a(libc_a-fwalk.o)
 .debug_line    0x00004a66      0x235 c:/msys64/mingw64/bin/../lib/gcc/arm-none-eabi/12.2.0/../../../../arm-none-eabi/lib/thumb/v7e-m/nofp\libg_nano.a(libc_a-stdio.o)
 .debug_line    0x00004c9b      0x1cd c:/msys64/mingw64/bin/../lib/gcc/arm-none-eabi/12.2.0/../../../../arm-none-eabi/lib/thumb/v7e-m/nofp\libg_nano.a(libc_a-memset.o)
 .debug_line    0x00004e68      0x199 c:/msys64/mingw64/bin/../lib/gcc/arm-none-eabi/12.2.0/../../../../arm-none-eabi/lib/thumb/v7e-m/nofp\libg_nano.a(libc_a-closer.o)
 .debug_line    0x00005001      0x285 c:/msys64/mingw64/bin/../lib/gcc/arm-none-eabi/12.2.0/../../../../arm-none-eabi/lib/thumb/v7e-m/nofp\libg_nano.a(libc_a-reent.o)
 .debug_line    0x00005286       0xfb c:/msys64/mingw64/bin/../lib/gcc/arm-none-eabi/12.2.0/../../../../arm-none-eabi/lib/thumb/v7e-m/nofp\libg_nano.a(libc_a-impure.o)
 .debug_line    0x00005381      0x19f c:/msys64/mingw64/bin/../lib/gcc/arm-none-eabi/12.2.0/../../../../arm-none-eabi/lib/thumb/v7e-m/nofp\libg_nano.a(libc_a-lseekr.o)
 .debug_line    0x00005520      0x19e c:/msys64/mingw64/bin/../lib/gcc/arm-none-eabi/12.2.0/../../../../arm-none-eabi/lib/thumb/v7e-m/nofp\libg_nano.a(libc_a-readr.o)
 .debug_line    0x000056be      0x199 c:/msys64/mingw64/bin/../lib/gcc/arm-none-eabi/12.2.0/../../../../arm-none-eabi/lib/thumb/v7e-m/nofp\libg_nano.a(libc_a-sbrkr.o)
 .debug_line    0x00005857      0x19f c:/msys64/mingw64/bin/../lib/gcc/arm-none-eabi/12.2.0/../../../../arm-none-eabi/lib/thumb/v7e-m/nofp\libg_nano.a(libc_a-writer.o)
 .debug_line    0x000059f6      0x120 c:/msys64/mingw64/bin/../lib/gcc/arm-none-eabi/12.2.0/../../../../arm-none-eabi/lib/thumb/v7e-m/nofp\libg_nano.a(libc_a-errno.o)
 .debug_line    0x00005b16      0x144 c:/msys64/mingw64/bin/../lib/gcc/arm-none-eabi/12.2.0/../../../../arm-none-eabi/lib/thumb/v7e-m/nofp\libg_nano.a(libc_a-init.o)
 .debug_line    0x00005c5a       0xd7 c:/msys64/mingw64/bin/../lib/gcc/arm-none-eabi/12.2.0/../../../../arm-none-eabi/lib/thumb/v7e-m/nofp\libg_nano.a(libc_a-lock.o)
 .debug_line    0x00005d31       0xb9 c:/msys64/mingw64/bin/../lib/gcc/arm-none-eabi/12.2.0/../../../../arm-none-eabi/lib/thumb/v7e-m/nofp\libg_nano.a(libc_a-memcpy.o)
 .debug_line    0x00005dea      0x1aa c:/msys64/mingw64/bin/../lib/gcc/arm-none-eabi/12.2.0/../../../../arm-none-eabi/lib/thumb/v7e-m/nofp\libg_nano.a(libc_a-assert.o)
 .debug_line    0x00005f94      0x2d5 c:/msys64/mingw64/bin/../lib/gcc/arm-none-eabi/12.2.0/../../../../arm-none-eabi/lib/thumb/v7e-m/nofp\libg_nano.a(libc_a-freer.o)
 .debug_line    0x00006269      0x42d c:/msys64/mingw64/bin/../lib/gcc/arm-none-eabi/12.2.0/../../../../arm-none-eabi/lib/thumb/v7e-m/nofp\libg_nano.a(libc_a-fflush.o)
 .debug_line    0x00006696      0x1b4 c:/msys64/mingw64/bin/../lib/gcc/arm-none-eabi/12.2.0/../../../../arm-none-eabi/lib/thumb/v7e-m/nofp\libg_nano.a(libc_a-fprintf.o)
 .debug_line    0x0000684a      0x110 c:/msys64/mingw64/bin/../lib/gcc/arm-none-eabi/12.2.0/../../../../arm-none-eabi/lib/thumb/v7e-m/nofp\libg_nano.a(libc_a-abort.o)
 .debug_line    0x0000695a      0x6de c:/msys64/mingw64/bin/../lib/gcc/arm-none-eabi/12.2.0/../../../../arm-none-eabi/lib/thumb/v7e-m/nofp\libg_nano.a(libc_a-nano-vfprintf.o)
 .debug_line    0x00007038      0x752 c:/msys64/mingw64/bin/../lib/gcc/arm-none-eabi/12.2.0/../../../../arm-none-eabi/lib/thumb/v7e-m/nofp\libg_nano.a(libc_a-nano-vfprintf_i.o)
 .debug_line    0x0000778a      0x607 c:/msys64/mingw64/bin/../lib/gcc/arm-none-eabi/12.2.0/../../../../arm-none-eabi/lib/thumb/v7e-m/nofp\libg_nano.a(libc_a-fvwrite.o)
 .debug_line    0x00007d91      0x267 c:/msys64/mingw64/bin/../lib/gcc/arm-none-eabi/12.2.0/../../../../arm-none-eabi/lib/thumb/v7e-m/nofp\libg_nano.a(libc_a-wbuf.o)
 .debug_line    0x00007ff8      0x2da c:/msys64/mingw64/bin/../lib/gcc/arm-none-eabi/12.2.0/../../../../arm-none-eabi/lib/thumb/v7e-m/nofp\libg_nano.a(libc_a-wsetup.o)
 .debug_line    0x000082d2      0x207 c:/msys64/mingw64/bin/../lib/gcc/arm-none-eabi/12.2.0/../../../../arm-none-eabi/lib/thumb/v7e-m/nofp\libg_nano.a(libc_a-memmove.o)
 .debug_line    0x000084d9      0x61c c:/msys64/mingw64/bin/../lib/gcc/arm-none-eabi/12.2.0/../../../../arm-none-eabi/lib/thumb/v7e-m/nofp\libg_nano.a(libc_a-signal.o)
 .debug_line    0x00008af5      0x1cb c:/msys64/mingw64/bin/../lib/gcc/arm-none-eabi/12.2.0/../../../../arm-none-eabi/lib/thumb/v7e-m/nofp\libg_nano.a(libc_a-signalr.o)
 .debug_line    0x00008cc0       0x84 c:/msys64/mingw64/bin/../lib/gcc/arm-none-eabi/12.2.0/../../../../arm-none-eabi/lib/thumb/v7e-m/nofp\libg_nano.a(libc_a-memchr.o)
 .debug_line    0x00008d44      0x1f8 c:/msys64/mingw64/bin/../lib/gcc/arm-none-eabi/12.2.0/../../../../arm-none-eabi/lib/thumb/v7e-m/nofp\libg_nano.a(libc_a-reallocr.o)
 .debug_line    0x00008f3c      0x397 c:/msys64/mingw64/bin/../lib/gcc/arm-none-eabi/12.2.0/../../../../arm-none-eabi/lib/thumb/v7e-m/nofp\libg_nano.a(libc_a-makebuf.o)
 .debug_line    0x000092d3      0x218 c:/msys64/mingw64/bin/../lib/gcc/arm-none-eabi/12.2.0/../../../../arm-none-eabi/lib/thumb/v7e-m/nofp\libg_nano.a(libc_a-fstatr.o)
 .debug_line    0x000094eb      0x19a c:/msys64/mingw64/bin/../lib/gcc/arm-none-eabi/12.2.0/../../../../arm-none-eabi/lib/thumb/v7e-m/nofp\libg_nano.a(libc_a-isattyr.o)
 .debug_line    0x00009685      0x180 c:/msys64/mingw64/bin/../lib/gcc/arm-none-eabi/12.2.0/../../../../arm-none-eabi/lib/thumb/v7e-m/nofp\libg_nano.a(libc_a-msizer.o)

.debug_str      0x00000000     0x30c4
 .debug_str     0x00000000     0x30c4 objdir/.//main.o
                                0x2fc (size before relaxing)
 .debug_str     0x000030c4      0x4e6 objdir/.//network.o
 .debug_str     0x000030c4      0x38c objdir/simpleserial.o
 .debug_str     0x000030c4      0x989 objdir/stm32f3_hal.o
 .debug_str     0x000030c4     0x11b2 objdir/stm32f3_hal_lowlevel.o
 .debug_str     0x000030c4      0x203 objdir/stm32f3_sysmem.o
 .debug_str     0x000030c4      0x170 c:/msys64/mingw64/bin/../lib/gcc/arm-none-eabi/12.2.0/thumb/v7e-m/nofp\libgcc.a(_arm_addsubdf3.o)
 .debug_str     0x000030c4       0xe2 c:/msys64/mingw64/bin/../lib/gcc/arm-none-eabi/12.2.0/thumb/v7e-m/nofp\libgcc.a(_arm_muldivdf3.o)
 .debug_str     0x000030c4      0x16b c:/msys64/mingw64/bin/../lib/gcc/arm-none-eabi/12.2.0/thumb/v7e-m/nofp\libgcc.a(_arm_cmpdf2.o)
 .debug_str     0x000030c4       0xd0 c:/msys64/mingw64/bin/../lib/gcc/arm-none-eabi/12.2.0/thumb/v7e-m/nofp\libgcc.a(_arm_unorddf2.o)
 .debug_str     0x000030c4       0xcd c:/msys64/mingw64/bin/../lib/gcc/arm-none-eabi/12.2.0/thumb/v7e-m/nofp\libgcc.a(_arm_fixdfsi.o)
 .debug_str     0x000030c4       0xd1 c:/msys64/mingw64/bin/../lib/gcc/arm-none-eabi/12.2.0/thumb/v7e-m/nofp\libgcc.a(_arm_fixunsdfsi.o)
 .debug_str     0x000030c4      0x4c6 c:/msys64/mingw64/bin/../lib/gcc/arm-none-eabi/12.2.0/../../../../arm-none-eabi/lib/thumb/v7e-m/nofp\libg_nano.a(libc_a-malloc.o)
 .debug_str     0x000030c4      0x582 c:/msys64/mingw64/bin/../lib/gcc/arm-none-eabi/12.2.0/../../../../arm-none-eabi/lib/thumb/v7e-m/nofp\libg_nano.a(libc_a-mallocr.o)
 .debug_str     0x000030c4      0x523 c:/msys64/mingw64/bin/../lib/gcc/arm-none-eabi/12.2.0/../../../../arm-none-eabi/lib/thumb/v7e-m/nofp\libg_nano.a(libc_a-mlock.o)
 .debug_str     0x000030c4      0x4c5 c:/msys64/mingw64/bin/../lib/gcc/arm-none-eabi/12.2.0/../../../../arm-none-eabi/lib/thumb/v7e-m/nofp\libg_nano.a(libc_a-rand.o)
 .debug_str     0x000030c4      0x724 c:/msys64/mingw64/bin/../lib/gcc/arm-none-eabi/12.2.0/../../../../arm-none-eabi/lib/thumb/v7e-m/nofp\libg_nano.a(libc_a-findfp.o)
 .debug_str     0x000030c4      0x4b1 c:/msys64/mingw64/bin/../lib/gcc/arm-none-eabi/12.2.0/../../../../arm-none-eabi/lib/thumb/v7e-m/nofp\libg_nano.a(libc_a-fwalk.o)
 .debug_str     0x000030c4      0x50e c:/msys64/mingw64/bin/../lib/gcc/arm-none-eabi/12.2.0/../../../../arm-none-eabi/lib/thumb/v7e-m/nofp\libg_nano.a(libc_a-stdio.o)
 .debug_str     0x000030c4      0x195 c:/msys64/mingw64/bin/../lib/gcc/arm-none-eabi/12.2.0/../../../../arm-none-eabi/lib/thumb/v7e-m/nofp\libg_nano.a(libc_a-memset.o)
 .debug_str     0x000030c4      0x497 c:/msys64/mingw64/bin/../lib/gcc/arm-none-eabi/12.2.0/../../../../arm-none-eabi/lib/thumb/v7e-m/nofp\libg_nano.a(libc_a-closer.o)
 .debug_str     0x000030c4      0x4c0 c:/msys64/mingw64/bin/../lib/gcc/arm-none-eabi/12.2.0/../../../../arm-none-eabi/lib/thumb/v7e-m/nofp\libg_nano.a(libc_a-reent.o)
 .debug_str     0x000030c4      0x4a1 c:/msys64/mingw64/bin/../lib/gcc/arm-none-eabi/12.2.0/../../../../arm-none-eabi/lib/thumb/v7e-m/nofp\libg_nano.a(libc_a-impure.o)
 .debug_str     0x000030c4      0x4a5 c:/msys64/mingw64/bin/../lib/gcc/arm-none-eabi/12.2.0/../../../../arm-none-eabi/lib/thumb/v7e-m/nofp\libg_nano.a(libc_a-lseekr.o)
 .debug_str     0x000030c4      0x4a5 c:/msys64/mingw64/bin/../lib/gcc/arm-none-eabi/12.2.0/../../../../arm-none-eabi/lib/thumb/v7e-m/nofp\libg_nano.a(libc_a-readr.o)
 .debug_str     0x000030c4      0x4aa c:/msys64/mingw64/bin/../lib/gcc/arm-none-eabi/12.2.0/../../../../arm-none-eabi/lib/thumb/v7e-m/nofp\libg_nano.a(libc_a-sbrkr.o)
 .debug_str     0x000030c4      0x4a7 c:/msys64/mingw64/bin/../lib/gcc/arm-none-eabi/12.2.0/../../../../arm-none-eabi/lib/thumb/v7e-m/nofp\libg_nano.a(libc_a-writer.o)
 .debug_str     0x000030c4      0x49b c:/msys64/mingw64/bin/../lib/gcc/arm-none-eabi/12.2.0/../../../../arm-none-eabi/lib/thumb/v7e-m/nofp\libg_nano.a(libc_a-errno.o)
 .debug_str     0x000030c4      0x1e2 c:/msys64/mingw64/bin/../lib/gcc/arm-none-eabi/12.2.0/../../../../arm-none-eabi/lib/thumb/v7e-m/nofp\libg_nano.a(libc_a-init.o)
 .debug_str     0x000030c4      0x2f4 c:/msys64/mingw64/bin/../lib/gcc/arm-none-eabi/12.2.0/../../../../arm-none-eabi/lib/thumb/v7e-m/nofp\libg_nano.a(libc_a-lock.o)
 .debug_str     0x000030c4       0xa0 c:/msys64/mingw64/bin/../lib/gcc/arm-none-eabi/12.2.0/../../../../arm-none-eabi/lib/thumb/v7e-m/nofp\libg_nano.a(libc_a-memcpy.o)
 .debug_str     0x000030c4      0x4da c:/msys64/mingw64/bin/../lib/gcc/arm-none-eabi/12.2.0/../../../../arm-none-eabi/lib/thumb/v7e-m/nofp\libg_nano.a(libc_a-assert.o)
 .debug_str     0x000030c4      0x521 c:/msys64/mingw64/bin/../lib/gcc/arm-none-eabi/12.2.0/../../../../arm-none-eabi/lib/thumb/v7e-m/nofp\libg_nano.a(libc_a-freer.o)
 .debug_str     0x000030c4      0x56c c:/msys64/mingw64/bin/../lib/gcc/arm-none-eabi/12.2.0/../../../../arm-none-eabi/lib/thumb/v7e-m/nofp\libg_nano.a(libc_a-fflush.o)
 .debug_str     0x000030c4      0x4df c:/msys64/mingw64/bin/../lib/gcc/arm-none-eabi/12.2.0/../../../../arm-none-eabi/lib/thumb/v7e-m/nofp\libg_nano.a(libc_a-fprintf.o)
 .debug_str     0x000030c4      0x184 c:/msys64/mingw64/bin/../lib/gcc/arm-none-eabi/12.2.0/../../../../arm-none-eabi/lib/thumb/v7e-m/nofp\libg_nano.a(libc_a-abort.o)
 .debug_str     0x000030c4      0x852 c:/msys64/mingw64/bin/../lib/gcc/arm-none-eabi/12.2.0/../../../../arm-none-eabi/lib/thumb/v7e-m/nofp\libg_nano.a(libc_a-nano-vfprintf.o)
 .debug_str     0x000030c4      0x780 c:/msys64/mingw64/bin/../lib/gcc/arm-none-eabi/12.2.0/../../../../arm-none-eabi/lib/thumb/v7e-m/nofp\libg_nano.a(libc_a-nano-vfprintf_i.o)
 .debug_str     0x000030c4      0x545 c:/msys64/mingw64/bin/../lib/gcc/arm-none-eabi/12.2.0/../../../../arm-none-eabi/lib/thumb/v7e-m/nofp\libg_nano.a(libc_a-fvwrite.o)
 .debug_str     0x000030c4      0x4d7 c:/msys64/mingw64/bin/../lib/gcc/arm-none-eabi/12.2.0/../../../../arm-none-eabi/lib/thumb/v7e-m/nofp\libg_nano.a(libc_a-wbuf.o)
 .debug_str     0x000030c4      0x4d2 c:/msys64/mingw64/bin/../lib/gcc/arm-none-eabi/12.2.0/../../../../arm-none-eabi/lib/thumb/v7e-m/nofp\libg_nano.a(libc_a-wsetup.o)
 .debug_str     0x000030c4      0x1b4 c:/msys64/mingw64/bin/../lib/gcc/arm-none-eabi/12.2.0/../../../../arm-none-eabi/lib/thumb/v7e-m/nofp\libg_nano.a(libc_a-memmove.o)
 .debug_str     0x000030c4      0x528 c:/msys64/mingw64/bin/../lib/gcc/arm-none-eabi/12.2.0/../../../../arm-none-eabi/lib/thumb/v7e-m/nofp\libg_nano.a(libc_a-signal.o)
 .debug_str     0x000030c4      0x4bd c:/msys64/mingw64/bin/../lib/gcc/arm-none-eabi/12.2.0/../../../../arm-none-eabi/lib/thumb/v7e-m/nofp\libg_nano.a(libc_a-signalr.o)
 .debug_str     0x000030c4       0x92 c:/msys64/mingw64/bin/../lib/gcc/arm-none-eabi/12.2.0/../../../../arm-none-eabi/lib/thumb/v7e-m/nofp\libg_nano.a(libc_a-memchr.o)
 .debug_str     0x000030c4      0x517 c:/msys64/mingw64/bin/../lib/gcc/arm-none-eabi/12.2.0/../../../../arm-none-eabi/lib/thumb/v7e-m/nofp\libg_nano.a(libc_a-reallocr.o)
 .debug_str     0x000030c4      0x634 c:/msys64/mingw64/bin/../lib/gcc/arm-none-eabi/12.2.0/../../../../arm-none-eabi/lib/thumb/v7e-m/nofp\libg_nano.a(libc_a-makebuf.o)
 .debug_str     0x000030c4      0x5e9 c:/msys64/mingw64/bin/../lib/gcc/arm-none-eabi/12.2.0/../../../../arm-none-eabi/lib/thumb/v7e-m/nofp\libg_nano.a(libc_a-fstatr.o)
 .debug_str     0x000030c4      0x4a1 c:/msys64/mingw64/bin/../lib/gcc/arm-none-eabi/12.2.0/../../../../arm-none-eabi/lib/thumb/v7e-m/nofp\libg_nano.a(libc_a-isattyr.o)
 .debug_str     0x000030c4      0x4ea c:/msys64/mingw64/bin/../lib/gcc/arm-none-eabi/12.2.0/../../../../arm-none-eabi/lib/thumb/v7e-m/nofp\libg_nano.a(libc_a-msizer.o)

.comment        0x00000000       0x12
 .comment       0x00000000       0x12 objdir/.//main.o
                                 0x13 (size before relaxing)
 .comment       0x00000012       0x13 objdir/.//network.o
 .comment       0x00000012       0x13 objdir/simpleserial.o
 .comment       0x00000012       0x13 objdir/stm32f3_hal.o
 .comment       0x00000012       0x13 objdir/stm32f3_hal_lowlevel.o
 .comment       0x00000012       0x13 objdir/stm32f3_sysmem.o
 .comment       0x00000012       0x13 c:/msys64/mingw64/bin/../lib/gcc/arm-none-eabi/12.2.0/../../../../arm-none-eabi/lib/thumb/v7e-m/nofp\libg_nano.a(libc_a-malloc.o)
 .comment       0x00000012       0x13 c:/msys64/mingw64/bin/../lib/gcc/arm-none-eabi/12.2.0/../../../../arm-none-eabi/lib/thumb/v7e-m/nofp\libg_nano.a(libc_a-mallocr.o)
 .comment       0x00000012       0x13 c:/msys64/mingw64/bin/../lib/gcc/arm-none-eabi/12.2.0/../../../../arm-none-eabi/lib/thumb/v7e-m/nofp\libg_nano.a(libc_a-mlock.o)
 .comment       0x00000012       0x13 c:/msys64/mingw64/bin/../lib/gcc/arm-none-eabi/12.2.0/../../../../arm-none-eabi/lib/thumb/v7e-m/nofp\libg_nano.a(libc_a-rand.o)
 .comment       0x00000012       0x13 c:/msys64/mingw64/bin/../lib/gcc/arm-none-eabi/12.2.0/../../../../arm-none-eabi/lib/thumb/v7e-m/nofp\libg_nano.a(libc_a-findfp.o)
 .comment       0x00000012       0x13 c:/msys64/mingw64/bin/../lib/gcc/arm-none-eabi/12.2.0/../../../../arm-none-eabi/lib/thumb/v7e-m/nofp\libg_nano.a(libc_a-fwalk.o)
 .comment       0x00000012       0x13 c:/msys64/mingw64/bin/../lib/gcc/arm-none-eabi/12.2.0/../../../../arm-none-eabi/lib/thumb/v7e-m/nofp\libg_nano.a(libc_a-stdio.o)
 .comment       0x00000012       0x13 c:/msys64/mingw64/bin/../lib/gcc/arm-none-eabi/12.2.0/../../../../arm-none-eabi/lib/thumb/v7e-m/nofp\libg_nano.a(libc_a-memset.o)
 .comment       0x00000012       0x13 c:/msys64/mingw64/bin/../lib/gcc/arm-none-eabi/12.2.0/../../../../arm-none-eabi/lib/thumb/v7e-m/nofp\libg_nano.a(libc_a-closer.o)
 .comment       0x00000012       0x13 c:/msys64/mingw64/bin/../lib/gcc/arm-none-eabi/12.2.0/../../../../arm-none-eabi/lib/thumb/v7e-m/nofp\libg_nano.a(libc_a-reent.o)
 .comment       0x00000012       0x13 c:/msys64/mingw64/bin/../lib/gcc/arm-none-eabi/12.2.0/../../../../arm-none-eabi/lib/thumb/v7e-m/nofp\libg_nano.a(libc_a-impure.o)
 .comment       0x00000012       0x13 c:/msys64/mingw64/bin/../lib/gcc/arm-none-eabi/12.2.0/../../../../arm-none-eabi/lib/thumb/v7e-m/nofp\libg_nano.a(libc_a-lseekr.o)
 .comment       0x00000012       0x13 c:/msys64/mingw64/bin/../lib/gcc/arm-none-eabi/12.2.0/../../../../arm-none-eabi/lib/thumb/v7e-m/nofp\libg_nano.a(libc_a-readr.o)
 .comment       0x00000012       0x13 c:/msys64/mingw64/bin/../lib/gcc/arm-none-eabi/12.2.0/../../../../arm-none-eabi/lib/thumb/v7e-m/nofp\libg_nano.a(libc_a-sbrkr.o)
 .comment       0x00000012       0x13 c:/msys64/mingw64/bin/../lib/gcc/arm-none-eabi/12.2.0/../../../../arm-none-eabi/lib/thumb/v7e-m/nofp\libg_nano.a(libc_a-writer.o)
 .comment       0x00000012       0x13 c:/msys64/mingw64/bin/../lib/gcc/arm-none-eabi/12.2.0/../../../../arm-none-eabi/lib/thumb/v7e-m/nofp\libg_nano.a(libc_a-errno.o)
 .comment       0x00000012       0x13 c:/msys64/mingw64/bin/../lib/gcc/arm-none-eabi/12.2.0/../../../../arm-none-eabi/lib/thumb/v7e-m/nofp\libg_nano.a(libc_a-init.o)
 .comment       0x00000012       0x13 c:/msys64/mingw64/bin/../lib/gcc/arm-none-eabi/12.2.0/../../../../arm-none-eabi/lib/thumb/v7e-m/nofp\libg_nano.a(libc_a-lock.o)
 .comment       0x00000012       0x13 c:/msys64/mingw64/bin/../lib/gcc/arm-none-eabi/12.2.0/../../../../arm-none-eabi/lib/thumb/v7e-m/nofp\libg_nano.a(libc_a-assert.o)
 .comment       0x00000012       0x13 c:/msys64/mingw64/bin/../lib/gcc/arm-none-eabi/12.2.0/../../../../arm-none-eabi/lib/thumb/v7e-m/nofp\libg_nano.a(libc_a-freer.o)
 .comment       0x00000012       0x13 c:/msys64/mingw64/bin/../lib/gcc/arm-none-eabi/12.2.0/../../../../arm-none-eabi/lib/thumb/v7e-m/nofp\libg_nano.a(libc_a-fflush.o)
 .comment       0x00000012       0x13 c:/msys64/mingw64/bin/../lib/gcc/arm-none-eabi/12.2.0/../../../../arm-none-eabi/lib/thumb/v7e-m/nofp\libg_nano.a(libc_a-fprintf.o)
 .comment       0x00000012       0x13 c:/msys64/mingw64/bin/../lib/gcc/arm-none-eabi/12.2.0/../../../../arm-none-eabi/lib/thumb/v7e-m/nofp\libg_nano.a(libc_a-abort.o)
 .comment       0x00000012       0x13 c:/msys64/mingw64/bin/../lib/gcc/arm-none-eabi/12.2.0/../../../../arm-none-eabi/lib/thumb/v7e-m/nofp\libg_nano.a(libc_a-nano-vfprintf.o)
 .comment       0x00000012       0x13 c:/msys64/mingw64/bin/../lib/gcc/arm-none-eabi/12.2.0/../../../../arm-none-eabi/lib/thumb/v7e-m/nofp\libg_nano.a(libc_a-nano-vfprintf_i.o)
 .comment       0x00000012       0x13 c:/msys64/mingw64/bin/../lib/gcc/arm-none-eabi/12.2.0/../../../../arm-none-eabi/lib/thumb/v7e-m/nofp\libg_nano.a(libc_a-fvwrite.o)
 .comment       0x00000012       0x13 c:/msys64/mingw64/bin/../lib/gcc/arm-none-eabi/12.2.0/../../../../arm-none-eabi/lib/thumb/v7e-m/nofp\libg_nano.a(libc_a-wbuf.o)
 .comment       0x00000012       0x13 c:/msys64/mingw64/bin/../lib/gcc/arm-none-eabi/12.2.0/../../../../arm-none-eabi/lib/thumb/v7e-m/nofp\libg_nano.a(libc_a-wsetup.o)
 .comment       0x00000012       0x13 c:/msys64/mingw64/bin/../lib/gcc/arm-none-eabi/12.2.0/../../../../arm-none-eabi/lib/thumb/v7e-m/nofp\libg_nano.a(libc_a-memmove.o)
 .comment       0x00000012       0x13 c:/msys64/mingw64/bin/../lib/gcc/arm-none-eabi/12.2.0/../../../../arm-none-eabi/lib/thumb/v7e-m/nofp\libg_nano.a(libc_a-signal.o)
 .comment       0x00000012       0x13 c:/msys64/mingw64/bin/../lib/gcc/arm-none-eabi/12.2.0/../../../../arm-none-eabi/lib/thumb/v7e-m/nofp\libg_nano.a(libc_a-signalr.o)
 .comment       0x00000012       0x13 c:/msys64/mingw64/bin/../lib/gcc/arm-none-eabi/12.2.0/../../../../arm-none-eabi/lib/thumb/v7e-m/nofp\libg_nano.a(libc_a-reallocr.o)
 .comment       0x00000012       0x13 c:/msys64/mingw64/bin/../lib/gcc/arm-none-eabi/12.2.0/../../../../arm-none-eabi/lib/thumb/v7e-m/nofp\libg_nano.a(libc_a-makebuf.o)
 .comment       0x00000012       0x13 c:/msys64/mingw64/bin/../lib/gcc/arm-none-eabi/12.2.0/../../../../arm-none-eabi/lib/thumb/v7e-m/nofp\libg_nano.a(libc_a-fstatr.o)
 .comment       0x00000012       0x13 c:/msys64/mingw64/bin/../lib/gcc/arm-none-eabi/12.2.0/../../../../arm-none-eabi/lib/thumb/v7e-m/nofp\libg_nano.a(libc_a-isattyr.o)
 .comment       0x00000012       0x13 c:/msys64/mingw64/bin/../lib/gcc/arm-none-eabi/12.2.0/../../../../arm-none-eabi/lib/thumb/v7e-m/nofp\libg_nano.a(libc_a-msizer.o)

.debug_frame    0x00000000     0x17b4
 .debug_frame   0x00000000       0x50 objdir/.//main.o
 .debug_frame   0x00000050      0x264 objdir/.//network.o
 .debug_frame   0x000002b4      0x180 objdir/simpleserial.o
 .debug_frame   0x00000434       0xec objdir/stm32f3_hal.o
 .debug_frame   0x00000520      0x1e0 objdir/stm32f3_hal_lowlevel.o
 .debug_frame   0x00000700       0x28 objdir/stm32f3_sysmem.o
 .debug_frame   0x00000728       0x30 c:/msys64/mingw64/bin/../lib/gcc/arm-none-eabi/12.2.0/../../../../arm-none-eabi/lib/thumb/v7e-m/nofp\libm.a(libm_a-w_exp.o)
 .debug_frame   0x00000758       0x20 c:/msys64/mingw64/bin/../lib/gcc/arm-none-eabi/12.2.0/../../../../arm-none-eabi/lib/thumb/v7e-m/nofp\libm.a(libm_a-s_finite.o)
 .debug_frame   0x00000778       0x70 c:/msys64/mingw64/bin/../lib/gcc/arm-none-eabi/12.2.0/../../../../arm-none-eabi/lib/thumb/v7e-m/nofp\libm.a(libm_a-e_exp.o)
 .debug_frame   0x000007e8      0x11c c:/msys64/mingw64/bin/../lib/gcc/arm-none-eabi/12.2.0/../../../../arm-none-eabi/lib/thumb/v7e-m/nofp\libm.a(libm_a-math_err.o)
 .debug_frame   0x00000904       0xac c:/msys64/mingw64/bin/../lib/gcc/arm-none-eabi/12.2.0/thumb/v7e-m/nofp\libgcc.a(_arm_addsubdf3.o)
 .debug_frame   0x000009b0       0x50 c:/msys64/mingw64/bin/../lib/gcc/arm-none-eabi/12.2.0/thumb/v7e-m/nofp\libgcc.a(_arm_muldivdf3.o)
 .debug_frame   0x00000a00       0xc4 c:/msys64/mingw64/bin/../lib/gcc/arm-none-eabi/12.2.0/thumb/v7e-m/nofp\libgcc.a(_arm_cmpdf2.o)
 .debug_frame   0x00000ac4       0x20 c:/msys64/mingw64/bin/../lib/gcc/arm-none-eabi/12.2.0/thumb/v7e-m/nofp\libgcc.a(_arm_unorddf2.o)
 .debug_frame   0x00000ae4       0x24 c:/msys64/mingw64/bin/../lib/gcc/arm-none-eabi/12.2.0/thumb/v7e-m/nofp\libgcc.a(_arm_fixdfsi.o)
 .debug_frame   0x00000b08       0x24 c:/msys64/mingw64/bin/../lib/gcc/arm-none-eabi/12.2.0/thumb/v7e-m/nofp\libgcc.a(_arm_fixunsdfsi.o)
 .debug_frame   0x00000b2c       0x30 c:/msys64/mingw64/bin/../lib/gcc/arm-none-eabi/12.2.0/../../../../arm-none-eabi/lib/thumb/v7e-m/nofp\libg_nano.a(libc_a-malloc.o)
 .debug_frame   0x00000b5c       0x5c c:/msys64/mingw64/bin/../lib/gcc/arm-none-eabi/12.2.0/../../../../arm-none-eabi/lib/thumb/v7e-m/nofp\libg_nano.a(libc_a-mallocr.o)