Archive member included to satisfy reference by file (symbol)

c:/msys64/mingw64/bin/../lib/gcc/arm-none-eabi/12.2.0/../../../../arm-none-eabi/lib/thumb/v7e-m/nofp\libm.a(libm_a-w_exp.o)
                              objdir/.//network.o (exp)
c:/msys64/mingw64/bin/../lib/gcc/arm-none-eabi/12.2.0/../../../../arm-none-eabi/lib/thumb/v7e-m/nofp\libm.a(libm_a-s_finite.o)
                              c:/msys64/mingw64/bin/../lib/gcc/arm-none-eabi/12.2.0/../../../../arm-none-eabi/lib/thumb/v7e-m/nofp\libm.a(libm_a-w_exp.o) (finite)
c:/msys64/mingw64/bin/../lib/gcc/arm-none-eabi/12.2.0/../../../../arm-none-eabi/lib/thumb/v7e-m/nofp\libm.a(libm_a-e_exp.o)
                              c:/msys64/mingw64/bin/../lib/gcc/arm-none-eabi/12.2.0/../../../../arm-none-eabi/lib/thumb/v7e-m/nofp\libm.a(libm_a-w_exp.o) (__ieee754_exp)
c:/msys64/mingw64/bin/../lib/gcc/arm-none-eabi/12.2.0/../../../../arm-none-eabi/lib/thumb/v7e-m/nofp\libm.a(libm_a-math_err.o)
                              c:/msys64/mingw64/bin/../lib/gcc/arm-none-eabi/12.2.0/../../../../arm-none-eabi/lib/thumb/v7e-m/nofp\libm.a(libm_a-e_exp.o) (__math_uflow)
c:/msys64/mingw64/bin/../lib/gcc/arm-none-eabi/12.2.0/thumb/v7e-m/nofp\libgcc.a(_arm_muldf3.o)
                              c:/msys64/mingw64/bin/../lib/gcc/arm-none-eabi/12.2.0/../../../../arm-none-eabi/lib/thumb/v7e-m/nofp\libm.a(libm_a-e_exp.o) (__aeabi_dmul)
c:/msys64/mingw64/bin/../lib/gcc/arm-none-eabi/12.2.0/thumb/v7e-m/nofp\libgcc.a(_arm_addsubdf3.o)
                              c:/msys64/mingw64/bin/../lib/gcc/arm-none-eabi/12.2.0/../../../../arm-none-eabi/lib/thumb/v7e-m/nofp\libm.a(libm_a-e_exp.o) (__aeabi_dsub)
c:/msys64/mingw64/bin/../lib/gcc/arm-none-eabi/12.2.0/thumb/v7e-m/nofp\libgcc.a(_arm_muldivdf3.o)
                              objdir/.//network.o (__aeabi_ddiv)
c:/msys64/mingw64/bin/../lib/gcc/arm-none-eabi/12.2.0/thumb/v7e-m/nofp\libgcc.a(_arm_cmpdf2.o)
                              c:/msys64/mingw64/bin/../lib/gcc/arm-none-eabi/12.2.0/../../../../arm-none-eabi/lib/thumb/v7e-m/nofp\libm.a(libm_a-math_err.o) (__aeabi_dcmpeq)
c:/msys64/mingw64/bin/../lib/gcc/arm-none-eabi/12.2.0/thumb/v7e-m/nofp\libgcc.a(_arm_unorddf2.o)
                              c:/msys64/mingw64/bin/../lib/gcc/arm-none-eabi/12.2.0/../../../../arm-none-eabi/lib/thumb/v7e-m/nofp\libm.a(libm_a-math_err.o) (__aeabi_dcmpun)
c:/msys64/mingw64/bin/../lib/gcc/arm-none-eabi/12.2.0/thumb/v7e-m/nofp\libgcc.a(_arm_fixdfsi.o)
                              c:/msys64/mingw64/bin/../lib/gcc/arm-none-eabi/12.2.0/../../../../arm-none-eabi/lib/thumb/v7e-m/nofp\libm.a(libm_a-e_exp.o) (__aeabi_d2iz)
c:/msys64/mingw64/bin/../lib/gcc/arm-none-eabi/12.2.0/thumb/v7e-m/nofp\libgcc.a(_arm_fixunsdfsi.o)
                              objdir/.//network.o (__aeabi_d2uiz)
c:/msys64/mingw64/bin/../lib/gcc/arm-none-eabi/12.2.0/thumb/v7e-m/nofp\libgcc.a(_arm_addsubsf3.o)
                              objdir/.//network.o (__aeabi_i2f)
c:/msys64/mingw64/bin/../lib/gcc/arm-none-eabi/12.2.0/thumb/v7e-m/nofp\libgcc.a(_arm_muldivsf3.o)
                              objdir/.//network.o (__aeabi_fdiv)
c:/msys64/mingw64/bin/../lib/gcc/arm-none-eabi/12.2.0/thumb/v7e-m/nofp\libgcc.a(_arm_fixunssfsi.o)
                              objdir/.//network.o (__aeabi_f2uiz)
c:/msys64/mingw64/bin/../lib/gcc/arm-none-eabi/12.2.0/../../../../arm-none-eabi/lib/thumb/v7e-m/nofp\libg_nano.a(libc_a-atexit.o)
                              c:/msys64/mingw64/bin/../lib/gcc/arm-none-eabi/12.2.0/../../../../arm-none-eabi/lib/thumb/v7e-m/nofp/crt0.o (atexit)
c:/msys64/mingw64/bin/../lib/gcc/arm-none-eabi/12.2.0/../../../../arm-none-eabi/lib/thumb/v7e-m/nofp\libg_nano.a(libc_a-exit.o)
                              c:/msys64/mingw64/bin/../lib/gcc/arm-none-eabi/12.2.0/../../../../arm-none-eabi/lib/thumb/v7e-m/nofp/crt0.o (exit)
c:/msys64/mingw64/bin/../lib/gcc/arm-none-eabi/12.2.0/../../../../arm-none-eabi/lib/thumb/v7e-m/nofp\libg_nano.a(libc_a-malloc.o)
                              objdir/.//network.o (malloc)
c:/msys64/mingw64/bin/../lib/gcc/arm-none-eabi/12.2.0/../../../../arm-none-eabi/lib/thumb/v7e-m/nofp\libg_nano.a(libc_a-mallocr.o)
                              c:/msys64/mingw64/bin/../lib/gcc/arm-none-eabi/12.2.0/../../../../arm-none-eabi/lib/thumb/v7e-m/nofp\libg_nano.a(libc_a-malloc.o) (_malloc_r)
c:/msys64/mingw64/bin/../lib/gcc/arm-none-eabi/12.2.0/../../../../arm-none-eabi/lib/thumb/v7e-m/nofp\libg_nano.a(libc_a-mlock.o)
                              c:/msys64/mingw64/bin/../lib/gcc/arm-none-eabi/12.2.0/../../../../arm-none-eabi/lib/thumb/v7e-m/nofp\libg_nano.a(libc_a-mallocr.o) (__malloc_lock)
c:/msys64/mingw64/bin/../lib/gcc/arm-none-eabi/12.2.0/../../../../arm-none-eabi/lib/thumb/v7e-m/nofp\libg_nano.a(libc_a-rand.o)
                              objdir/.//network.o (srand)
c:/msys64/mingw64/bin/../lib/gcc/arm-none-eabi/12.2.0/../../../../arm-none-eabi/lib/thumb/v7e-m/nofp\libg_nano.a(libc_a-findfp.o)
[...]
Memory Configuration

Name             Origin             Length             Attributes
RAM              0x20000000         0x0000a000         xrw
ROM              0x08000000         0x00040000         xr
*default*        0x00000000         0xffffffff

Linker script and memory map

LOAD c:/msys64/mingw64/bin/../lib/gcc/arm-none-eabi/12.2.0/thumb/v7e-m/nofp/crti.o
LOAD c:/msys64/mingw64/bin/../lib/gcc/arm-none-eabi/12.2.0/thumb/v7e-m/nofp/crtbegin.o
LOAD c:/msys64/mingw64/bin/../lib/gcc/arm-none-eabi/12.2.0/../../../../arm-none-eabi/lib/thumb/v7e-m/nofp/crt0.o
LOAD objdir/.//main.o
LOAD objdir/.//network.o
LOAD objdir/simpleserial.o
LOAD objdir/stm32f3_hal.o
LOAD objdir/stm32f3_hal_lowlevel.o
LOAD objdir/stm32f3_sysmem.o
LOAD objdir/stm32f3_startup.o
LOAD c:/msys64/mingw64/bin/../lib/gcc/arm-none-eabi/12.2.0/../../../../arm-none-eabi/lib/thumb/v7e-m/nofp\libm.a
LOAD c:/msys64/mingw64/bin/../lib/gcc/arm-none-eabi/12.2.0/../../../../arm-none-eabi/lib/thumb/v7e-m/nofp\libm.a
START GROUP
LOAD c:/msys64/mingw64/bin/../lib/gcc/arm-none-eabi/12.2.0/thumb/v7e-m/nofp\libgcc.a
LOAD c:/msys64/mingw64/bin/../lib/gcc/arm-none-eabi/12.2.0/../../../../arm-none-eabi/lib/thumb/v7e-m/nofp\libg_nano.a
LOAD c:/msys64/mingw64/bin/../lib/gcc/arm-none-eabi/12.2.0/../../../../arm-none-eabi/lib/thumb/v7e-m/nofp\libc_nano.a
END GROUP
START GROUP
LOAD c:/msys64/mingw64/bin/../lib/gcc/arm-none-eabi/12.2.0/thumb/v7e-m/nofp\libgcc.a
LOAD c:/msys64/mingw64/bin/../lib/gcc/arm-none-eabi/12.2.0/../../../../arm-none-eabi/lib/thumb/v7e-m/nofp\libc_nano.a
LOAD c:/msys64/mingw64/bin/../lib/gcc/arm-none-eabi/12.2.0/../../../../arm-none-eabi/lib/thumb/v7e-m/nofp\libnosys.a
END GROUP
START GROUP
LOAD c:/msys64/mingw64/bin/../lib/gcc/arm-none-eabi/12.2.0/thumb/v7e-m/nofp\libgcc.a
LOAD c:/msys64/mingw64/bin/../lib/gcc/arm-none-eabi/12.2.0/../../../../arm-none-eabi/lib/thumb/v7e-m/nofp\libc_nano.a
LOAD c:/msys64/mingw64/bin/../lib/gcc/arm-none-eabi/12.2.0/../../../../arm-none-eabi/lib/thumb/v7e-m/nofp\libnosys.a
END GROUP
LOAD c:/msys64/mingw64/bin/../lib/gcc/arm-none-eabi/12.2.0/thumb/v7e-m/nofp/crtend.o
LOAD c:/msys64/mingw64/bin/../lib/gcc/arm-none-eabi/12.2.0/thumb/v7e-m/nofp/crtn.o
                0x2000a000                        _estack = 0x2000a000
                0x00000000                        _Min_Heap_Size = 0x0
                0x00000400                        _Min_Stack_Size = 0x400

.isr_vector     0x08000000      0x188
                0x08000000                        . = ALIGN (0x4)
 *(.isr_vector)
 .isr_vector    0x08000000      0x188 objdir/stm32f3_startup.o
                0x08000000                g_pfnVectors
                0x08000188                        . = ALIGN (0x4)

.text           0x08000190     0x5ae0
                0x08000190                        . = ALIGN (0x4)
 *(.text)
 .text          0x08000190       0x74 c:/msys64/mingw64/bin/../lib/gcc/arm-none-eabi/12.2.0/../../../../arm-none-eabi/lib/thumb/v7e-m/nofp\libm.a(libm_a-w_exp.o)
                0x08000190                exp
 .text          0x08000204        0xc c:/msys64/mingw64/bin/../lib/gcc/arm-none-eabi/12.2.0/../../../../arm-none-eabi/lib/thumb/v7e-m/nofp\libm.a(libm_a-s_finite.o)
                0x08000204                finite
 .text          0x08000210      0x35c c:/msys64/mingw64/bin/../lib/gcc/arm-none-eabi/12.2.0/../../../../arm-none-eabi/lib/thumb/v7e-m/nofp\libm.a(libm_a-e_exp.o)
                0x08000210                __ieee754_exp
 .text          0x0800056c      0x12c c:/msys64/mingw64/bin/../lib/gcc/arm-none-eabi/12.2.0/../../../../arm-none-eabi/lib/thumb/v7e-m/nofp\libm.a(libm_a-math_err.o)
                0x080005ac                __math_uflow
                0x080005b4                __math_may_uflow
                0x080005c0                __math_oflow
                0x080005c8                __math_divzero
                0x080005f8                __math_invalid
                0x08000634                __math_check_uflow
                0x08000658                __math_check_oflow
 .text          0x08000698      0x378 c:/msys64/mingw64/bin/../lib/gcc/arm-none-eabi/12.2.0/thumb/v7e-m/nofp\libgcc.a(_arm_addsubdf3.o)
                0x08000698                __aeabi_drsub
                0x080006a0                __aeabi_dsub
                0x080006a0                __subdf3
                0x080006a4                __aeabi_dadd
                0x080006a4                __adddf3
                0x0800091c                __floatunsidf
                0x0800091c                __aeabi_ui2d
                0x0800093c                __floatsidf
                0x0800093c                __aeabi_i2d
                0x08000960                __aeabi_f2d
                0x08000960                __extendsfdf2
                0x080009a4                __floatundidf
                0x080009a4                __aeabi_ul2d
                0x080009b4                __floatdidf
                0x080009b4                __aeabi_l2d
 .text          0x08000a10      0x424 c:/msys64/mingw64/bin/../lib/gcc/arm-none-eabi/12.2.0/thumb/v7e-m/nofp\libgcc.a(_arm_muldivdf3.o)
                0x08000a10                __aeabi_dmul
                0x08000a10                __muldf3
                0x08000c64                __divdf3
                0x08000c64                __aeabi_ddiv
 .text          0x08000e34      0x110 c:/msys64/mingw64/bin/../lib/gcc/arm-none-eabi/12.2.0/thumb/v7e-m/nofp\libgcc.a(_arm_cmpdf2.o)
                0x08000e34                __gtdf2
                0x08000e34                __gedf2
                0x08000e3c                __ltdf2
                0x08000e3c                __ledf2
                0x08000e44                __nedf2
                0x08000e44                __eqdf2
                0x08000e44                __cmpdf2
                0x08000ec0                __aeabi_cdrcmple
                0x08000ed0                __aeabi_cdcmpeq
                0x08000ed0                __aeabi_cdcmple
                0x08000ee0                __aeabi_dcmpeq
                0x08000ef4                __aeabi_dcmplt
                0x08000f08                __aeabi_dcmple
                0x08000f1c                __aeabi_dcmpge
                0x08000f30                __aeabi_dcmpgt
 .text          0x08000f44       0x2c c:/msys64/mingw64/bin/../lib/gcc/arm-none-eabi/12.2.0/thumb/v7e-m/nofp\libgcc.a(_arm_unorddf2.o)
                0x08000f44                __unorddf2
                0x08000f44                __aeabi_dcmpun
 .text          0x08000f70       0x50 c:/msys64/mingw64/bin/../lib/gcc/arm-none-eabi/12.2.0/thumb/v7e-m/nofp\libgcc.a(_arm_fixdfsi.o)
                0x08000f70                __aeabi_d2iz
                0x08000f70                __fixdfsi
 .text          0x08000fc0       0x40 c:/msys64/mingw64/bin/../lib/gcc/arm-none-eabi/12.2.0/thumb/v7e-m/nofp\libgcc.a(_arm_fixunsdfsi.o)
                0x08000fc0                __aeabi_d2uiz
                0x08000fc0                __fixunsdfsi
 .text          0x08001000       0x20 c:/msys64/mingw64/bin/../lib/gcc/arm-none-eabi/12.2.0/../../../../arm-none-eabi/lib/thumb/v7e-m/nofp\libg_nano.a(libc_a-malloc.o)
                0x08001000                malloc
                0x08001010                free
 .text          0x08001020      0x140 c:/msys64/mingw64/bin/../lib/gcc/arm-none-eabi/12.2.0/../../../../arm-none-eabi/lib/thumb/v7e-m/nofp\libg_nano.a(libc_a-mallocr.o)
                0x08001068                _malloc_r
 .text          0x08001160       0x18 c:/msys64/mingw64/bin/../lib/gcc/arm-none-eabi/12.2.0/../../../../arm-none-eabi/lib/thumb/v7e-m/nofp\libg_nano.a(libc_a-mlock.o)
                0x08001160                __malloc_lock
                0x0800116c                __malloc_unlock
 .text          0x08001178       0xf0 c:/msys64/mingw64/bin/../lib/gcc/arm-none-eabi/12.2.0/../../../../arm-none-eabi/lib/thumb/v7e-m/nofp\libg_nano.a(libc_a-rand.o)
                0x08001178                srand
                0x080011dc                rand
 .text          0x08001268      0x2dc c:/msys64/mingw64/bin/../lib/gcc/arm-none-eabi/12.2.0/../../../../arm-none-eabi/lib/thumb/v7e-m/nofp\libg_nano.a(libc_a-findfp.o)
                0x080013e4                __sfp
                0x080014a4                __sinit
                0x080014e4                __sfp_lock_acquire
                0x080014f0                __sfp_lock_release
                0x080014fc                __fp_lock_all
                0x08001520                __fp_unlock_all
 .text          0x08001544       0x48 c:/msys64/mingw64/bin/../lib/gcc/arm-none-eabi/12.2.0/../../../../arm-none-eabi/lib/thumb/v7e-m/nofp\libg_nano.a(libc_a-fwalk.o)
                0x08001544                _fwalk_sglue
 .text          0x0800158c       0x94 c:/msys64/mingw64/bin/../lib/gcc/arm-none-eabi/12.2.0/../../../../arm-none-eabi/lib/thumb/v7e-m/nofp\libg_nano.a(libc_a-stdio.o)
                0x0800158c                __sread
                0x080015b0                __seofread
                0x080015b4                __swrite
                0x080015f4                __sseek
                0x08001618                __sclose
 .text          0x08001620       0xa4 c:/msys64/mingw64/bin/../lib/gcc/arm-none-eabi/12.2.0/../../../../arm-none-eabi/lib/thumb/v7e-m/nofp\libg_nano.a(libc_a-memset.o)
                0x08001620                memset
 .text          0x080016c4       0x24 c:/msys64/mingw64/bin/../lib/gcc/arm-none-eabi/12.2.0/../../../../arm-none-eabi/lib/thumb/v7e-m/nofp\libg_nano.a(libc_a-closer.o)
                0x080016c4                _close_r
 .text          0x080016e8       0x2c c:/msys64/mingw64/bin/../lib/gcc/arm-none-eabi/12.2.0/../../../../arm-none-eabi/lib/thumb/v7e-m/nofp\libg_nano.a(libc_a-lseekr.o)
                0x080016e8                _lseek_r
 .text          0x08001714       0x2c c:/msys64/mingw64/bin/../lib/gcc/arm-none-eabi/12.2.0/../../../../arm-none-eabi/lib/thumb/v7e-m/nofp\libg_nano.a(libc_a-readr.o)
                0x08001714                _read_r
 .text          0x08001740       0x24 c:/msys64/mingw64/bin/../lib/gcc/arm-none-eabi/12.2.0/../../../../arm-none-eabi/lib/thumb/v7e-m/nofp\libg_nano.a(libc_a-sbrkr.o)
                0x08001740                _sbrk_r
 .text          0x08001764       0x2c c:/msys64/mingw64/bin/../lib/gcc/arm-none-eabi/12.2.0/../../../../arm-none-eabi/lib/thumb/v7e-m/nofp\libg_nano.a(libc_a-writer.o)
                0x08001764                _write_r
 .text          0x08001790        0xc c:/msys64/mingw64/bin/../lib/gcc/arm-none-eabi/12.2.0/../../../../arm-none-eabi/lib/thumb/v7e-m/nofp\libg_nano.a(libc_a-errno.o)
                0x08001790                __errno
 .text          0x0800179c       0x50 c:/msys64/mingw64/bin/../lib/gcc/arm-none-eabi/12.2.0/../../../../arm-none-eabi/lib/thumb/v7e-m/nofp\libg_nano.a(libc_a-init.o)
                0x0800179c                __libc_init_array
 .text          0x080017ec       0x28 c:/msys64/mingw64/bin/../lib/gcc/arm-none-eabi/12.2.0/../../../../arm-none-eabi/lib/thumb/v7e-m/nofp\libg_nano.a(libc_a-lock.o)
                0x080017ec                __retarget_lock_init
                0x080017f0                __retarget_lock_init_recursive
                0x080017f4                __retarget_lock_close
                0x080017f8                __retarget_lock_close_recursive
                0x080017fc                __retarget_lock_acquire
                0x08001800                __retarget_lock_acquire_recursive
                0x08001804                __retarget_lock_try_acquire
                0x08001808                __retarget_lock_try_acquire_recursive
                0x0800180c                __retarget_lock_release
                0x08001810                __retarget_lock_release_recursive
 .text          0x08001814       0x4c c:/msys64/mingw64/bin/../lib/gcc/arm-none-eabi/12.2.0/../../../../arm-none-eabi/lib/thumb/v7e-m/nofp\libg_nano.a(libc_a-assert.o)
                0x08001814                __assert_func
                0x08001854                __assert
 .text          0x08001860       0xbc c:/msys64/mingw64/bin/../lib/gcc/arm-none-eabi/12.2.0/../../../../arm-none-eabi/lib/thumb/v7e-m/nofp\libg_nano.a(libc_a-freer.o)
                0x08001860                _free_r
 .text          0x0800191c      0x190 c:/msys64/mingw64/bin/../lib/gcc/arm-none-eabi/12.2.0/../../../../arm-none-eabi/lib/thumb/v7e-m/nofp\libg_nano.a(libc_a-fflush.o)
                0x0800191c                __sflush_r
                0x08001a2c                _fflush_r
                0x08001a84                fflush
 .text          0x08001aac       0x44 c:/msys64/mingw64/bin/../lib/gcc/arm-none-eabi/12.2.0/../../../../arm-none-eabi/lib/thumb/v7e-m/nofp\libg_nano.a(libc_a-fprintf.o)
                0x08001aac                _fprintf_r
                0x08001aac                _fiprintf_r
                0x08001ac8                fiprintf
                0x08001ac8                fprintf
 .text          0x08001af0       0x10 c:/msys64/mingw64/bin/../lib/gcc/arm-none-eabi/12.2.0/../../../../arm-none-eabi/lib/thumb/v7e-m/nofp\libg_nano.a(libc_a-abort.o)
                0x08001af0                abort
 .text          0x08001b00      0x350 c:/msys64/mingw64/bin/../lib/gcc/arm-none-eabi/12.2.0/../../../../arm-none-eabi/lib/thumb/v7e-m/nofp\libg_nano.a(libc_a-nano-vfprintf.o)
                0x08001b28                __sfputs_r
                0x08001b58                __sprint_r
                0x08001b78                _vfiprintf_r
                0x08001b78                _vfprintf_r
                0x08001e38                vfprintf
                0x08001e38                vfiprintf
 .text          0x08001e50      0x3a4 c:/msys64/mingw64/bin/../lib/gcc/arm-none-eabi/12.2.0/../../../../arm-none-eabi/lib/thumb/v7e-m/nofp\libg_nano.a(libc_a-nano-vfprintf_i.o)
                0x08001e50                _printf_common
                0x08001f74                _printf_i
 .text          0x080021f4      0x2f8 c:/msys64/mingw64/bin/../lib/gcc/arm-none-eabi/12.2.0/../../../../arm-none-eabi/lib/thumb/v7e-m/nofp\libg_nano.a(libc_a-fvwrite.o)
                0x080021f4                __sfvwrite_r
 .text          0x080024ec       0xa0 c:/msys64/mingw64/bin/../lib/gcc/arm-none-eabi/12.2.0/../../../../arm-none-eabi/lib/thumb/v7e-m/nofp\libg_nano.a(libc_a-wbuf.o)
                0x080024ec                __swbuf_r
                0x08002574                __swbuf
 .text          0x0800258c       0xc0 c:/msys64/mingw64/bin/../lib/gcc/arm-none-eabi/12.2.0/../../../../arm-none-eabi/lib/thumb/v7e-m/nofp\libg_nano.a(libc_a-wsetup.o)
                0x0800258c                __swsetup_r
 .text          0x0800264c      0x100 c:/msys64/mingw64/bin/../lib/gcc/arm-none-eabi/12.2.0/../../../../arm-none-eabi/lib/thumb/v7e-m/nofp\libg_nano.a(libc_a-memmove.o)
                0x0800264c                memmove
 .text          0x0800274c      0x260 c:/msys64/mingw64/bin/../lib/gcc/arm-none-eabi/12.2.0/../../../../arm-none-eabi/lib/thumb/v7e-m/nofp\libg_nano.a(libc_a-signal.o)
                0x0800274c                _init_signal_r
                0x08002778                _signal_r
                0x080027c4                _raise_r
                0x08002814                __sigtramp_r
                0x08002874                raise
                0x080028c8                signal
                0x08002914                _init_signal
                0x08002948                __sigtramp
 .text          0x080029ac       0x30 c:/msys64/mingw64/bin/../lib/gcc/arm-none-eabi/12.2.0/../../../../arm-none-eabi/lib/thumb/v7e-m/nofp\libg_nano.a(libc_a-signalr.o)
                0x080029ac                _kill_r
                0x080029d8                _getpid_r
 *fill*         0x080029dc        0x4 
 .text          0x080029e0       0xa0 c:/msys64/mingw64/bin/../lib/gcc/arm-none-eabi/12.2.0/../../../../arm-none-eabi/lib/thumb/v7e-m/nofp\libg_nano.a(libc_a-memchr.o)
                0x080029e0                memchr
 .text          0x08002a80      0x134 c:/msys64/mingw64/bin/../lib/gcc/arm-none-eabi/12.2.0/../../../../arm-none-eabi/lib/thumb/v7e-m/nofp\libg_nano.a(libc_a-memcpy.o)
                0x08002a80                memcpy
 .text          0x08002bb4       0x68 c:/msys64/mingw64/bin/../lib/gcc/arm-none-eabi/12.2.0/../../../../arm-none-eabi/lib/thumb/v7e-m/nofp\libg_nano.a(libc_a-reallocr.o)
                0x08002bb4                _realloc_r
 .text          0x08002c1c      0x114 c:/msys64/mingw64/bin/../lib/gcc/arm-none-eabi/12.2.0/../../../../arm-none-eabi/lib/thumb/v7e-m/nofp\libg_nano.a(libc_a-makebuf.o)
                0x08002c1c                __smakebuf_r
                0x08002ce0                __swhatbuf_r
 .text          0x08002d30       0x2c c:/msys64/mingw64/bin/../lib/gcc/arm-none-eabi/12.2.0/../../../../arm-none-eabi/lib/thumb/v7e-m/nofp\libg_nano.a(libc_a-fstatr.o)
                0x08002d30                _fstat_r
 .text          0x08002d5c       0x24 c:/msys64/mingw64/bin/../lib/gcc/arm-none-eabi/12.2.0/../../../../arm-none-eabi/lib/thumb/v7e-m/nofp\libg_nano.a(libc_a-isattyr.o)
                0x08002d5c                _isatty_r
 .text          0x08002d80       0x10 c:/msys64/mingw64/bin/../lib/gcc/arm-none-eabi/12.2.0/../../../../arm-none-eabi/lib/thumb/v7e-m/nofp\libg_nano.a(libc_a-msizer.o)
                0x08002d80                _malloc_usable_size_r
 .text          0x08002d90       0x10 c:/msys64/mingw64/bin/../lib/gcc/arm-none-eabi/12.2.0/../../../../arm-none-eabi/lib/thumb/v7e-m/nofp\libnosys.a(close.o)
                0x08002d90                _close
 .text          0x08002da0       0x10 c:/msys64/mingw64/bin/../lib/gcc/arm-none-eabi/12.2.0/../../../../arm-none-eabi/lib/thumb/v7e-m/nofp\libnosys.a(fstat.o)
                0x08002da0                _fstat
 .text          0x08002db0       0x10 c:/msys64/mingw64/bin/../lib/gcc/arm-none-eabi/12.2.0/../../../../arm-none-eabi/lib/thumb/v7e-m/nofp\libnosys.a(getpid.o)
                0x08002db0                _getpid
 .text          0x08002dc0       0x10 c:/msys64/mingw64/bin/../lib/gcc/arm-none-eabi/12.2.0/../../../../arm-none-eabi/lib/thumb/v7e-m/nofp\libnosys.a(isatty.o)
                0x08002dc0                _isatty
 .text          0x08002dd0       0x10 c:/msys64/mingw64/bin/../lib/gcc/arm-none-eabi/12.2.0/../../../../arm-none-eabi/lib/thumb/v7e-m/nofp\libnosys.a(kill.o)
                0x08002dd0                _kill
 .text          0x08002de0       0x10 c:/msys64/mingw64/bin/../lib/gcc/arm-none-eabi/12.2.0/../../../../arm-none-eabi/lib/thumb/v7e-m/nofp\libnosys.a(lseek.o)
                0x08002de0                _lseek
 .text          0x08002df0       0x10 c:/msys64/mingw64/bin/../lib/gcc/arm-none-eabi/12.2.0/../../../../arm-none-eabi/lib/thumb/v7e-m/nofp\libnosys.a(read.o)
                0x08002df0                _read
 .text          0x08002e00       0x10 c:/msys64/mingw64/bin/../lib/gcc/arm-none-eabi/12.2.0/../../../../arm-none-eabi/lib/thumb/v7e-m/nofp\libnosys.a(write.o)
                0x08002e00                _write
 .text          0x08002e10        0x4 c:/msys64/mingw64/bin/../lib/gcc/arm-none-eabi/12.2.0/../../../../arm-none-eabi/lib/thumb/v7e-m/nofp\libnosys.a(_exit.o)
                0x08002e10                _exit
 *(.text*)
 .text.__do_global_dtors_aux
                0x08002e14       0x24 c:/msys64/mingw64/bin/../lib/gcc/arm-none-eabi/12.2.0/thumb/v7e-m/nofp/crtbegin.o
 .text.frame_dummy
                0x08002e38       0x1c c:/msys64/mingw64/bin/../lib/gcc/arm-none-eabi/12.2.0/thumb/v7e-m/nofp/crtbegin.o
 .text.handle   0x08002e54      0x1ac objdir/.//main.o
                0x08002e54                handle
 .text.main     0x08003000       0x5c objdir/.//main.o
                0x08003000                main
 .text.quantized_create_neuron
                0x0800305c       0x6c objdir/.//network.o
                0x0800305c                quantized_create_neuron
 .text.create_layer
                0x080030c8       0x3a objdir/.//network.o
                0x080030c8                create_layer
 .text.create_network
                0x08003102       0x34 objdir/.//network.o
                0x08003102                create_network
 .text.construct_quantized_network2
                0x08003136      0x12c objdir/.//network.o
                0x08003136                construct_quantized_network2
 *fill*         0x08003262        0x2 
 .text.forward  0x08003264      0x23c objdir/.//network.o
                0x08003264                forward
 .text.ss_crc   0x080034a0       0x6c objdir/simpleserial.o
                0x080034a0                ss_crc
 .text.check_version
                0x0800350c       0x30 objdir/simpleserial.o
                0x0800350c                check_version
 .text.ss_get_commands
                0x0800353c       0x6c objdir/simpleserial.o
                0x0800353c                ss_get_commands
 .text.stuff_data
                0x080035a8       0x50 objdir/simpleserial.o
                0x080035a8                stuff_data
 .text.unstuff_data
                0x080035f8       0x54 objdir/simpleserial.o
                0x080035f8                unstuff_data
 .text.simpleserial_init
                0x0800364c       0x24 objdir/simpleserial.o
                0x0800364c                simpleserial_init
 .text.simpleserial_addcmd
                0x08003670       0x8c objdir/simpleserial.o
                0x08003670                simpleserial_addcmd
 .text.simpleserial_get
                0x080036fc      0x268 objdir/simpleserial.o
                0x080036fc                simpleserial_get
 .text.simpleserial_put
                0x08003964      0x140 objdir/simpleserial.o
                0x08003964                simpleserial_put
 .text.platform_init
                0x08003aa4       0xa4 objdir/stm32f3_hal.o
                0x08003aa4                platform_init
 .text.init_uart
                0x08003b48       0xa0 objdir/stm32f3_hal.o
                0x08003b48                init_uart
 .text.trigger_setup
                0x08003be8       0x58 objdir/stm32f3_hal.o
                0x08003be8                trigger_setup
 .text.trigger_high
                0x08003c40       0x16 objdir/stm32f3_hal.o
                0x08003c40                trigger_high
 .text.trigger_low
                0x08003c56       0x16 objdir/stm32f3_hal.o
                0x08003c56                trigger_low
 .text.getch    0x08003c6c       0x3c objdir/stm32f3_hal.o
                0x08003c6c                getch
 .text.putch    0x08003ca8       0x2c objdir/stm32f3_hal.o
                0x08003ca8                putch
 .text.HAL_GetTick
                0x08003cd4       0x1c objdir/stm32f3_hal_lowlevel.o
                0x08003cd4                HAL_GetTick
 .text.HAL_RCC_GetSysClockFreq
                0x08003cf0       0x10 objdir/stm32f3_hal_lowlevel.o
                0x08003cf0                HAL_RCC_GetSysClockFreq
 .text.HAL_RCC_GetPCLK1Freq
                0x08003d00       0x10 objdir/stm32f3_hal_lowlevel.o
                0x08003d00                HAL_RCC_GetPCLK1Freq
 .text.HAL_RCC_OscConfig
                0x08003d10     0x102c objdir/stm32f3_hal_lowlevel.o
                0x08003d10                HAL_RCC_OscConfig
 .text.HAL_RCC_ClockConfig
                0x08004d3c      0x304 objdir/stm32f3_hal_lowlevel.o
                0x08004d3c                HAL_RCC_ClockConfig
 .text.HAL_RCC_GetPCLK2Freq
                0x08005040       0x10 objdir/stm32f3_hal_lowlevel.o
                0x08005040                HAL_RCC_GetPCLK2Freq
 .text.HAL_GPIO_Init
                0x08005050      0x2fc objdir/stm32f3_hal_lowlevel.o
                0x08005050                HAL_GPIO_Init
 .text.HAL_GPIO_WritePin
                0x0800534c       0x2e objdir/stm32f3_hal_lowlevel.o
                0x0800534c                HAL_GPIO_WritePin
 *fill*         0x0800537a        0x2 
 .text.UART_SetConfig
                0x0800537c      0x400 objdir/stm32f3_hal_lowlevel.o
                0x0800537c                UART_SetConfig
 .text.UART_CheckIdleState
                0x0800577c       0x92 objdir/stm32f3_hal_lowlevel.o
                0x0800577c                UART_CheckIdleState
 .text.HAL_UART_Init
                0x0800580e       0x8e objdir/stm32f3_hal_lowlevel.o
                0x0800580e                HAL_UART_Init
 .text.UART_WaitOnFlagUntilTimeout
                0x0800589c       0x94 objdir/stm32f3_hal_lowlevel.o
                0x0800589c                UART_WaitOnFlagUntilTimeout
 .text.HAL_UART_Transmit
                0x08005930      0x118 objdir/stm32f3_hal_lowlevel.o
                0x08005930                HAL_UART_Transmit
 .text.HAL_UART_Receive
                0x08005a48      0x16a objdir/stm32f3_hal_lowlevel.o
                0x08005a48                HAL_UART_Receive
 *fill*         0x08005bb2        0x2 
 .text._sbrk    0x08005bb4       0x58 objdir/stm32f3_sysmem.o
                0x08005bb4                _sbrk
 .text.Reset_Handler
                0x08005c0c       0x48 objdir/stm32f3_startup.o
                0x08005c0c                Reset_Handler
 .text.Default_Handler
                0x08005c54        0x2 objdir/stm32f3_startup.o
                0x08005c54                DebugMon_Handler
                0x08005c54                HardFault_Handler
                0x08005c54                SysTick_Handler
                0x08005c54                PendSV_Handler
                0x08005c54                NMI_Handler
                0x08005c54                UsageFault_Handler
                0x08005c54                Default_Handler
                0x08005c54                MemManage_Handler
                0x08005c54                SVC_Handler
                0x08005c54                BusFault_Handler
 *(.glue_7)
 .glue_7        0x08005c56        0x0 linker stubs
 *(.glue_7t)
 .glue_7t       0x08005c56        0x0 linker stubs
 *(.eh_frame)
 *fill*         0x08005c56        0x2 
 .eh_frame      0x08005c58        0x0 c:/msys64/mingw64/bin/../lib/gcc/arm-none-eabi/12.2.0/thumb/v7e-m/nofp/crtbegin.o
 *(.init)
 .init          0x08005c58        0x4 c:/msys64/mingw64/bin/../lib/gcc/arm-none-eabi/12.2.0/thumb/v7e-m/nofp/crti.o
                0x08005c58                _init
 .init          0x08005c5c        0x8 c:/msys64/mingw64/bin/../lib/gcc/arm-none-eabi/12.2.0/thumb/v7e-m/nofp/crtn.o
 *(.fini)
 .fini          0x08005c64        0x4 c:/msys64/mingw64/bin/../lib/gcc/arm-none-eabi/12.2.0/thumb/v7e-m/nofp/crti.o
                0x08005c64                _fini
 .fini          0x08005c68        0x8 c:/msys64/mingw64/bin/../lib/gcc/arm-none-eabi/12.2.0/thumb/v7e-m/nofp/crtn.o
                0x08005c70                        . = ALIGN (0x4)
                0x08005c70                        _etext = .

.vfp11_veneer   0x08005c70        0x0
 .vfp11_veneer  0x08005c70        0x0 linker stubs

.v4_bx          0x08005c70        0x0
 .v4_bx         0x08005c70        0x0 linker stubs

.iplt           0x08005c70        0x0
 .iplt          0x08005c70        0x0 c:/msys64/mingw64/bin/../lib/gcc/arm-none-eabi/12.2.0/thumb/v7e-m/nofp/crtbegin.o

.rodata         0x08005c70      0x110
                0x08005c70                        . = ALIGN (0x4)
 *(.rodata)
 .rodata        0x08005c70       0x10 objdir/.//main.o
 .rodata        0x08005c80       0x30 c:/msys64/mingw64/bin/../lib/gcc/arm-none-eabi/12.2.0/../../../../arm-none-eabi/lib/thumb/v7e-m/nofp\libm.a(libm_a-e_exp.o)
 *(.rodata*)
 .rodata.str1.4
                0x08005cb0       0xcd c:/msys64/mingw64/bin/../lib/gcc/arm-none-eabi/12.2.0/../../../../arm-none-eabi/lib/thumb/v7e-m/nofp\libg_nano.a(libc_a-rand.o)
                                 0x53 (size before relaxing)
 .rodata.str1.4
                0x08005d7d       0x43 c:/msys64/mingw64/bin/../lib/gcc/arm-none-eabi/12.2.0/../../../../arm-none-eabi/lib/thumb/v7e-m/nofp\libg_nano.a(libc_a-assert.o)
 .rodata.str1.4
                0x08005d7d       0x13 c:/msys64/mingw64/bin/../lib/gcc/arm-none-eabi/12.2.0/../../../../arm-none-eabi/lib/thumb/v7e-m/nofp\libg_nano.a(libc_a-nano-vfprintf.o)
 .rodata.str1.4
                0x08005d7d       0x25 c:/msys64/mingw64/bin/../lib/gcc/arm-none-eabi/12.2.0/../../../../arm-none-eabi/lib/thumb/v7e-m/nofp\libg_nano.a(libc_a-nano-vfprintf_i.o)
                0x08005dc0                        . = ALIGN (0x4)
 *fill*         0x08005d7d        0x3 

.ARM.extab      0x08005d80        0x0
                0x08005d80                        . = ALIGN (0x4)
 *(.ARM.extab* .gnu.linkonce.armextab.*)
                0x08005d80                        . = ALIGN (0x4)

.ARM            0x08005d80        0x8
                0x08005d80                        . = ALIGN (0x4)
                0x08005d80                        __exidx_start = .
 *(.ARM.exidx*)
 .ARM.exidx     0x08005d80        0x8 c:/msys64/mingw64/bin/../lib/gcc/arm-none-eabi/12.2.0/../../../../arm-none-eabi/lib/thumb/v7e-m/nofp\libg_nano.a(libc_a-memchr.o)
 .ARM.exidx     0x08005d88        0x0 c:/msys64/mingw64/bin/../lib/gcc/arm-none-eabi/12.2.0/../../../../arm-none-eabi/lib/thumb/v7e-m/nofp\libg_nano.a(libc_a-memcpy.o)
                                  0x8 (size before relaxing)
                0x08005d88                        __exidx_end = .
                0x08005d88                        . = ALIGN (0x4)

.rel.dyn        0x08005d88        0x0
 .rel.iplt      0x08005d88        0x0 c:/msys64/mingw64/bin/../lib/gcc/arm-none-eabi/12.2.0/thumb/v7e-m/nofp/crtbegin.o

.preinit_array  0x08005d88        0x0
                0x08005d88                        . = ALIGN (0x4)
                0x08005d88                        PROVIDE (__preinit_array_start = .)
 *(.preinit_array*)
                0x08005d88                        PROVIDE (__preinit_array_end = .)
                0x08005d88                        . = ALIGN (0x4)

.init_array     0x08005d88        0x4
                0x08005d88                        . = ALIGN (0x4)
                0x08005d88                        PROVIDE (__init_array_start = .)
 *(SORT_BY_NAME(.init_array.*))
 *(.init_array*)
 .init_array    0x08005d88        0x4 c:/msys64/mingw64/bin/../lib/gcc/arm-none-eabi/12.2.0/thumb/v7e-m/nofp/crtbegin.o
                0x08005d8c                        PROVIDE (__init_array_end = .)
                0x08005d8c                        . = ALIGN (0x4)

.fini_array     0x08005d8c        0x4
                0x08005d8c                        . = ALIGN (0x4)
                0x08005d8c                        PROVIDE (__fini_array_start = .)
 *(SORT_BY_NAME(.fini_array.*))
 *(.fini_array*)
 .fini_array    0x08005d8c        0x4 c:/msys64/mingw64/bin/../lib/gcc/arm-none-eabi/12.2.0/thumb/v7e-m/nofp/crtbegin.o
                0x08005d90                        PROVIDE (__fini_array_end = .)
                0x08005d90                        . = ALIGN (0x4)
                0x08005d90                        _sidata = LOADADDR (.data)

.data           0x20000000       0x6c load address 0x08005d90
                0x20000000                        . = ALIGN (0x4)
                0x20000000                        _sdata = .
 *(.data)
 .data          0x20000000       0x10 objdir/.//main.o
                0x20000000                arr
 .data          0x20000010        0xc c:/msys64/mingw64/bin/../lib/gcc/arm-none-eabi/12.2.0/../../../../arm-none-eabi/lib/thumb/v7e-m/nofp\libg_nano.a(libc_a-findfp.o)
                0x20000010                __sglue
 .data          0x2000001c       0x50 c:/msys64/mingw64/bin/../lib/gcc/arm-none-eabi/12.2.0/../../../../arm-none-eabi/lib/thumb/v7e-m/nofp\libg_nano.a(libc_a-impure.o)
                0x2000001c                _impure_ptr
                0x20000020                _impure_data
 *(.data*)
                0x2000006c                        . = ALIGN (0x4)
                0x2000006c                        _edata = .

.igot.plt       0x2000006c        0x0 load address 0x08005dfc
 .igot.plt      0x2000006c        0x0 c:/msys64/mingw64/bin/../lib/gcc/arm-none-eabi/12.2.0/thumb/v7e-m/nofp/crtbegin.o
                0x2000006c                        . = ALIGN (0x4)

.bss            0x2000006c      0x2c4 load address 0x08005dfc
                0x2000006c                        _sbss = .
                0x2000006c                        __bss_start__ = _sbss
 *(.bss)
 .bss           0x2000006c        0x4 objdir/.//main.o
                0x2000006c                net
 .bss           0x20000070       0xc4 objdir/simpleserial.o
 .bss           0x20000134       0x70 objdir/stm32f3_hal.o
                0x20000134                UartHandle
 .bss           0x200001a4        0x8 objdir/stm32f3_hal_lowlevel.o
                0x200001a4                hal_sys_tick
                0x200001a8                uwTick
 .bss           0x200001ac        0x4 objdir/stm32f3_sysmem.o
 .bss           0x200001b0        0x8 c:/msys64/mingw64/bin/../lib/gcc/arm-none-eabi/12.2.0/../../../../arm-none-eabi/lib/thumb/v7e-m/nofp\libg_nano.a(libc_a-mallocr.o)
                0x200001b0                __malloc_sbrk_start
                0x200001b4                __malloc_free_list
 .bss           0x200001b8      0x13c c:/msys64/mingw64/bin/../lib/gcc/arm-none-eabi/12.2.0/../../../../arm-none-eabi/lib/thumb/v7e-m/nofp\libg_nano.a(libc_a-findfp.o)
                0x200001b8                __sf
                0x200002f0                __stdio_exit_handler
 .bss           0x200002f4        0x4 c:/msys64/mingw64/bin/../lib/gcc/arm-none-eabi/12.2.0/../../../../arm-none-eabi/lib/thumb/v7e-m/nofp\libg_nano.a(libc_a-reent.o)
                0x200002f4                errno
 .bss           0x200002f8       0x1d c:/msys64/mingw64/bin/../lib/gcc/arm-none-eabi/12.2.0/../../../../arm-none-eabi/lib/thumb/v7e-m/nofp\libg_nano.a(libc_a-lock.o)
                0x200002f8                __lock___arc4random_mutex
                0x200002fc                __lock___dd_hash_mutex
                0x20000300                __lock___tz_mutex
                0x20000304                __lock___env_recursive_mutex
                0x20000308                __lock___malloc_recursive_mutex
                0x2000030c                __lock___at_quick_exit_mutex
                0x20000310                __lock___atexit_recursive_mutex
                0x20000314                __lock___sfp_recursive_mutex
 *(.bss*)
 .bss.completed.1
                0x20000315        0x1 c:/msys64/mingw64/bin/../lib/gcc/arm-none-eabi/12.2.0/thumb/v7e-m/nofp/crtbegin.o
 *fill*         0x20000316        0x2 
 .bss.object.0  0x20000318       0x18 c:/msys64/mingw64/bin/../lib/gcc/arm-none-eabi/12.2.0/thumb/v7e-m/nofp/crtbegin.o
 *(COMMON)
                0x20000330                        . = ALIGN (0x4)
                0x20000330                        _ebss = .
                0x20000330                        __bss_end__ = _ebss

._user_heap_stack
                0x20000330      0x400 load address 0x08005dfc
                0x20000330                        . = ALIGN (0x8)
                0x20000330                        PROVIDE (end = .)
                [!provide]                        PROVIDE (_end = .)
                0x20000330                        . = (. + _Min_Heap_Size)
                0x20000730                        . = (. + _Min_Stack_Size)
 *fill*         0x20000330      0x400 
                0x20000730                        . = ALIGN (0x8)

/DISCARD/
 libc.a(*)
 libm.a(*)
 libgcc.a(*)

.ARM.attributes
                0x00000000       0x2a
 *(.ARM.attributes)
 .ARM.attributes
                0x00000000       0x1e c:/msys64/mingw64/bin/../lib/gcc/arm-none-eabi/12.2.0/thumb/v7e-m/nofp/crti.o
 .ARM.attributes
                0x0000001e       0x2e c:/msys64/mingw64/bin/../lib/gcc/arm-none-eabi/12.2.0/thumb/v7e-m/nofp/crtbegin.o
 .ARM.attributes
                0x0000004c       0x2e objdir/.//main.o
 .ARM.attributes
                0x0000007a       0x2e objdir/.//network.o
 .ARM.attributes
                0x000000a8       0x2e objdir/simpleserial.o
 .ARM.attributes
                0x000000d6       0x2e objdir/stm32f3_hal.o
 .ARM.attributes
                0x00000104       0x2e objdir/stm32f3_hal_lowlevel.o
 .ARM.attributes
                0x00000132       0x2e objdir/stm32f3_sysmem.o
 .ARM.attributes
                0x00000160       0x21 objdir/stm32f3_startup.o
 .ARM.attributes
                0x00000181       0x2e c:/msys64/mingw64/bin/../lib/gcc/arm-none-eabi/12.2.0/../../../../arm-none-eabi/lib/thumb/v7e-m/nofp\libm.a(libm_a-w_exp.o)
 .ARM.attributes
                0x000001af       0x2e c:/msys64/mingw64/bin/../lib/gcc/arm-none-eabi/12.2.0/../../../../arm-none-eabi/lib/thumb/v7e-m/nofp\libm.a(libm_a-s_finite.o)
 .ARM.attributes
                0x000001dd       0x2e c:/msys64/mingw64/bin/../lib/gcc/arm-none-eabi/12.2.0/../../../../arm-none-eabi/lib/thumb/v7e-m/nofp\libm.a(libm_a-e_exp.o)
 .ARM.attributes
                0x0000020b       0x2e c:/msys64/mingw64/bin/../lib/gcc/arm-none-eabi/12.2.0/../../../../arm-none-eabi/lib/thumb/v7e-m/nofp\libm.a(libm_a-math_err.o)
 .ARM.attributes
                0x00000239       0x1e c:/msys64/mingw64/bin/../lib/gcc/arm-none-eabi/12.2.0/thumb/v7e-m/nofp\libgcc.a(_arm_addsubdf3.o)
 .ARM.attributes
                0x00000257       0x1e c:/msys64/mingw64/bin/../lib/gcc/arm-none-eabi/12.2.0/thumb/v7e-m/nofp\libgcc.a(_arm_muldivdf3.o)
 .ARM.attributes
                0x00000275       0x1e c:/msys64/mingw64/bin/../lib/gcc/arm-none-eabi/12.2.0/thumb/v7e-m/nofp\libgcc.a(_arm_cmpdf2.o)
 .ARM.attributes
                0x00000293       0x1e c:/msys64/mingw64/bin/../lib/gcc/arm-none-eabi/12.2.0/thumb/v7e-m/nofp\libgcc.a(_arm_unorddf2.o)
 .ARM.attributes
                0x000002b1       0x1e c:/msys64/mingw64/bin/../lib/gcc/arm-none-eabi/12.2.0/thumb/v7e-m/nofp\libgcc.a(_arm_fixdfsi.o)
 .ARM.attributes
                0x000002cf       0x1e c:/msys64/mingw64/bin/../lib/gcc/arm-none-eabi/12.2.0/thumb/v7e-m/nofp\libgcc.a(_arm_fixunsdfsi.o)
 .ARM.attributes
                0x000002ed       0x2e c:/msys64/mingw64/bin/../lib/gcc/arm-none-eabi/12.2.0/../../../../arm-none-eabi/lib/thumb/v7e-m/nofp\libg_nano.a(libc_a-malloc.o)
 .ARM.attributes
                0x0000031b       0x2e c:/msys64/mingw64/bin/../lib/gcc/arm-none-eabi/12.2.0/../../../../arm-none-eabi/lib/thumb/v7e-m/nofp\libg_nano.a(libc_a-mallocr.o)
 .ARM.attributes
                0x00000349       0x2e c:/msys64/mingw64/bin/../lib/gcc/arm-none-eabi/12.2.0/../../../../arm-none-eabi/lib/thumb/v7e-m/nofp\libg_nano.a(libc_a-mlock.o)
 .ARM.attributes
                0x00000377       0x2e c:/msys64/mingw64/bin/../lib/gcc/arm-none-eabi/12.2.0/../../../../arm-none-eabi/lib/thumb/v7e-m/nofp\libg_nano.a(libc_a-rand.o)
 .ARM.attributes
                0x000003a5       0x2e c:/msys64/mingw64/bin/../lib/gcc/arm-none-eabi/12.2.0/../../../../arm-none-eabi/lib/thumb/v7e-m/nofp\libg_nano.a(libc_a-findfp.o)
 .ARM.attributes
                0x000003d3       0x2e c:/msys64/mingw64/bin/../lib/gcc/arm-none-eabi/12.2.0/../../../../arm-none-eabi/lib/thumb/v7e-m/nofp\libg_nano.a(libc_a-fwalk.o)
 .ARM.attributes
                0x00000401       0x2e c:/msys64/mingw64/bin/../lib/gcc/arm-none-eabi/12.2.0/../../../../arm-none-eabi/lib/thumb/v7e-m/nofp\libg_nano.a(libc_a-stdio.o)
 .ARM.attributes
                0x0000042f       0x2e c:/msys64/mingw64/bin/../lib/gcc/arm-none-eabi/12.2.0/../../../../arm-none-eabi/lib/thumb/v7e-m/nofp\libg_nano.a(libc_a-memset.o)
 .ARM.attributes
                0x0000045d       0x2e c:/msys64/mingw64/bin/../lib/gcc/arm-none-eabi/12.2.0/../../../../arm-none-eabi/lib/thumb/v7e-m/nofp\libg_nano.a(libc_a-closer.o)
 .ARM.attributes
                0x0000048b       0x2e c:/msys64/mingw64/bin/../lib/gcc/arm-none-eabi/12.2.0/../../../../arm-none-eabi/lib/thumb/v7e-m/nofp\libg_nano.a(libc_a-reent.o)
 .ARM.attributes
                0x000004b9       0x2e c:/msys64/mingw64/bin/../lib/gcc/arm-none-eabi/12.2.0/../../../../arm-none-eabi/lib/thumb/v7e-m/nofp\libg_nano.a(libc_a-impure.o)
 .ARM.attributes
                0x000004e7       0x2e c:/msys64/mingw64/bin/../lib/gcc/arm-none-eabi/12.2.0/../../../../arm-none-eabi/lib/thumb/v7e-m/nofp\libg_nano.a(libc_a-lseekr.o)
 .ARM.attributes
                0x00000515       0x2e c:/msys64/mingw64/bin/../lib/gcc/arm-none-eabi/12.2.0/../../../../arm-none-eabi/lib/thumb/v7e-m/nofp\libg_nano.a(libc_a-readr.o)
 .ARM.attributes
                0x00000543       0x2e c:/msys64/mingw64/bin/../lib/gcc/arm-none-eabi/12.2.0/../../../../arm-none-eabi/lib/thumb/v7e-m/nofp\libg_nano.a(libc_a-sbrkr.o)
 .ARM.attributes
                0x00000571       0x2e c:/msys64/mingw64/bin/../lib/gcc/arm-none-eabi/12.2.0/../../../../arm-none-eabi/lib/thumb/v7e-m/nofp\libg_nano.a(libc_a-writer.o)
 .ARM.attributes
                0x0000059f       0x2e c:/msys64/mingw64/bin/../lib/gcc/arm-none-eabi/12.2.0/../../../../arm-none-eabi/lib/thumb/v7e-m/nofp\libg_nano.a(libc_a-errno.o)
 .ARM.attributes
                0x000005cd       0x2e c:/msys64/mingw64/bin/../lib/gcc/arm-none-eabi/12.2.0/../../../../arm-none-eabi/lib/thumb/v7e-m/nofp\libg_nano.a(libc_a-init.o)
 .ARM.attributes
                0x000005fb       0x2e c:/msys64/mingw64/bin/../lib/gcc/arm-none-eabi/12.2.0/../../../../arm-none-eabi/lib/thumb/v7e-m/nofp\libg_nano.a(libc_a-lock.o)
 .ARM.attributes
                0x00000629       0x2e c:/msys64/mingw64/bin/../lib/gcc/arm-none-eabi/12.2.0/../../../../arm-none-eabi/lib/thumb/v7e-m/nofp\libg_nano.a(libc_a-assert.o)
 .ARM.attributes
                0x00000657       0x2e c:/msys64/mingw64/bin/../lib/gcc/arm-none-eabi/12.2.0/../../../../arm-none-eabi/lib/thumb/v7e-m/nofp\libg_nano.a(libc_a-freer.o)
 .ARM.attributes
                0x00000685       0x2e c:/msys64/mingw64/bin/../lib/gcc/arm-none-eabi/12.2.0/../../../../arm-none-eabi/lib/thumb/v7e-m/nofp\libg_nano.a(libc_a-fflush.o)
 .ARM.attributes
                0x000006b3       0x2e c:/msys64/mingw64/bin/../lib/gcc/arm-none-eabi/12.2.0/../../../../arm-none-eabi/lib/thumb/v7e-m/nofp\libg_nano.a(libc_a-fprintf.o)
 .ARM.attributes
                0x000006e1       0x2e c:/msys64/mingw64/bin/../lib/gcc/arm-none-eabi/12.2.0/../../../../arm-none-eabi/lib/thumb/v7e-m/nofp\libg_nano.a(libc_a-abort.o)
 .ARM.attributes
                0x0000070f       0x2e c:/msys64/mingw64/bin/../lib/gcc/arm-none-eabi/12.2.0/../../../../arm-none-eabi/lib/thumb/v7e-m/nofp\libg_nano.a(libc_a-nano-vfprintf.o)
 .ARM.attributes
                0x0000073d       0x2e c:/msys64/mingw64/bin/../lib/gcc/arm-none-eabi/12.2.0/../../../../arm-none-eabi/lib/thumb/v7e-m/nofp\libg_nano.a(libc_a-nano-vfprintf_i.o)
 .ARM.attributes
                0x0000076b       0x2e c:/msys64/mingw64/bin/../lib/gcc/arm-none-eabi/12.2.0/../../../../arm-none-eabi/lib/thumb/v7e-m/nofp\libg_nano.a(libc_a-fvwrite.o)
 .ARM.attributes
                0x00000799       0x2e c:/msys64/mingw64/bin/../lib/gcc/arm-none-eabi/12.2.0/../../../../arm-none-eabi/lib/thumb/v7e-m/nofp\libg_nano.a(libc_a-wbuf.o)
 .ARM.attributes
                0x000007c7       0x2e c:/msys64/mingw64/bin/../lib/gcc/arm-none-eabi/12.2.0/../../../../arm-none-eabi/lib/thumb/v7e-m/nofp\libg_nano.a(libc_a-wsetup.o)
 .ARM.attributes
                0x000007f5       0x2e c:/msys64/mingw64/bin/../lib/gcc/arm-none-eabi/12.2.0/../../../../arm-none-eabi/lib/thumb/v7e-m/nofp\libg_nano.a(libc_a-memmove.o)
 .ARM.attributes
                0x00000823       0x2e c:/msys64/mingw64/bin/../lib/gcc/arm-none-eabi/12.2.0/../../../../arm-none-eabi/lib/thumb/v7e-m/nofp\libg_nano.a(libc_a-signal.o)
 .ARM.attributes
                0x00000851       0x2e c:/msys64/mingw64/bin/../lib/gcc/arm-none-eabi/12.2.0/../../../../arm-none-eabi/lib/thumb/v7e-m/nofp\libg_nano.a(libc_a-signalr.o)
 .ARM.attributes
                0x0000087f       0x1c c:/msys64/mingw64/bin/../lib/gcc/arm-none-eabi/12.2.0/../../../../arm-none-eabi/lib/thumb/v7e-m/nofp\libg_nano.a(libc_a-memchr.o)
 .ARM.attributes
                0x0000089b       0x1c c:/msys64/mingw64/bin/../lib/gcc/arm-none-eabi/12.2.0/../../../../arm-none-eabi/lib/thumb/v7e-m/nofp\libg_nano.a(libc_a-memcpy.o)
 .ARM.attributes
                0x000008b7       0x2e c:/msys64/mingw64/bin/../lib/gcc/arm-none-eabi/12.2.0/../../../../arm-none-eabi/lib/thumb/v7e-m/nofp\libg_nano.a(libc_a-reallocr.o)
 .ARM.attributes
                0x000008e5       0x2e c:/msys64/mingw64/bin/../lib/gcc/arm-none-eabi/12.2.0/../../../../arm-none-eabi/lib/thumb/v7e-m/nofp\libg_nano.a(libc_a-makebuf.o)
 .ARM.attributes
                0x00000913       0x2e c:/msys64/mingw64/bin/../lib/gcc/arm-none-eabi/12.2.0/../../../../arm-none-eabi/lib/thumb/v7e-m/nofp\libg_nano.a(libc_a-fstatr.o)
 .ARM.attributes
                0x00000941       0x2e c:/msys64/mingw64/bin/../lib/gcc/arm-none-eabi/12.2.0/../../../../arm-none-eabi/lib/thumb/v7e-m/nofp\libg_nano.a(libc_a-isattyr.o)
 .ARM.attributes
                0x0000096f       0x2e c:/msys64/mingw64/bin/../lib/gcc/arm-none-eabi/12.2.0/../../../../arm-none-eabi/lib/thumb/v7e-m/nofp\libg_nano.a(libc_a-msizer.o)
 .ARM.attributes
                0x0000099d       0x2e c:/msys64/mingw64/bin/../lib/gcc/arm-none-eabi/12.2.0/../../../../arm-none-eabi/lib/thumb/v7e-m/nofp\libnosys.a(close.o)
 .ARM.attributes
                0x000009cb       0x2e c:/msys64/mingw64/bin/../lib/gcc/arm-none-eabi/12.2.0/../../../../arm-none-eabi/lib/thumb/v7e-m/nofp\libnosys.a(fstat.o)
 .ARM.attributes
                0x000009f9       0x2e c:/msys64/mingw64/bin/../lib/gcc/arm-none-eabi/12.2.0/../../../../arm-none-eabi/lib/thumb/v7e-m/nofp\libnosys.a(getpid.o)
 .ARM.attributes
                0x00000a27       0x2e c:/msys64/mingw64/bin/../lib/gcc/arm-none-eabi/12.2.0/../../../../arm-none-eabi/lib/thumb/v7e-m/nofp\libnosys.a(isatty.o)
 .ARM.attributes
                0x00000a55       0x2e c:/msys64/mingw64/bin/../lib/gcc/arm-none-eabi/12.2.0/../../../../arm-none-eabi/lib/thumb/v7e-m/nofp\libnosys.a(kill.o)
 .ARM.attributes
                0x00000a83       0x2e c:/msys64/mingw64/bin/../lib/gcc/arm-none-eabi/12.2.0/../../../../arm-none-eabi/lib/thumb/v7e-m/nofp\libnosys.a(lseek.o)
 .ARM.attributes
                0x00000ab1       0x2e c:/msys64/mingw64/bin/../lib/gcc/arm-none-eabi/12.2.0/../../../../arm-none-eabi/lib/thumb/v7e-m/nofp\libnosys.a(read.o)
 .ARM.attributes
                0x00000adf       0x2e c:/msys64/mingw64/bin/../lib/gcc/arm-none-eabi/12.2.0/../../../../arm-none-eabi/lib/thumb/v7e-m/nofp\libnosys.a(write.o)
 .ARM.attributes
                0x00000b0d       0x2e c:/msys64/mingw64/bin/../lib/gcc/arm-none-eabi/12.2.0/../../../../arm-none-eabi/lib/thumb/v7e-m/nofp\libnosys.a(_exit.o)
 .ARM.attributes
                0x00000b3b       0x1e c:/msys64/mingw64/bin/../lib/gcc/arm-none-eabi/12.2.0/thumb/v7e-m/nofp/crtn.o
OUTPUT(simpleserial-target-CWLITEARM.elf elf32-littlearm)
LOAD linker stubs
LOAD c:/msys64/mingw64/bin/../lib/gcc/arm-none-eabi/12.2.0/../../../../arm-none-eabi/lib/thumb/v7e-m/nofp\libc.a
LOAD c:/msys64/mingw64/bin/../lib/gcc/arm-none-eabi/12.2.0/../../../../arm-none-eabi/lib/thumb/v7e-m/nofp\libm.a
LOAD c:/msys64/mingw64/bin/../lib/gcc/arm-none-eabi/12.2.0/thumb/v7e-m/nofp\libgcc.a

.debug_info     0x00000000    0x16f56
 .debug_info    0x00000000      0x4b2 objdir/.//main.o
 .debug_info    0x000004b2      0xa68 objdir/.//network.o
 .debug_info    0x00000f1a      0x62d objdir/simpleserial.o
 .debug_info    0x00001547      0xd92 objdir/stm32f3_hal.o
 .debug_info    0x000022d9     0x240a objdir/stm32f3_hal_lowlevel.o
 .debug_info    0x000046e3       0xff objdir/stm32f3_sysmem.o
 .debug_info    0x000047e2       0xc0 c:/msys64/mingw64/bin/../lib/gcc/arm-none-eabi/12.2.0/thumb/v7e-m/nofp\libgcc.a(_arm_addsubdf3.o)
 .debug_info    0x000048a2       0x52 c:/msys64/mingw64/bin/../lib/gcc/arm-none-eabi/12.2.0/thumb/v7e-m/nofp\libgcc.a(_arm_muldivdf3.o)
 .debug_info    0x000048f4       0xc0 c:/msys64/mingw64/bin/../lib/gcc/arm-none-eabi/12.2.0/thumb/v7e-m/nofp\libgcc.a(_arm_cmpdf2.o)
 .debug_info    0x000049b4       0x39 c:/msys64/mingw64/bin/../lib/gcc/arm-none-eabi/12.2.0/thumb/v7e-m/nofp\libgcc.a(_arm_unorddf2.o)
 .debug_info    0x000049ed       0x39 c:/msys64/mingw64/bin/../lib/gcc/arm-none-eabi/12.2.0/thumb/v7e-m/nofp\libgcc.a(_arm_fixdfsi.o)
 .debug_info    0x00004a26       0x39 c:/msys64/mingw64/bin/../lib/gcc/arm-none-eabi/12.2.0/thumb/v7e-m/nofp\libgcc.a(_arm_fixunsdfsi.o)
 .debug_info    0x00004a5f      0x794 c:/msys64/mingw64/bin/../lib/gcc/arm-none-eabi/12.2.0/../../../../arm-none-eabi/lib/thumb/v7e-m/nofp\libg_nano.a(libc_a-malloc.o)
 .debug_info    0x000051f3      0x9c1 c:/msys64/mingw64/bin/../lib/gcc/arm-none-eabi/12.2.0/../../../../arm-none-eabi/lib/thumb/v7e-m/nofp\libg_nano.a(libc_a-mallocr.o)
 .debug_info    0x00005bb4      0x76b c:/msys64/mingw64/bin/../lib/gcc/arm-none-eabi/12.2.0/../../../../arm-none-eabi/lib/thumb/v7e-m/nofp\libg_nano.a(libc_a-mlock.o)
 .debug_info    0x0000631f      0x85f c:/msys64/mingw64/bin/../lib/gcc/arm-none-eabi/12.2.0/../../../../arm-none-eabi/lib/thumb/v7e-m/nofp\libg_nano.a(libc_a-rand.o)
 .debug_info    0x00006b7e     0x10be c:/msys64/mingw64/bin/../lib/gcc/arm-none-eabi/12.2.0/../../../../arm-none-eabi/lib/thumb/v7e-m/nofp\libg_nano.a(libc_a-findfp.o)
 .debug_info    0x00007c3c      0x7d2 c:/msys64/mingw64/bin/../lib/gcc/arm-none-eabi/12.2.0/../../../../arm-none-eabi/lib/thumb/v7e-m/nofp\libg_nano.a(libc_a-fwalk.o)
 .debug_info    0x0000840e      0xa4e c:/msys64/mingw64/bin/../lib/gcc/arm-none-eabi/12.2.0/../../../../arm-none-eabi/lib/thumb/v7e-m/nofp\libg_nano.a(libc_a-stdio.o)
 .debug_info    0x00008e5c      0x135 c:/msys64/mingw64/bin/../lib/gcc/arm-none-eabi/12.2.0/../../../../arm-none-eabi/lib/thumb/v7e-m/nofp\libg_nano.a(libc_a-memset.o)
 .debug_info    0x00008f91      0x756 c:/msys64/mingw64/bin/../lib/gcc/arm-none-eabi/12.2.0/../../../../arm-none-eabi/lib/thumb/v7e-m/nofp\libg_nano.a(libc_a-closer.o)
 .debug_info    0x000096e7      0x8a3 c:/msys64/mingw64/bin/../lib/gcc/arm-none-eabi/12.2.0/../../../../arm-none-eabi/lib/thumb/v7e-m/nofp\libg_nano.a(libc_a-reent.o)
 .debug_info    0x00009f8a      0x715 c:/msys64/mingw64/bin/../lib/gcc/arm-none-eabi/12.2.0/../../../../arm-none-eabi/lib/thumb/v7e-m/nofp\libg_nano.a(libc_a-impure.o)
 .debug_info    0x0000a69f      0x796 c:/msys64/mingw64/bin/../lib/gcc/arm-none-eabi/12.2.0/../../../../arm-none-eabi/lib/thumb/v7e-m/nofp\libg_nano.a(libc_a-lseekr.o)
 .debug_info    0x0000ae35      0x7ad c:/msys64/mingw64/bin/../lib/gcc/arm-none-eabi/12.2.0/../../../../arm-none-eabi/lib/thumb/v7e-m/nofp\libg_nano.a(libc_a-readr.o)
 .debug_info    0x0000b5e2      0x77c c:/msys64/mingw64/bin/../lib/gcc/arm-none-eabi/12.2.0/../../../../arm-none-eabi/lib/thumb/v7e-m/nofp\libg_nano.a(libc_a-sbrkr.o)
 .debug_info    0x0000bd5e      0x7b3 c:/msys64/mingw64/bin/../lib/gcc/arm-none-eabi/12.2.0/../../../../arm-none-eabi/lib/thumb/v7e-m/nofp\libg_nano.a(libc_a-writer.o)
 .debug_info    0x0000c511      0x6fb c:/msys64/mingw64/bin/../lib/gcc/arm-none-eabi/12.2.0/../../../../arm-none-eabi/lib/thumb/v7e-m/nofp\libg_nano.a(libc_a-errno.o)
 .debug_info    0x0000cc0c      0x10b c:/msys64/mingw64/bin/../lib/gcc/arm-none-eabi/12.2.0/../../../../arm-none-eabi/lib/thumb/v7e-m/nofp\libg_nano.a(libc_a-init.o)
 .debug_info    0x0000cd17      0x20a c:/msys64/mingw64/bin/../lib/gcc/arm-none-eabi/12.2.0/../../../../arm-none-eabi/lib/thumb/v7e-m/nofp\libg_nano.a(libc_a-lock.o)
 .debug_info    0x0000cf21      0x81d c:/msys64/mingw64/bin/../lib/gcc/arm-none-eabi/12.2.0/../../../../arm-none-eabi/lib/thumb/v7e-m/nofp\libg_nano.a(libc_a-assert.o)
 .debug_info    0x0000d73e      0x877 c:/msys64/mingw64/bin/../lib/gcc/arm-none-eabi/12.2.0/../../../../arm-none-eabi/lib/thumb/v7e-m/nofp\libg_nano.a(libc_a-freer.o)
 .debug_info    0x0000dfb5      0x9ec c:/msys64/mingw64/bin/../lib/gcc/arm-none-eabi/12.2.0/../../../../arm-none-eabi/lib/thumb/v7e-m/nofp\libg_nano.a(libc_a-fflush.o)
 .debug_info    0x0000e9a1      0x855 c:/msys64/mingw64/bin/../lib/gcc/arm-none-eabi/12.2.0/../../../../arm-none-eabi/lib/thumb/v7e-m/nofp\libg_nano.a(libc_a-fprintf.o)
 .debug_info    0x0000f1f6       0xd8 c:/msys64/mingw64/bin/../lib/gcc/arm-none-eabi/12.2.0/../../../../arm-none-eabi/lib/thumb/v7e-m/nofp\libg_nano.a(libc_a-abort.o)
 .debug_info    0x0000f2ce     0x10cb c:/msys64/mingw64/bin/../lib/gcc/arm-none-eabi/12.2.0/../../../../arm-none-eabi/lib/thumb/v7e-m/nofp\libg_nano.a(libc_a-nano-vfprintf.o)
 .debug_info    0x00010399      0xde1 c:/msys64/mingw64/bin/../lib/gcc/arm-none-eabi/12.2.0/../../../../arm-none-eabi/lib/thumb/v7e-m/nofp\libg_nano.a(libc_a-nano-vfprintf_i.o)
 .debug_info    0x0001117a      0xaf8 c:/msys64/mingw64/bin/../lib/gcc/arm-none-eabi/12.2.0/../../../../arm-none-eabi/lib/thumb/v7e-m/nofp\libg_nano.a(libc_a-fvwrite.o)
 .debug_info    0x00011c72      0x861 c:/msys64/mingw64/bin/../lib/gcc/arm-none-eabi/12.2.0/../../../../arm-none-eabi/lib/thumb/v7e-m/nofp\libg_nano.a(libc_a-wbuf.o)
 .debug_info    0x000124d3      0x7bb c:/msys64/mingw64/bin/../lib/gcc/arm-none-eabi/12.2.0/../../../../arm-none-eabi/lib/thumb/v7e-m/nofp\libg_nano.a(libc_a-wsetup.o)
 .debug_info    0x00012c8e      0x148 c:/msys64/mingw64/bin/../lib/gcc/arm-none-eabi/12.2.0/../../../../arm-none-eabi/lib/thumb/v7e-m/nofp\libg_nano.a(libc_a-memmove.o)
 .debug_info    0x00012dd6      0xc31 c:/msys64/mingw64/bin/../lib/gcc/arm-none-eabi/12.2.0/../../../../arm-none-eabi/lib/thumb/v7e-m/nofp\libg_nano.a(libc_a-signal.o)
 .debug_info    0x00013a07      0x7dd c:/msys64/mingw64/bin/../lib/gcc/arm-none-eabi/12.2.0/../../../../arm-none-eabi/lib/thumb/v7e-m/nofp\libg_nano.a(libc_a-signalr.o)
 .debug_info    0x000141e4       0x25 c:/msys64/mingw64/bin/../lib/gcc/arm-none-eabi/12.2.0/../../../../arm-none-eabi/lib/thumb/v7e-m/nofp\libg_nano.a(libc_a-memchr.o)
 .debug_info    0x00014209       0x33 c:/msys64/mingw64/bin/../lib/gcc/arm-none-eabi/12.2.0/../../../../arm-none-eabi/lib/thumb/v7e-m/nofp\libg_nano.a(libc_a-memcpy.o)
 .debug_info    0x0001423c      0x8d1 c:/msys64/mingw64/bin/../lib/gcc/arm-none-eabi/12.2.0/../../../../arm-none-eabi/lib/thumb/v7e-m/nofp\libg_nano.a(libc_a-reallocr.o)
 .debug_info    0x00014b0d      0xbea c:/msys64/mingw64/bin/../lib/gcc/arm-none-eabi/12.2.0/../../../../arm-none-eabi/lib/thumb/v7e-m/nofp\libg_nano.a(libc_a-makebuf.o)
 .debug_info    0x000156f7      0x975 c:/msys64/mingw64/bin/../lib/gcc/arm-none-eabi/12.2.0/../../../../arm-none-eabi/lib/thumb/v7e-m/nofp\libg_nano.a(libc_a-fstatr.o)
 .debug_info    0x0001606c      0x756 c:/msys64/mingw64/bin/../lib/gcc/arm-none-eabi/12.2.0/../../../../arm-none-eabi/lib/thumb/v7e-m/nofp\libg_nano.a(libc_a-isattyr.o)
 .debug_info    0x000167c2      0x794 c:/msys64/mingw64/bin/../lib/gcc/arm-none-eabi/12.2.0/../../../../arm-none-eabi/lib/thumb/v7e-m/nofp\libg_nano.a(libc_a-msizer.o)

.debug_abbrev   0x00000000     0x51ce
 .debug_abbrev  0x00000000      0x194 objdir/.//main.o
 .debug_abbrev  0x00000194      0x22a objdir/.//network.o
 .debug_abbrev  0x000003be      0x1d6 objdir/simpleserial.o
 .debug_abbrev  0x00000594      0x20f objdir/stm32f3_hal.o
 .debug_abbrev  0x000007a3      0x38f objdir/stm32f3_hal_lowlevel.o
 .debug_abbrev  0x00000b32       0xb1 objdir/stm32f3_sysmem.o
 .debug_abbrev  0x00000be3       0x21 c:/msys64/mingw64/bin/../lib/gcc/arm-none-eabi/12.2.0/thumb/v7e-m/nofp\libgcc.a(_arm_addsubdf3.o)
 .debug_abbrev  0x00000c04       0x21 c:/msys64/mingw64/bin/../lib/gcc/arm-none-eabi/12.2.0/thumb/v7e-m/nofp\libgcc.a(_arm_muldivdf3.o)
 .debug_abbrev  0x00000c25       0x21 c:/msys64/mingw64/bin/../lib/gcc/arm-none-eabi/12.2.0/thumb/v7e-m/nofp\libgcc.a(_arm_cmpdf2.o)
 .debug_abbrev  0x00000c46       0x21 c:/msys64/mingw64/bin/../lib/gcc/arm-none-eabi/12.2.0/thumb/v7e-m/nofp\libgcc.a(_arm_unorddf2.o)
 .debug_abbrev  0x00000c67       0x21 c:/msys64/mingw64/bin/../lib/gcc/arm-none-eabi/12.2.0/thumb/v7e-m/nofp\libgcc.a(_arm_fixdfsi.o)
 .debug_abbrev  0x00000c88       0x21 c:/msys64/mingw64/bin/../lib/gcc/arm-none-eabi/12.2.0/thumb/v7e-m/nofp\libgcc.a(_arm_fixunsdfsi.o)
 .debug_abbrev  0x00000ca9      0x1cf c:/msys64/mingw64/bin/../lib/gcc/arm-none-eabi/12.2.0/../../../../arm-none-eabi/lib/thumb/v7e-m/nofp\libg_nano.a(libc_a-malloc.o)
 .debug_abbrev  0x00000e78      0x24a c:/msys64/mingw64/bin/../lib/gcc/arm-none-eabi/12.2.0/../../../../arm-none-eabi/lib/thumb/v7e-m/nofp\libg_nano.a(libc_a-mallocr.o)
 .debug_abbrev  0x000010c2      0x1bf c:/msys64/mingw64/bin/../lib/gcc/arm-none-eabi/12.2.0/../../../../arm-none-eabi/lib/thumb/v7e-m/nofp\libg_nano.a(libc_a-mlock.o)
 .debug_abbrev  0x00001281      0x217 c:/msys64/mingw64/bin/../lib/gcc/arm-none-eabi/12.2.0/../../../../arm-none-eabi/lib/thumb/v7e-m/nofp\libg_nano.a(libc_a-rand.o)
 .debug_abbrev  0x00001498      0x446 c:/msys64/mingw64/bin/../lib/gcc/arm-none-eabi/12.2.0/../../../../arm-none-eabi/lib/thumb/v7e-m/nofp\libg_nano.a(libc_a-findfp.o)
 .debug_abbrev  0x000018de      0x19b c:/msys64/mingw64/bin/../lib/gcc/arm-none-eabi/12.2.0/../../../../arm-none-eabi/lib/thumb/v7e-m/nofp\libg_nano.a(libc_a-fwalk.o)
 .debug_abbrev  0x00001a79      0x224 c:/msys64/mingw64/bin/../lib/gcc/arm-none-eabi/12.2.0/../../../../arm-none-eabi/lib/thumb/v7e-m/nofp\libg_nano.a(libc_a-stdio.o)
 .debug_abbrev  0x00001c9d       0xb7 c:/msys64/mingw64/bin/../lib/gcc/arm-none-eabi/12.2.0/../../../../arm-none-eabi/lib/thumb/v7e-m/nofp\libg_nano.a(libc_a-memset.o)
 .debug_abbrev  0x00001d54      0x1b0 c:/msys64/mingw64/bin/../lib/gcc/arm-none-eabi/12.2.0/../../../../arm-none-eabi/lib/thumb/v7e-m/nofp\libg_nano.a(libc_a-closer.o)
 .debug_abbrev  0x00001f04      0x1ee c:/msys64/mingw64/bin/../lib/gcc/arm-none-eabi/12.2.0/../../../../arm-none-eabi/lib/thumb/v7e-m/nofp\libg_nano.a(libc_a-reent.o)
 .debug_abbrev  0x000020f2      0x149 c:/msys64/mingw64/bin/../lib/gcc/arm-none-eabi/12.2.0/../../../../arm-none-eabi/lib/thumb/v7e-m/nofp\libg_nano.a(libc_a-impure.o)
 .debug_abbrev  0x0000223b      0x1c4 c:/msys64/mingw64/bin/../lib/gcc/arm-none-eabi/12.2.0/../../../../arm-none-eabi/lib/thumb/v7e-m/nofp\libg_nano.a(libc_a-lseekr.o)
 .debug_abbrev  0x000023ff      0x1b0 c:/msys64/mingw64/bin/../lib/gcc/arm-none-eabi/12.2.0/../../../../arm-none-eabi/lib/thumb/v7e-m/nofp\libg_nano.a(libc_a-readr.o)
 .debug_abbrev  0x000025af      0x1da c:/msys64/mingw64/bin/../lib/gcc/arm-none-eabi/12.2.0/../../../../arm-none-eabi/lib/thumb/v7e-m/nofp\libg_nano.a(libc_a-sbrkr.o)
 .debug_abbrev  0x00002789      0x1b5 c:/msys64/mingw64/bin/../lib/gcc/arm-none-eabi/12.2.0/../../../../arm-none-eabi/lib/thumb/v7e-m/nofp\libg_nano.a(libc_a-writer.o)
 .debug_abbrev  0x0000293e      0x15e c:/msys64/mingw64/bin/../lib/gcc/arm-none-eabi/12.2.0/../../../../arm-none-eabi/lib/thumb/v7e-m/nofp\libg_nano.a(libc_a-errno.o)
 .debug_abbrev  0x00002a9c       0xc9 c:/msys64/mingw64/bin/../lib/gcc/arm-none-eabi/12.2.0/../../../../arm-none-eabi/lib/thumb/v7e-m/nofp\libg_nano.a(libc_a-init.o)
 .debug_abbrev  0x00002b65      0x115 c:/msys64/mingw64/bin/../lib/gcc/arm-none-eabi/12.2.0/../../../../arm-none-eabi/lib/thumb/v7e-m/nofp\libg_nano.a(libc_a-lock.o)
 .debug_abbrev  0x00002c7a      0x1ea c:/msys64/mingw64/bin/../lib/gcc/arm-none-eabi/12.2.0/../../../../arm-none-eabi/lib/thumb/v7e-m/nofp\libg_nano.a(libc_a-assert.o)
 .debug_abbrev  0x00002e64      0x249 c:/msys64/mingw64/bin/../lib/gcc/arm-none-eabi/12.2.0/../../../../arm-none-eabi/lib/thumb/v7e-m/nofp\libg_nano.a(libc_a-freer.o)
 .debug_abbrev  0x000030ad      0x2a6 c:/msys64/mingw64/bin/../lib/gcc/arm-none-eabi/12.2.0/../../../../arm-none-eabi/lib/thumb/v7e-m/nofp\libg_nano.a(libc_a-fflush.o)
 .debug_abbrev  0x00003353      0x21d c:/msys64/mingw64/bin/../lib/gcc/arm-none-eabi/12.2.0/../../../../arm-none-eabi/lib/thumb/v7e-m/nofp\libg_nano.a(libc_a-fprintf.o)
 .debug_abbrev  0x00003570       0x99 c:/msys64/mingw64/bin/../lib/gcc/arm-none-eabi/12.2.0/../../../../arm-none-eabi/lib/thumb/v7e-m/nofp\libg_nano.a(libc_a-abort.o)
 .debug_abbrev  0x00003609      0x377 c:/msys64/mingw64/bin/../lib/gcc/arm-none-eabi/12.2.0/../../../../arm-none-eabi/lib/thumb/v7e-m/nofp\libg_nano.a(libc_a-nano-vfprintf.o)
 .debug_abbrev  0x00003980      0x28d c:/msys64/mingw64/bin/../lib/gcc/arm-none-eabi/12.2.0/../../../../arm-none-eabi/lib/thumb/v7e-m/nofp\libg_nano.a(libc_a-nano-vfprintf_i.o)
 .debug_abbrev  0x00003c0d      0x224 c:/msys64/mingw64/bin/../lib/gcc/arm-none-eabi/12.2.0/../../../../arm-none-eabi/lib/thumb/v7e-m/nofp\libg_nano.a(libc_a-fvwrite.o)
 .debug_abbrev  0x00003e31      0x236 c:/msys64/mingw64/bin/../lib/gcc/arm-none-eabi/12.2.0/../../../../arm-none-eabi/lib/thumb/v7e-m/nofp\libg_nano.a(libc_a-wbuf.o)
 .debug_abbrev  0x00004067      0x1e2 c:/msys64/mingw64/bin/../lib/gcc/arm-none-eabi/12.2.0/../../../../arm-none-eabi/lib/thumb/v7e-m/nofp\libg_nano.a(libc_a-wsetup.o)
 .debug_abbrev  0x00004249       0xc3 c:/msys64/mingw64/bin/../lib/gcc/arm-none-eabi/12.2.0/../../../../arm-none-eabi/lib/thumb/v7e-m/nofp\libg_nano.a(libc_a-memmove.o)
 .debug_abbrev  0x0000430c      0x2d7 c:/msys64/mingw64/bin/../lib/gcc/arm-none-eabi/12.2.0/../../../../arm-none-eabi/lib/thumb/v7e-m/nofp\libg_nano.a(libc_a-signal.o)
 .debug_abbrev  0x000045e3      0x1fd c:/msys64/mingw64/bin/../lib/gcc/arm-none-eabi/12.2.0/../../../../arm-none-eabi/lib/thumb/v7e-m/nofp\libg_nano.a(libc_a-signalr.o)
 .debug_abbrev  0x000047e0       0x14 c:/msys64/mingw64/bin/../lib/gcc/arm-none-eabi/12.2.0/../../../../arm-none-eabi/lib/thumb/v7e-m/nofp\libg_nano.a(libc_a-memchr.o)
 .debug_abbrev  0x000047f4       0x28 c:/msys64/mingw64/bin/../lib/gcc/arm-none-eabi/12.2.0/../../../../arm-none-eabi/lib/thumb/v7e-m/nofp\libg_nano.a(libc_a-memcpy.o)
 .debug_abbrev  0x0000481c      0x20c c:/msys64/mingw64/bin/../lib/gcc/arm-none-eabi/12.2.0/../../../../arm-none-eabi/lib/thumb/v7e-m/nofp\libg_nano.a(libc_a-reallocr.o)
 .debug_abbrev  0x00004a28      0x29d c:/msys64/mingw64/bin/../lib/gcc/arm-none-eabi/12.2.0/../../../../arm-none-eabi/lib/thumb/v7e-m/nofp\libg_nano.a(libc_a-makebuf.o)
 .debug_abbrev  0x00004cc5      0x1c3 c:/msys64/mingw64/bin/../lib/gcc/arm-none-eabi/12.2.0/../../../../arm-none-eabi/lib/thumb/v7e-m/nofp\libg_nano.a(libc_a-fstatr.o)
 .debug_abbrev  0x00004e88      0x1b0 c:/msys64/mingw64/bin/../lib/gcc/arm-none-eabi/12.2.0/../../../../arm-none-eabi/lib/thumb/v7e-m/nofp\libg_nano.a(libc_a-isattyr.o)
 .debug_abbrev  0x00005038      0x196 c:/msys64/mingw64/bin/../lib/gcc/arm-none-eabi/12.2.0/../../../../arm-none-eabi/lib/thumb/v7e-m/nofp\libg_nano.a(libc_a-msizer.o)

.debug_loc      0x00000000     0x12a6
 .debug_loc     0x00000000       0x8a objdir/.//main.o
 .debug_loc     0x0000008a      0x4d2 objdir/.//network.o
 .debug_loc     0x0000055c      0x438 objdir/simpleserial.o
 .debug_loc     0x00000994      0x28a objdir/stm32f3_hal.o
 .debug_loc     0x00000c1e      0x638 objdir/stm32f3_hal_lowlevel.o
 .debug_loc     0x00001256       0x50 objdir/stm32f3_sysmem.o

.debug_aranges  0x00000000      0x7e8
 .debug_aranges
                0x00000000       0x28 objdir/.//main.o
 .debug_aranges
                0x00000028       0x90 objdir/.//network.o
 .debug_aranges
                0x000000b8       0x80 objdir/simpleserial.o
 .debug_aranges
                0x00000138       0x60 objdir/stm32f3_hal.o
 .debug_aranges
                0x00000198       0xb8 objdir/stm32f3_hal_lowlevel.o
 .debug_aranges
                0x00000250       0x20 objdir/stm32f3_sysmem.o
 .debug_aranges
                0x00000270       0x20 c:/msys64/mingw64/bin/../lib/gcc/arm-none-eabi/12.2.0/thumb/v7e-m/nofp\libgcc.a(_arm_addsubdf3.o)
 .debug_aranges
                0x00000290       0x20 c:/msys64/mingw64/bin/../lib/gcc/arm-none-eabi/12.2.0/thumb/v7e-m/nofp\libgcc.a(_arm_muldivdf3.o)
 .debug_aranges
                0x000002b0       0x20 c:/msys64/mingw64/bin/../lib/gcc/arm-none-eabi/12.2.0/thumb/v7e-m/nofp\libgcc.a(_arm_cmpdf2.o)
 .debug_aranges
                0x000002d0       0x20 c:/msys64/mingw64/bin/../lib/gcc/arm-none-eabi/12.2.0/thumb/v7e-m/nofp\libgcc.a(_arm_unorddf2.o)
 .debug_aranges
                0x000002f0       0x20 c:/msys64/mingw64/bin/../lib/gcc/arm-none-eabi/12.2.0/thumb/v7e-m/nofp\libgcc.a(_arm_fixdfsi.o)
 .debug_aranges
                0x00000310       0x20 c:/msys64/mingw64/bin/../lib/gcc/arm-none-eabi/12.2.0/thumb/v7e-m/nofp\libgcc.a(_arm_fixunsdfsi.o)
 .debug_aranges
                0x00000330       0x20 c:/msys64/mingw64/bin/../lib/gcc/arm-none-eabi/12.2.0/../../../../arm-none-eabi/lib/thumb/v7e-m/nofp\libg_nano.a(libc_a-malloc.o)
 .debug_aranges
                0x00000350       0x20 c:/msys64/mingw64/bin/../lib/gcc/arm-none-eabi/12.2.0/../../../../arm-none-eabi/lib/thumb/v7e-m/nofp\libg_nano.a(libc_a-mallocr.o)
 .debug_aranges
                0x00000370       0x20 c:/msys64/mingw64/bin/../lib/gcc/arm-none-eabi/12.2.0/../../../../arm-none-eabi/lib/thumb/v7e-m/nofp\libg_nano.a(libc_a-mlock.o)
 .debug_aranges
                0x00000390       0x20 c:/msys64/mingw64/bin/../lib/gcc/arm-none-eabi/12.2.0/../../../../arm-none-eabi/lib/thumb/v7e-m/nofp\libg_nano.a(libc_a-rand.o)
 .debug_aranges
                0x000003b0       0x20 c:/msys64/mingw64/bin/../lib/gcc/arm-none-eabi/12.2.0/../../../../arm-none-eabi/lib/thumb/v7e-m/nofp\libg_nano.a(libc_a-findfp.o)
 .debug_aranges
                0x000003d0       0x20 c:/msys64/mingw64/bin/../lib/gcc/arm-none-eabi/12.2.0/../../../../arm-none-eabi/lib/thumb/v7e-m/nofp\libg_nano.a(libc_a-fwalk.o)
 .debug_aranges
                0x000003f0       0x20 c:/msys64/mingw64/bin/../lib/gcc/arm-none-eabi/12.2.0/../../../../arm-none-eabi/lib/thumb/v7e-m/nofp\libg_nano.a(libc_a-stdio.o)
 .debug_aranges
                0x00000410       0x20 c:/msys64/mingw64/bin/../lib/gcc/arm-none-eabi/12.2.0/../../../../arm-none-eabi/lib/thumb/v7e-m/nofp\libg_nano.a(libc_a-memset.o)
 .debug_aranges
                0x00000430       0x20 c:/msys64/mingw64/bin/../lib/gcc/arm-none-eabi/12.2.0/../../../../arm-none-eabi/lib/thumb/v7e-m/nofp\libg_nano.a(libc_a-closer.o)
 .debug_aranges
                0x00000450       0x20 c:/msys64/mingw64/bin/../lib/gcc/arm-none-eabi/12.2.0/../../../../arm-none-eabi/lib/thumb/v7e-m/nofp\libg_nano.a(libc_a-reent.o)
 .debug_aranges
                0x00000470       0x18 c:/msys64/mingw64/bin/../lib/gcc/arm-none-eabi/12.2.0/../../../../arm-none-eabi/lib/thumb/v7e-m/nofp\libg_nano.a(libc_a-impure.o)
 .debug_aranges
                0x00000488       0x20 c:/msys64/mingw64/bin/../lib/gcc/arm-none-eabi/12.2.0/../../../../arm-none-eabi/lib/thumb/v7e-m/nofp\libg_nano.a(libc_a-lseekr.o)
 .debug_aranges
                0x000004a8       0x20 c:/msys64/mingw64/bin/../lib/gcc/arm-none-eabi/12.2.0/../../../../arm-none-eabi/lib/thumb/v7e-m/nofp\libg_nano.a(libc_a-readr.o)
 .debug_aranges
                0x000004c8       0x20 c:/msys64/mingw64/bin/../lib/gcc/arm-none-eabi/12.2.0/../../../../arm-none-eabi/lib/thumb/v7e-m/nofp\libg_nano.a(libc_a-sbrkr.o)
 .debug_aranges
                0x000004e8       0x20 c:/msys64/mingw64/bin/../lib/gcc/arm-none-eabi/12.2.0/../../../../arm-none-eabi/lib/thumb/v7e-m/nofp\libg_nano.a(libc_a-writer.o)
 .debug_aranges
                0x00000508       0x20 c:/msys64/mingw64/bin/../lib/gcc/arm-none-eabi/12.2.0/../../../../arm-none-eabi/lib/thumb/v7e-m/nofp\libg_nano.a(libc_a-errno.o)
 .debug_aranges
                0x00000528       0x20 c:/msys64/mingw64/bin/../lib/gcc/arm-none-eabi/12.2.0/../../../../arm-none-eabi/lib/thumb/v7e-m/nofp\libg_nano.a(libc_a-init.o)
 .debug_aranges
                0x00000548       0x20 c:/msys64/mingw64/bin/../lib/gcc/arm-none-eabi/12.2.0/../../../../arm-none-eabi/lib/thumb/v7e-m/nofp\libg_nano.a(libc_a-lock.o)
 .debug_aranges
                0x00000568       0x20 c:/msys64/mingw64/bin/../lib/gcc/arm-none-eabi/12.2.0/../../../../arm-none-eabi/lib/thumb/v7e-m/nofp\libg_nano.a(libc_a-assert.o)
 .debug_aranges
                0x00000588       0x20 c:/msys64/mingw64/bin/../lib/gcc/arm-none-eabi/12.2.0/../../../../arm-none-eabi/lib/thumb/v7e-m/nofp\libg_nano.a(libc_a-freer.o)
 .debug_aranges
                0x000005a8       0x20 c:/msys64/mingw64/bin/../lib/gcc/arm-none-eabi/12.2.0/../../../../arm-none-eabi/lib/thumb/v7e-m/nofp\libg_nano.a(libc_a-fflush.o)
 .debug_aranges
                0x000005c8       0x20 c:/msys64/mingw64/bin/../lib/gcc/arm-none-eabi/12.2.0/../../../../arm-none-eabi/lib/thumb/v7e-m/nofp\libg_nano.a(libc_a-fprintf.o)
 .debug_aranges
                0x000005e8       0x20 c:/msys64/mingw64/bin/../lib/gcc/arm-none-eabi/12.2.0/../../../../arm-none-eabi/lib/thumb/v7e-m/nofp\libg_nano.a(libc_a-abort.o)
 .debug_aranges
                0x00000608       0x20 c:/msys64/mingw64/bin/../lib/gcc/arm-none-eabi/12.2.0/../../../../arm-none-eabi/lib/thumb/v7e-m/nofp\libg_nano.a(libc_a-nano-vfprintf.o)
 .debug_aranges
                0x00000628       0x20 c:/msys64/mingw64/bin/../lib/gcc/arm-none-eabi/12.2.0/../../../../arm-none-eabi/lib/thumb/v7e-m/nofp\libg_nano.a(libc_a-nano-vfprintf_i.o)
 .debug_aranges
                0x00000648       0x20 c:/msys64/mingw64/bin/../lib/gcc/arm-none-eabi/12.2.0/../../../../arm-none-eabi/lib/thumb/v7e-m/nofp\libg_nano.a(libc_a-fvwrite.o)
 .debug_aranges
                0x00000668       0x20 c:/msys64/mingw64/bin/../lib/gcc/arm-none-eabi/12.2.0/../../../../arm-none-eabi/lib/thumb/v7e-m/nofp\libg_nano.a(libc_a-wbuf.o)
 .debug_aranges
                0x00000688       0x20 c:/msys64/mingw64/bin/../lib/gcc/arm-none-eabi/12.2.0/../../../../arm-none-eabi/lib/thumb/v7e-m/nofp\libg_nano.a(libc_a-wsetup.o)
 .debug_aranges
                0x000006a8       0x20 c:/msys64/mingw64/bin/../lib/gcc/arm-none-eabi/12.2.0/../../../../arm-none-eabi/lib/thumb/v7e-m/nofp\libg_nano.a(libc_a-memmove.o)
 .debug_aranges
                0x000006c8       0x20 c:/msys64/mingw64/bin/../lib/gcc/arm-none-eabi/12.2.0/../../../../arm-none-eabi/lib/thumb/v7e-m/nofp\libg_nano.a(libc_a-signal.o)
 .debug_aranges
                0x000006e8       0x20 c:/msys64/mingw64/bin/../lib/gcc/arm-none-eabi/12.2.0/../../../../arm-none-eabi/lib/thumb/v7e-m/nofp\libg_nano.a(libc_a-signalr.o)
 .debug_aranges
                0x00000708       0x20 c:/msys64/mingw64/bin/../lib/gcc/arm-none-eabi/12.2.0/../../../../arm-none-eabi/lib/thumb/v7e-m/nofp\libg_nano.a(libc_a-memchr.o)
 .debug_aranges
                0x00000728       0x20 c:/msys64/mingw64/bin/../lib/gcc/arm-none-eabi/12.2.0/../../../../arm-none-eabi/lib/thumb/v7e-m/nofp\libg_nano.a(libc_a-memcpy.o)
 .debug_aranges
                0x00000748       0x20 c:/msys64/mingw64/bin/../lib/gcc/arm-none-eabi/12.2.0/../../../../arm-none-eabi/lib/thumb/v7e-m/nofp\libg_nano.a(libc_a-reallocr.o)
 .debug_aranges
                0x00000768       0x20 c:/msys64/mingw64/bin/../lib/gcc/arm-none-eabi/12.2.0/../../../../arm-none-eabi/lib/thumb/v7e-m/nofp\libg_nano.a(libc_a-makebuf.o)
 .debug_aranges
                0x00000788       0x20 c:/msys64/mingw64/bin/../lib/gcc/arm-none-eabi/12.2.0/../../../../arm-none-eabi/lib/thumb/v7e-m/nofp\libg_nano.a(libc_a-fstatr.o)
 .debug_aranges
                0x000007a8       0x20 c:/msys64/mingw64/bin/../lib/gcc/arm-none-eabi/12.2.0/../../../../arm-none-eabi/lib/thumb/v7e-m/nofp\libg_nano.a(libc_a-isattyr.o)
 .debug_aranges
                0x000007c8       0x20 c:/msys64/mingw64/bin/../lib/gcc/arm-none-eabi/12.2.0/../../../../arm-none-eabi/lib/thumb/v7e-m/nofp\libg_nano.a(libc_a-msizer.o)

.debug_ranges   0x00000000      0x210
 .debug_ranges  0x00000000       0x18 objdir/.//main.o
 .debug_ranges  0x00000018       0x80 objdir/.//network.o
 .debug_ranges  0x00000098       0x70 objdir/simpleserial.o
 .debug_ranges  0x00000108       0x50 objdir/stm32f3_hal.o
 .debug_ranges  0x00000158       0xa8 objdir/stm32f3_hal_lowlevel.o
 .debug_ranges  0x00000200       0x10 objdir/stm32f3_sysmem.o

.debug_line     0x00000000     0x917b
 .debug_line    0x00000000      0x29b objdir/.//main.o
 .debug_line    0x0000029b      0xe8a objdir/.//network.o
 .debug_line    0x00001125      0x597 objdir/simpleserial.o
 .debug_line    0x000016bc      0x2e8 objdir/stm32f3_hal.o
 .debug_line    0x000019a4     0x1304 objdir/stm32f3_hal_lowlevel.o
 .debug_line    0x00002ca8       0xcf objdir/stm32f3_sysmem.o
 .debug_line    0x00002d77      0x16f c:/msys64/mingw64/bin/../lib/gcc/arm-none-eabi/12.2.0/thumb/v7e-m/nofp\libgcc.a(_arm_addsubdf3.o)
 .debug_line    0x00002ee6      0x184 c:/msys64/mingw64/bin/../lib/gcc/arm-none-eabi/12.2.0/thumb/v7e-m/nofp\libgcc.a(_arm_muldivdf3.o)
 .debug_line    0x0000306a       0xa6 c:/msys64/mingw64/bin/../lib/gcc/arm-none-eabi/12.2.0/thumb/v7e-m/nofp\libgcc.a(_arm_cmpdf2.o)
 .debug_line    0x00003110       0x57 c:/msys64/mingw64/bin/../lib/gcc/arm-none-eabi/12.2.0/thumb/v7e-m/nofp\libgcc.a(_arm_unorddf2.o)
 .debug_line    0x00003167       0x62 c:/msys64/mingw64/bin/../lib/gcc/arm-none-eabi/12.2.0/thumb/v7e-m/nofp\libgcc.a(_arm_fixdfsi.o)
 .debug_line    0x000031c9       0x5e c:/msys64/mingw64/bin/../lib/gcc/arm-none-eabi/12.2.0/thumb/v7e-m/nofp\libgcc.a(_arm_fixunsdfsi.o)
 .debug_line    0x00003227      0x175 c:/msys64/mingw64/bin/../lib/gcc/arm-none-eabi/12.2.0/../../../../arm-none-eabi/lib/thumb/v7e-m/nofp\libg_nano.a(libc_a-malloc.o)
 .debug_line    0x0000339c      0x42a c:/msys64/mingw64/bin/../lib/gcc/arm-none-eabi/12.2.0/../../../../arm-none-eabi/lib/thumb/v7e-m/nofp\libg_nano.a(libc_a-mallocr.o)
 .debug_line    0x000037c6      0x162 c:/msys64/mingw64/bin/../lib/gcc/arm-none-eabi/12.2.0/../../../../arm-none-eabi/lib/thumb/v7e-m/nofp\libg_nano.a(libc_a-mlock.o)
 .debug_line    0x00003928      0x2a2 c:/msys64/mingw64/bin/../lib/gcc/arm-none-eabi/12.2.0/../../../../arm-none-eabi/lib/thumb/v7e-m/nofp\libg_nano.a(libc_a-rand.o)
 .debug_line    0x00003bca      0x63e c:/msys64/mingw64/bin/../lib/gcc/arm-none-eabi/12.2.0/../../../../arm-none-eabi/lib/thumb/v7e-m/nofp\libg_nano.a(libc_a-findfp.o)
 .debug_line    0x00004208      0x1d4 c:/msys64/mingw64/bin/../lib/gcc/arm-none-eabi/12.2.0/../../../../arm-none-eabi/lib/thumb/v7e-m/nofp\libg_nano.a(libc_a-fwalk.o)
 .debug_line    0x000043dc      0x235 c:/msys64/mingw64/bin/../lib/gcc/arm-none-eabi/12.2.0/../../../../arm-none-eabi/lib/thumb/v7e-m/nofp\libg_nano.a(libc_a-stdio.o)
 .debug_line    0x00004611      0x1cd c:/msys64/mingw64/bin/../lib/gcc/arm-none-eabi/12.2.0/../../../../arm-none-eabi/lib/thumb/v7e-m/nofp\libg_nano.a(libc_a-memset.o)
 .debug_line    0x000047de      0x199 c:/msys64/mingw64/bin/../lib/gcc/arm-none-eabi/12.2.0/../../../../arm-none-eabi/lib/thumb/v7e-m/nofp\libg_nano.a(libc_a-closer.o)
 .debug_line    0x00004977      0x285 c:/msys64/mingw64/bin/../lib/gcc/arm-none-eabi/12.2.0/../../../../arm-none-eabi/lib/thumb/v7e-m/nofp\libg_nano.a(libc_a-reent.o)
 .debug_line    0x00004bfc       0xfb c:/msys64/mingw64/bin/../lib/gcc/arm-none-eabi/12.2.0/../../../../arm-none-eabi/lib/thumb/v7e-m/nofp\libg_nano.a(libc_a-impure.o)
 .debug_line    0x00004cf7      0x19f c:/msys64/mingw64/bin/../lib/gcc/arm-none-eabi/12.2.0/../../../../arm-none-eabi/lib/thumb/v7e-m/nofp\libg_nano.a(libc_a-lseekr.o)
 .debug_line    0x00004e96      0x19e c:/msys64/mingw64/bin/../lib/gcc/arm-none-eabi/12.2.0/../../../../arm-none-eabi/lib/thumb/v7e-m/nofp\libg_nano.a(libc_a-readr.o)
 .debug_line    0x00005034      0x199 c:/msys64/mingw64/bin/../lib/gcc/arm-none-eabi/12.2.0/../../../../arm-none-eabi/lib/thumb/v7e-m/nofp\libg_nano.a(libc_a-sbrkr.o)
 .debug_line    0x000051cd      0x19f c:/msys64/mingw64/bin/../lib/gcc/arm-none-eabi/12.2.0/../../../../arm-none-eabi/lib/thumb/v7e-m/nofp\libg_nano.a(libc_a-writer.o)
 .debug_line    0x0000536c      0x120 c:/msys64/mingw64/bin/../lib/gcc/arm-none-eabi/12.2.0/../../../../arm-none-eabi/lib/thumb/v7e-m/nofp\libg_nano.a(libc_a-errno.o)
 .debug_line    0x0000548c      0x144 c:/msys64/mingw64/bin/../lib/gcc/arm-none-eabi/12.2.0/../../../../arm-none-eabi/lib/thumb/v7e-m/nofp\libg_nano.a(libc_a-init.o)
 .debug_line    0x000055d0       0xd7 c:/msys64/mingw64/bin/../lib/gcc/arm-none-eabi/12.2.0/../../../../arm-none-eabi/lib/thumb/v7e-m/nofp\libg_nano.a(libc_a-lock.o)
 .debug_line    0x000056a7      0x1aa c:/msys64/mingw64/bin/../lib/gcc/arm-none-eabi/12.2.0/../../../../arm-none-eabi/lib/thumb/v7e-m/nofp\libg_nano.a(libc_a-assert.o)
 .debug_line    0x00005851      0x2d5 c:/msys64/mingw64/bin/../lib/gcc/arm-none-eabi/12.2.0/../../../../arm-none-eabi/lib/thumb/v7e-m/nofp\libg_nano.a(libc_a-freer.o)
 .debug_line    0x00005b26      0x42d c:/msys64/mingw64/bin/../lib/gcc/arm-none-eabi/12.2.0/../../../../arm-none-eabi/lib/thumb/v7e-m/nofp\libg_nano.a(libc_a-fflush.o)
 .debug_line    0x00005f53      0x1b4 c:/msys64/mingw64/bin/../lib/gcc/arm-none-eabi/12.2.0/../../../../arm-none-eabi/lib/thumb/v7e-m/nofp\libg_nano.a(libc_a-fprintf.o)
 .debug_line    0x00006107      0x110 c:/msys64/mingw64/bin/../lib/gcc/arm-none-eabi/12.2.0/../../../../arm-none-eabi/lib/thumb/v7e-m/nofp\libg_nano.a(libc_a-abort.o)
 .debug_line    0x00006217      0x6de c:/msys64/mingw64/bin/../lib/gcc/arm-none-eabi/12.2.0/../../../../arm-none-eabi/lib/thumb/v7e-m/nofp\libg_nano.a(libc_a-nano-vfprintf.o)
 .debug_line    0x000068f5      0x752 c:/msys64/mingw64/bin/../lib/gcc/arm-none-eabi/12.2.0/../../../../arm-none-eabi/lib/thumb/v7e-m/nofp\libg_nano.a(libc_a-nano-vfprintf_i.o)
 .debug_line    0x00007047      0x607 c:/msys64/mingw64/bin/../lib/gcc/arm-none-eabi/12.2.0/../../../../arm-none-eabi/lib/thumb/v7e-m/nofp\libg_nano.a(libc_a-fvwrite.o)
 .debug_line    0x0000764e      0x267 c:/msys64/mingw64/bin/../lib/gcc/arm-none-eabi/12.2.0/../../../../arm-none-eabi/lib/thumb/v7e-m/nofp\libg_nano.a(libc_a-wbuf.o)
 .debug_line    0x000078b5      0x2da c:/msys64/mingw64/bin/../lib/gcc/arm-none-eabi/12.2.0/../../../../arm-none-eabi/lib/thumb/v7e-m/nofp\libg_nano.a(libc_a-wsetup.o)
 .debug_line    0x00007b8f      0x207 c:/msys64/mingw64/bin/../lib/gcc/arm-none-eabi/12.2.0/../../../../arm-none-eabi/lib/thumb/v7e-m/nofp\libg_nano.a(libc_a-memmove.o)
 .debug_line    0x00007d96      0x61c c:/msys64/mingw64/bin/../lib/gcc/arm-none-eabi/12.2.0/../../../../arm-none-eabi/lib/thumb/v7e-m/nofp\libg_nano.a(libc_a-signal.o)
 .debug_line    0x000083b2      0x1cb c:/msys64/mingw64/bin/../lib/gcc/arm-none-eabi/12.2.0/../../../../arm-none-eabi/lib/thumb/v7e-m/nofp\libg_nano.a(libc_a-signalr.o)
 .debug_line    0x0000857d       0x84 c:/msys64/mingw64/bin/../lib/gcc/arm-none-eabi/12.2.0/../../../../arm-none-eabi/lib/thumb/v7e-m/nofp\libg_nano.a(libc_a-memchr.o)
 .debug_line    0x00008601       0xb9 c:/msys64/mingw64/bin/../lib/gcc/arm-none-eabi/12.2.0/../../../../arm-none-eabi/lib/thumb/v7e-m/nofp\libg_nano.a(libc_a-memcpy.o)
 .debug_line    0x000086ba      0x1f8 c:/msys64/mingw64/bin/../lib/gcc/arm-none-eabi/12.2.0/../../../../arm-none-eabi/lib/thumb/v7e-m/nofp\libg_nano.a(libc_a-reallocr.o)
 .debug_line    0x000088b2      0x397 c:/msys64/mingw64/bin/../lib/gcc/arm-none-eabi/12.2.0/../../../../arm-none-eabi/lib/thumb/v7e-m/nofp\libg_nano.a(libc_a-makebuf.o)
 .debug_line    0x00008c49      0x218 c:/msys64/mingw64/bin/../lib/gcc/arm-none-eabi/12.2.0/../../../../arm-none-eabi/lib/thumb/v7e-m/nofp\libg_nano.a(libc_a-fstatr.o)
 .debug_line    0x00008e61      0x19a c:/msys64/mingw64/bin/../lib/gcc/arm-none-eabi/12.2.0/../../../../arm-none-eabi/lib/thumb/v7e-m/nofp\libg_nano.a(libc_a-isattyr.o)
 .debug_line    0x00008ffb      0x180 c:/msys64/mingw64/bin/../lib/gcc/arm-none-eabi/12.2.0/../../../../arm-none-eabi/lib/thumb/v7e-m/nofp\libg_nano.a(libc_a-msizer.o)

.debug_str      0x00000000     0x30a9
 .debug_str     0x00000000     0x30a9 objdir/.//main.o
                                0x324 (size before relaxing)
 .debug_str     0x000030a9      0x484 objdir/.//network.o
 .debug_str     0x000030a9      0x37f objdir/simpleserial.o
 .debug_str     0x000030a9      0x994 objdir/stm32f3_hal.o
 .debug_str     0x000030a9     0x11bd objdir/stm32f3_hal_lowlevel.o
 .debug_str     0x000030a9      0x20e objdir/stm32f3_sysmem.o
 .debug_str     0x000030a9      0x170 c:/msys64/mingw64/bin/../lib/gcc/arm-none-eabi/12.2.0/thumb/v7e-m/nofp\libgcc.a(_arm_addsubdf3.o)
 .debug_str     0x000030a9       0xe2 c:/msys64/mingw64/bin/../lib/gcc/arm-none-eabi/12.2.0/thumb/v7e-m/nofp\libgcc.a(_arm_muldivdf3.o)
 .debug_str     0x000030a9      0x16b c:/msys64/mingw64/bin/../lib/gcc/arm-none-eabi/12.2.0/thumb/v7e-m/nofp\libgcc.a(_arm_cmpdf2.o)
 .debug_str     0x000030a9       0xd0 c:/msys64/mingw64/bin/../lib/gcc/arm-none-eabi/12.2.0/thumb/v7e-m/nofp\libgcc.a(_arm_unorddf2.o)
 .debug_str     0x000030a9       0xcd c:/msys64/mingw64/bin/../lib/gcc/arm-none-eabi/12.2.0/thumb/v7e-m/nofp\libgcc.a(_arm_fixdfsi.o)
 .debug_str     0x000030a9       0xd1 c:/msys64/mingw64/bin/../lib/gcc/arm-none-eabi/12.2.0/thumb/v7e-m/nofp\libgcc.a(_arm_fixunsdfsi.o)
 .debug_str     0x000030a9      0x4c6 c:/msys64/mingw64/bin/../lib/gcc/arm-none-eabi/12.2.0/../../../../arm-none-eabi/lib/thumb/v7e-m/nofp\libg_nano.a(libc_a-malloc.o)
 .debug_str     0x000030a9      0x582 c:/msys64/mingw64/bin/../lib/gcc/arm-none-eabi/12.2.0/../../../../arm-none-eabi/lib/thumb/v7e-m/nofp\libg_nano.a(libc_a-mallocr.o)
 .debug_str     0x000030a9      0x523 c:/msys64/mingw64/bin/../lib/gcc/arm-none-eabi/12.2.0/../../../../arm-none-eabi/lib/thumb/v7e-m/nofp\libg_nano.a(libc_a-mlock.o)
 .debug_str     0x000030a9      0x4c5 c:/msys64/mingw64/bin/../lib/gcc/arm-none-eabi/12.2.0/../../../../arm-none-eabi/lib/thumb/v7e-m/nofp\libg_nano.a(libc_a-rand.o)
 .debug_str     0x000030a9      0x724 c:/msys64/mingw64/bin/../lib/gcc/arm-none-eabi/12.2.0/../../../../arm-none-eabi/lib/thumb/v7e-m/nofp\libg_nano.a(libc_a-findfp.o)
 .debug_str     0x000030a9      0x4b1 c:/msys64/mingw64/bin/../lib/gcc/arm-none-eabi/12.2.0/../../../../arm-none-eabi/lib/thumb/v7e-m/nofp\libg_nano.a(libc_a-fwalk.o)
 .debug_str     0x000030a9      0x50e c:/msys64/mingw64/bin/../lib/gcc/arm-none-eabi/12.2.0/../../../../arm-none-eabi/lib/thumb/v7e-m/nofp\libg_nano.a(libc_a-stdio.o)
 .debug_str     0x000030a9      0x195 c:/msys64/mingw64/bin/../lib/gcc/arm-none-eabi/12.2.0/../../../../arm-none-eabi/lib/thumb/v7e-m/nofp\libg_nano.a(libc_a-memset.o)
 .debug_str     0x000030a9      0x497 c:/msys64/mingw64/bin/../lib/gcc/arm-none-eabi/12.2.0/../../../../arm-none-eabi/lib/thumb/v7e-m/nofp\libg_nano.a(libc_a-closer.o)
 .debug_str     0x000030a9      0x4c0 c:/msys64/mingw64/bin/../lib/gcc/arm-none-eabi/12.2.0/../../../../arm-none-eabi/lib/thumb/v7e-m/nofp\libg_nano.a(libc_a-reent.o)
 .debug_str     0x000030a9      0x4a1 c:/msys64/mingw64/bin/../lib/gcc/arm-none-eabi/12.2.0/../../../../arm-none-eabi/lib/thumb/v7e-m/nofp\libg_nano.a(libc_a-impure.o)
 .debug_str     0x000030a9      0x4a5 c:/msys64/mingw64/bin/../lib/gcc/arm-none-eabi/12.2.0/../../../../arm-none-eabi/lib/thumb/v7e-m/nofp\libg_nano.a(libc_a-lseekr.o)
 .debug_str     0x000030a9      0x4a5 c:/msys64/mingw64/bin/../lib/gcc/arm-none-eabi/12.2.0/../../../../arm-none-eabi/lib/thumb/v7e-m/nofp\libg_nano.a(libc_a-readr.o)
 .debug_str     0x000030a9      0x4aa c:/msys64/mingw64/bin/../lib/gcc/arm-none-eabi/12.2.0/../../../../arm-none-eabi/lib/thumb/v7e-m/nofp\libg_nano.a(libc_a-sbrkr.o)
 .debug_str     0x000030a9      0x4a7 c:/msys64/mingw64/bin/../lib/gcc/arm-none-eabi/12.2.0/../../../../arm-none-eabi/lib/thumb/v7e-m/nofp\libg_nano.a(libc_a-writer.o)
 .debug_str     0x000030a9      0x49b c:/msys64/mingw64/bin/../lib/gcc/arm-none-eabi/12.2.0/../../../../arm-none-eabi/lib/thumb/v7e-m/nofp\libg_nano.a(libc_a-errno.o)
 .debug_str     0x000030a9      0x1e2 c:/msys64/mingw64/bin/../lib/gcc/arm-none-eabi/12.2.0/../../../../arm-none-eabi/lib/thumb/v7e-m/nofp\libg_nano.a(libc_a-init.o)
 .debug_str     0x000030a9      0x2f4 c:/msys64/mingw64/bin/../lib/gcc/arm-none-eabi/12.2.0/../../../../arm-none-eabi/lib/thumb/v7e-m/nofp\libg_nano.a(libc_a-lock.o)
 .debug_str     0x000030a9      0x4da c:/msys64/mingw64/bin/../lib/gcc/arm-none-eabi/12.2.0/../../../../arm-none-eabi/lib/thumb/v7e-m/nofp\libg_nano.a(libc_a-assert.o)
 .debug_str     0x000030a9      0x521 c:/msys64/mingw64/bin/../lib/gcc/arm-none-eabi/12.2.0/../../../../arm-none-eabi/lib/thumb/v7e-m/nofp\libg_nano.a(libc_a-freer.o)
 .debug_str     0x000030a9      0x56c c:/msys64/mingw64/bin/../lib/gcc/arm-none-eabi/12.2.0/../../../../arm-none-eabi/lib/thumb/v7e-m/nofp\libg_nano.a(libc_a-fflush.o)
 .debug_str     0x000030a9      0x4df c:/msys64/mingw64/bin/../lib/gcc/arm-none-eabi/12.2.0/../../../../arm-none-eabi/lib/thumb/v7e-m/nofp\libg_nano.a(libc_a-fprintf.o)
 .debug_str     0x000030a9      0x184 c:/msys64/mingw64/bin/../lib/gcc/arm-none-eabi/12.2.0/../../../../arm-none-eabi/lib/thumb/v7e-m/nofp\libg_nano.a(libc_a-abort.o)
 .debug_str     0x000030a9      0x852 c:/msys64/mingw64/bin/../lib/gcc/arm-none-eabi/12.2.0/../../../../arm-none-eabi/lib/thumb/v7e-m/nofp\libg_nano.a(libc_a-nano-vfprintf.o)
 .debug_str     0x000030a9      0x780 c:/msys64/mingw64/bin/../lib/gcc/arm-none-eabi/12.2.0/../../../../arm-none-eabi/lib/thumb/v7e-m/nofp\libg_nano.a(libc_a-nano-vfprintf_i.o)
 .debug_str     0x000030a9      0x545 c:/msys64/mingw64/bin/../lib/gcc/arm-none-eabi/12.2.0/../../../../arm-none-eabi/lib/thumb/v7e-m/nofp\libg_nano.a(libc_a-fvwrite.o)
 .debug_str     0x000030a9      0x4d7 c:/msys64/mingw64/bin/../lib/gcc/arm-none-eabi/12.2.0/../../../../arm-none-eabi/lib/thumb/v7e-m/nofp\libg_nano.a(libc_a-wbuf.o)
 .debug_str     0x000030a9      0x4d2 c:/msys64/mingw64/bin/../lib/gcc/arm-none-eabi/12.2.0/../../../../arm-none-eabi/lib/thumb/v7e-m/nofp\libg_nano.a(libc_a-wsetup.o)
 .debug_str     0x000030a9      0x1b4 c:/msys64/mingw64/bin/../lib/gcc/arm-none-eabi/12.2.0/../../../../arm-none-eabi/lib/thumb/v7e-m/nofp\libg_nano.a(libc_a-memmove.o)
 .debug_str     0x000030a9      0x528 c:/msys64/mingw64/bin/../lib/gcc/arm-none-eabi/12.2.0/../../../../arm-none-eabi/lib/thumb/v7e-m/nofp\libg_nano.a(libc_a-signal.o)
 .debug_str     0x000030a9      0x4bd c:/msys64/mingw64/bin/../lib/gcc/arm-none-eabi/12.2.0/../../../../arm-none-eabi/lib/thumb/v7e-m/nofp\libg_nano.a(libc_a-signalr.o)
 .debug_str     0x000030a9       0x92 c:/msys64/mingw64/bin/../lib/gcc/arm-none-eabi/12.2.0/../../../../arm-none-eabi/lib/thumb/v7e-m/nofp\libg_nano.a(libc_a-memchr.o)
 .debug_str     0x000030a9       0xa0 c:/msys64/mingw64/bin/../lib/gcc/arm-none-eabi/12.2.0/../../../../arm-none-eabi/lib/thumb/v7e-m/nofp\libg_nano.a(libc_a-memcpy.o)
 .debug_str     0x000030a9      0x517 c:/msys64/mingw64/bin/../lib/gcc/arm-none-eabi/12.2.0/../../../../arm-none-eabi/lib/thumb/v7e-m/nofp\libg_nano.a(libc_a-reallocr.o)
 .debug_str     0x000030a9      0x634 c:/msys64/mingw64/bin/../lib/gcc/arm-none-eabi/12.2.0/../../../../arm-none-eabi/lib/thumb/v7e-m/nofp\libg_nano.a(libc_a-makebuf.o)
 .debug_str     0x000030a9      0x5e9 c:/msys64/mingw64/bin/../lib/gcc/arm-none-eabi/12.2.0/../../../../arm-none-eabi/lib/thumb/v7e-m/nofp\libg_nano.a(libc_a-fstatr.o)
 .debug_str     0x000030a9      0x4a1 c:/msys64/mingw64/bin/../lib/gcc/arm-none-eabi/12.2.0/../../../../arm-none-eabi/lib/thumb/v7e-m/nofp\libg_nano.a(libc_a-isattyr.o)
 .debug_str     0x000030a9      0x4ea c:/msys64/mingw64/bin/../lib/gcc/arm-none-eabi/12.2.0/../../../../arm-none-eabi/lib/thumb/v7e-m/nofp\libg_nano.a(libc_a-msizer.o)

.comment        0x00000000       0x12
 .comment       0x00000000       0x12 objdir/.//main.o
                                 0x13 (size before relaxing)
 .comment       0x00000012       0x13 objdir/.//network.o
 .comment       0x00000012       0x13 objdir/simpleserial.o
 .comment       0x00000012       0x13 objdir/stm32f3_hal.o
 .comment       0x00000012       0x13 objdir/stm32f3_hal_lowlevel.o
 .comment       0x00000012       0x13 objdir/stm32f3_sysmem.o
 .comment       0x00000012       0x13 c:/msys64/mingw64/bin/../lib/gcc/arm-none-eabi/12.2.0/../../../../arm-none-eabi/lib/thumb/v7e-m/nofp\libg_nano.a(libc_a-malloc.o)
 .comment       0x00000012       0x13 c:/msys64/mingw64/bin/../lib/gcc/arm-none-eabi/12.2.0/../../../../arm-none-eabi/lib/thumb/v7e-m/nofp\libg_nano.a(libc_a-mallocr.o)
 .comment       0x00000012       0x13 c:/msys64/mingw64/bin/../lib/gcc/arm-none-eabi/12.2.0/../../../../arm-none-eabi/lib/thumb/v7e-m/nofp\libg_nano.a(libc_a-mlock.o)
 .comment       0x00000012       0x13 c:/msys64/mingw64/bin/../lib/gcc/arm-none-eabi/12.2.0/../../../../arm-none-eabi/lib/thumb/v7e-m/nofp\libg_nano.a(libc_a-rand.o)
 .comment       0x00000012       0x13 c:/msys64/mingw64/bin/../lib/gcc/arm-none-eabi/12.2.0/../../../../arm-none-eabi/lib/thumb/v7e-m/nofp\libg_nano.a(libc_a-findfp.o)
 .comment       0x00000012       0x13 c:/msys64/mingw64/bin/../lib/gcc/arm-none-eabi/12.2.0/../../../../arm-none-eabi/lib/thumb/v7e-m/nofp\libg_nano.a(libc_a-fwalk.o)
 .comment       0x00000012       0x13 c:/msys64/mingw64/bin/../lib/gcc/arm-none-eabi/12.2.0/../../../../arm-none-eabi/lib/thumb/v7e-m/nofp\libg_nano.a(libc_a-stdio.o)
 .comment       0x00000012       0x13 c:/msys64/mingw64/bin/../lib/gcc/arm-none-eabi/12.2.0/../../../../arm-none-eabi/lib/thumb/v7e-m/nofp\libg_nano.a(libc_a-memset.o)
 .comment       0x00000012       0x13 c:/msys64/mingw64/bin/../lib/gcc/arm-none-eabi/12.2.0/../../../../arm-none-eabi/lib/thumb/v7e-m/nofp\libg_nano.a(libc_a-closer.o)
 .comment       0x00000012       0x13 c:/msys64/mingw64/bin/../lib/gcc/arm-none-eabi/12.2.0/../../../../arm-none-eabi/lib/thumb/v7e-m/nofp\libg_nano.a(libc_a-reent.o)
 .comment       0x00000012       0x13 c:/msys64/mingw64/bin/../lib/gcc/arm-none-eabi/12.2.0/../../../../arm-none-eabi/lib/thumb/v7e-m/nofp\libg_nano.a(libc_a-impure.o)
 .comment       0x00000012       0x13 c:/msys64/mingw64/bin/../lib/gcc/arm-none-eabi/12.2.0/../../../../arm-none-eabi/lib/thumb/v7e-m/nofp\libg_nano.a(libc_a-lseekr.o)
 .comment       0x00000012       0x13 c:/msys64/mingw64/bin/../lib/gcc/arm-none-eabi/12.2.0/../../../../arm-none-eabi/lib/thumb/v7e-m/nofp\libg_nano.a(libc_a-readr.o)
 .comment       0x00000012       0x13 c:/msys64/mingw64/bin/../lib/gcc/arm-none-eabi/12.2.0/../../../../arm-none-eabi/lib/thumb/v7e-m/nofp\libg_nano.a(libc_a-sbrkr.o)
 .comment       0x00000012       0x13 c:/msys64/mingw64/bin/../lib/gcc/arm-none-eabi/12.2.0/../../../../arm-none-eabi/lib/thumb/v7e-m/nofp\libg_nano.a(libc_a-writer.o)
 .comment       0x00000012       0x13 c:/msys64/mingw64/bin/../lib/gcc/arm-none-eabi/12.2.0/../../../../arm-none-eabi/lib/thumb/v7e-m/nofp\libg_nano.a(libc_a-errno.o)
 .comment       0x00000012       0x13 c:/msys64/mingw64/bin/../lib/gcc/arm-none-eabi/12.2.0/../../../../arm-none-eabi/lib/thumb/v7e-m/nofp\libg_nano.a(libc_a-init.o)
 .comment       0x00000012       0x13 c:/msys64/mingw64/bin/../lib/gcc/arm-none-eabi/12.2.0/../../../../arm-none-eabi/lib/thumb/v7e-m/nofp\libg_nano.a(libc_a-lock.o)
 .comment       0x00000012       0x13 c:/msys64/mingw64/bin/../lib/gcc/arm-none-eabi/12.2.0/../../../../arm-none-eabi/lib/thumb/v7e-m/nofp\libg_nano.a(libc_a-assert.o)
 .comment       0x00000012       0x13 c:/msys64/mingw64/bin/../lib/gcc/arm-none-eabi/12.2.0/../../../../arm-none-eabi/lib/thumb/v7e-m/nofp\libg_nano.a(libc_a-freer.o)
 .comment       0x00000012       0x13 c:/msys64/mingw64/bin/../lib/gcc/arm-none-eabi/12.2.0/../../../../arm-none-eabi/lib/thumb/v7e-m/nofp\libg_nano.a(libc_a-fflush.o)
 .comment       0x00000012       0x13 c:/msys64/mingw64/bin/../lib/gcc/arm-none-eabi/12.2.0/../../../../arm-none-eabi/lib/thumb/v7e-m/nofp\libg_nano.a(libc_a-fprintf.o)
 .comment       0x00000012       0x13 c:/msys64/mingw64/bin/../lib/gcc/arm-none-eabi/12.2.0/../../../../arm-none-eabi/lib/thumb/v7e-m/nofp\libg_nano.a(libc_a-abort.o)
 .comment       0x00000012       0x13 c:/msys64/mingw64/bin/../lib/gcc/arm-none-eabi/12.2.0/../../../../arm-none-eabi/lib/thumb/v7e-m/nofp\libg_nano.a(libc_a-nano-vfprintf.o)
 .comment       0x00000012       0x13 c:/msys64/mingw64/bin/../lib/gcc/arm-none-eabi/12.2.0/../../../../arm-none-eabi/lib/thumb/v7e-m/nofp\libg_nano.a(libc_a-nano-vfprintf_i.o)
 .comment       0x00000012       0x13 c:/msys64/mingw64/bin/../lib/gcc/arm-none-eabi/12.2.0/../../../../arm-none-eabi/lib/thumb/v7e-m/nofp\libg_nano.a(libc_a-fvwrite.o)
 .comment       0x00000012       0x13 c:/msys64/mingw64/bin/../lib/gcc/arm-none-eabi/12.2.0/../../../../arm-none-eabi/lib/thumb/v7e-m/nofp\libg_nano.a(libc_a-wbuf.o)
 .comment       0x00000012       0x13 c:/msys64/mingw64/bin/../lib/gcc/arm-none-eabi/12.2.0/../../../../arm-none-eabi/lib/thumb/v7e-m/nofp\libg_nano.a(libc_a-wsetup.o)
 .comment       0x00000012       0x13 c:/msys64/mingw64/bin/../lib/gcc/arm-none-eabi/12.2.0/../../../../arm-none-eabi/lib/thumb/v7e-m/nofp\libg_nano.a(libc_a-memmove.o)
 .comment       0x00000012       0x13 c:/msys64/mingw64/bin/../lib/gcc/arm-none-eabi/12.2.0/../../../../arm-none-eabi/lib/thumb/v7e-m/nofp\libg_nano.a(libc_a-signal.o)
 .comment       0x00000012       0x13 c:/msys64/mingw64/bin/../lib/gcc/arm-none-eabi/12.2.0/../../../../arm-none-eabi/lib/thumb/v7e-m/nofp\libg_nano.a(libc_a-signalr.o)
 .comment       0x00000012       0x13 c:/msys64/mingw64/bin/../lib/gcc/arm-none-eabi/12.2.0/../../../../arm-none-eabi/lib/thumb/v7e-m/nofp\libg_nano.a(libc_a-reallocr.o)
 .comment       0x00000012       0x13 c:/msys64/mingw64/bin/../lib/gcc/arm-none-eabi/12.2.0/../../../../arm-none-eabi/lib/thumb/v7e-m/nofp\libg_nano.a(libc_a-makebuf.o)
 .comment       0x00000012       0x13 c:/msys64/mingw64/bin/../lib/gcc/arm-none-eabi/12.2.0/../../../../arm-none-eabi/lib/thumb/v7e-m/nofp\libg_nano.a(libc_a-fstatr.o)
 .comment       0x00000012       0x13 c:/msys64/mingw64/bin/../lib/gcc/arm-none-eabi/12.2.0/../../../../arm-none-eabi/lib/thumb/v7e-m/nofp\libg_nano.a(libc_a-isattyr.o)
 .comment       0x00000012       0x13 c:/msys64/mingw64/bin/../lib/gcc/arm-none-eabi/12.2.0/../../../../arm-none-eabi/lib/thumb/v7e-m/nofp\libg_nano.a(libc_a-msizer.o)

.debug_frame    0x00000000     0x19b8
 .debug_frame   0x00000000       0x60 objdir/.//main.o
 .debug_frame   0x00000060      0x264 objdir/.//network.o
 .debug_frame   0x000002c4      0x1fc objdir/simpleserial.o
 .debug_frame   0x000004c0      0x144 objdir/stm32f3_hal.o
 .debug_frame   0x00000604      0x2f4 objdir/stm32f3_hal_lowlevel.o
 .debug_frame   0x000008f8       0x34 objdir/stm32f3_sysmem.o
 .debug_frame   0x0000092c       0x30 c:/msys64/mingw64/bin/../lib/gcc/arm-none-eabi/12.2.0/../../../../arm-none-eabi/lib/thumb/v7e-m/nofp\libm.a(libm_a-w_exp.o)
 .debug_frame   0x0000095c       0x20 c:/msys64/mingw64/bin/../lib/gcc/arm-none-eabi/12.2.0/../../../../arm-none-eabi/lib/thumb/v7e-m/nofp\libm.a(libm_a-s_finite.o)
 .debug_frame   0x0000097c       0x70 c:/msys64/mingw64/bin/../lib/gcc/arm-none-eabi/12.2.0/../../../../arm-none-eabi/lib/thumb/v7e-m/nofp\libm.a(libm_a-e_exp.o)
 .debug_frame   0x000009ec      0x11c c:/msys64/mingw64/bin/../lib/gcc/arm-none-eabi/12.2.0/../../../../arm-none-eabi/lib/thumb/v7e-m/nofp\libm.a(libm_a-math_err.o)
 .debug_frame   0x00000b08       0xac c:/msys64/mingw64/bin/../lib/gcc/arm-none-eabi/12.2.0/thumb/v7e-m/nofp\libgcc.a(_arm_addsubdf3.o)
 .debug_frame   0x00000bb4       0x50 c:/msys64/mingw64/bin/../lib/gcc/arm-none-eabi/12.2.0/thumb/v7e-m/nofp\libgcc.a(_arm_muldivdf3.o)
 .debug_frame   0x00000c04       0xc4 c:/msys64/mingw64/bin/../lib/gcc/arm-none-eabi/12.2.0/thumb/v7e-m/nofp\libgcc.a(_arm_cmpdf2.o)
 .debug_frame   0x00000cc8       0x20 c:/msys64/mingw64/bin/../lib/gcc/arm-none-eabi/12.2.0/thumb/v7e-m/nofp\libgcc.a(_arm_unorddf2.o)