Archive member included to satisfy reference by file (symbol)

c:/msys64/mingw64/bin/../lib/gcc/arm-none-eabi/12.2.0/../../../../arm-none-eabi/lib/thumb/v7e-m/nofp\libm.a(libm_a-w_exp.o)
                              objdir/.//network.o (exp)
c:/msys64/mingw64/bin/../lib/gcc/arm-none-eabi/12.2.0/../../../../arm-none-eabi/lib/thumb/v7e-m/nofp\libm.a(libm_a-s_finite.o)
                              c:/msys64/mingw64/bin/../lib/gcc/arm-none-eabi/12.2.0/../../../../arm-none-eabi/lib/thumb/v7e-m/nofp\libm.a(libm_a-w_exp.o) (finite)
c:/msys64/mingw64/bin/../lib/gcc/arm-none-eabi/12.2.0/../../../../arm-none-eabi/lib/thumb/v7e-m/nofp\libm.a(libm_a-e_exp.o)
                              c:/msys64/mingw64/bin/../lib/gcc/arm-none-eabi/12.2.0/../../../../arm-none-eabi/lib/thumb/v7e-m/nofp\libm.a(libm_a-w_exp.o) (__ieee754_exp)
c:/msys64/mingw64/bin/../lib/gcc/arm-none-eabi/12.2.0/../../../../arm-none-eabi/lib/thumb/v7e-m/nofp\libm.a(libm_a-math_err.o)
                              c:/msys64/mingw64/bin/../lib/gcc/arm-none-eabi/12.2.0/../../../../arm-none-eabi/lib/thumb/v7e-m/nofp\libm.a(libm_a-e_exp.o) (__math_uflow)
c:/msys64/mingw64/bin/../lib/gcc/arm-none-eabi/12.2.0/thumb/v7e-m/nofp\libgcc.a(_arm_muldf3.o)
                              c:/msys64/mingw64/bin/../lib/gcc/arm-none-eabi/12.2.0/../../../../arm-none-eabi/lib/thumb/v7e-m/nofp\libm.a(libm_a-e_exp.o) (__aeabi_dmul)
c:/msys64/mingw64/bin/../lib/gcc/arm-none-eabi/12.2.0/thumb/v7e-m/nofp\libgcc.a(_arm_addsubdf3.o)
                              c:/msys64/mingw64/bin/../lib/gcc/arm-none-eabi/12.2.0/../../../../arm-none-eabi/lib/thumb/v7e-m/nofp\libm.a(libm_a-e_exp.o) (__aeabi_dsub)
c:/msys64/mingw64/bin/../lib/gcc/arm-none-eabi/12.2.0/thumb/v7e-m/nofp\libgcc.a(_arm_muldivdf3.o)
                              objdir/.//network.o (__aeabi_ddiv)
c:/msys64/mingw64/bin/../lib/gcc/arm-none-eabi/12.2.0/thumb/v7e-m/nofp\libgcc.a(_arm_cmpdf2.o)
                              c:/msys64/mingw64/bin/../lib/gcc/arm-none-eabi/12.2.0/../../../../arm-none-eabi/lib/thumb/v7e-m/nofp\libm.a(libm_a-math_err.o) (__aeabi_dcmpeq)
c:/msys64/mingw64/bin/../lib/gcc/arm-none-eabi/12.2.0/thumb/v7e-m/nofp\libgcc.a(_arm_unorddf2.o)
                              c:/msys64/mingw64/bin/../lib/gcc/arm-none-eabi/12.2.0/../../../../arm-none-eabi/lib/thumb/v7e-m/nofp\libm.a(libm_a-math_err.o) (__aeabi_dcmpun)
c:/msys64/mingw64/bin/../lib/gcc/arm-none-eabi/12.2.0/thumb/v7e-m/nofp\libgcc.a(_arm_fixdfsi.o)
                              c:/msys64/mingw64/bin/../lib/gcc/arm-none-eabi/12.2.0/../../../../arm-none-eabi/lib/thumb/v7e-m/nofp\libm.a(libm_a-e_exp.o) (__aeabi_d2iz)
c:/msys64/mingw64/bin/../lib/gcc/arm-none-eabi/12.2.0/thumb/v7e-m/nofp\libgcc.a(_arm_fixunsdfsi.o)
                              objdir/.//network.o (__aeabi_d2uiz)
c:/msys64/mingw64/bin/../lib/gcc/arm-none-eabi/12.2.0/thumb/v7e-m/nofp\libgcc.a(_arm_addsubsf3.o)
                              objdir/.//network.o (__aeabi_i2f)
c:/msys64/mingw64/bin/../lib/gcc/arm-none-eabi/12.2.0/thumb/v7e-m/nofp\libgcc.a(_arm_muldivsf3.o)
                              objdir/.//network.o (__aeabi_fdiv)
c:/msys64/mingw64/bin/../lib/gcc/arm-none-eabi/12.2.0/thumb/v7e-m/nofp\libgcc.a(_arm_fixunssfsi.o)
                              objdir/.//network.o (__aeabi_f2uiz)
c:/msys64/mingw64/bin/../lib/gcc/arm-none-eabi/12.2.0/../../../../arm-none-eabi/lib/thumb/v7e-m/nofp\libg_nano.a(libc_a-atexit.o)
                              c:/msys64/mingw64/bin/../lib/gcc/arm-none-eabi/12.2.0/../../../../arm-none-eabi/lib/thumb/v7e-m/nofp/crt0.o (atexit)
c:/msys64/mingw64/bin/../lib/gcc/arm-none-eabi/12.2.0/../../../../arm-none-eabi/lib/thumb/v7e-m/nofp\libg_nano.a(libc_a-exit.o)
                              c:/msys64/mingw64/bin/../lib/gcc/arm-none-eabi/12.2.0/../../../../arm-none-eabi/lib/thumb/v7e-m/nofp/crt0.o (exit)
c:/msys64/mingw64/bin/../lib/gcc/arm-none-eabi/12.2.0/../../../../arm-none-eabi/lib/thumb/v7e-m/nofp\libg_nano.a(libc_a-malloc.o)
                              objdir/.//network.o (malloc)
c:/msys64/mingw64/bin/../lib/gcc/arm-none-eabi/12.2.0/../../../../arm-none-eabi/lib/thumb/v7e-m/nofp\libg_nano.a(libc_a-mallocr.o)
                              c:/msys64/mingw64/bin/../lib/gcc/arm-none-eabi/12.2.0/../../../../arm-none-eabi/lib/thumb/v7e-m/nofp\libg_nano.a(libc_a-malloc.o) (_malloc_r)
c:/msys64/mingw64/bin/../lib/gcc/arm-none-eabi/12.2.0/../../../../arm-none-eabi/lib/thumb/v7e-m/nofp\libg_nano.a(libc_a-mlock.o)
                              c:/msys64/mingw64/bin/../lib/gcc/arm-none-eabi/12.2.0/../../../../arm-none-eabi/lib/thumb/v7e-m/nofp\libg_nano.a(libc_a-mallocr.o) (__malloc_lock)
c:/msys64/mingw64/bin/../lib/gcc/arm-none-eabi/12.2.0/../../../../arm-none-eabi/lib/thumb/v7e-m/nofp\libg_nano.a(libc_a-rand.o)
                              objdir/.//network.o (srand)
c:/msys64/mingw64/bin/../lib/gcc/arm-none-eabi/12.2.0/../../../../arm-none-eabi/lib/thumb/v7e-m/nofp\libg_nano.a(libc_a-findfp.o)
[...]
Memory Configuration

Name             Origin             Length             Attributes
RAM              0x20000000         0x0000a000         xrw
ROM              0x08000000         0x00040000         xr
*default*        0x00000000         0xffffffff

Linker script and memory map

LOAD c:/msys64/mingw64/bin/../lib/gcc/arm-none-eabi/12.2.0/thumb/v7e-m/nofp/crti.o
LOAD c:/msys64/mingw64/bin/../lib/gcc/arm-none-eabi/12.2.0/thumb/v7e-m/nofp/crtbegin.o
LOAD c:/msys64/mingw64/bin/../lib/gcc/arm-none-eabi/12.2.0/../../../../arm-none-eabi/lib/thumb/v7e-m/nofp/crt0.o
LOAD objdir/.//main.o
LOAD objdir/.//network.o
LOAD objdir/simpleserial.o
LOAD objdir/stm32f3_hal.o
LOAD objdir/stm32f3_hal_lowlevel.o
LOAD objdir/stm32f3_sysmem.o
LOAD objdir/stm32f3_startup.o
LOAD c:/msys64/mingw64/bin/../lib/gcc/arm-none-eabi/12.2.0/../../../../arm-none-eabi/lib/thumb/v7e-m/nofp\libm.a
LOAD c:/msys64/mingw64/bin/../lib/gcc/arm-none-eabi/12.2.0/../../../../arm-none-eabi/lib/thumb/v7e-m/nofp\libm.a
START GROUP
LOAD c:/msys64/mingw64/bin/../lib/gcc/arm-none-eabi/12.2.0/thumb/v7e-m/nofp\libgcc.a
LOAD c:/msys64/mingw64/bin/../lib/gcc/arm-none-eabi/12.2.0/../../../../arm-none-eabi/lib/thumb/v7e-m/nofp\libg_nano.a
LOAD c:/msys64/mingw64/bin/../lib/gcc/arm-none-eabi/12.2.0/../../../../arm-none-eabi/lib/thumb/v7e-m/nofp\libc_nano.a
END GROUP
START GROUP
LOAD c:/msys64/mingw64/bin/../lib/gcc/arm-none-eabi/12.2.0/thumb/v7e-m/nofp\libgcc.a
LOAD c:/msys64/mingw64/bin/../lib/gcc/arm-none-eabi/12.2.0/../../../../arm-none-eabi/lib/thumb/v7e-m/nofp\libc_nano.a
LOAD c:/msys64/mingw64/bin/../lib/gcc/arm-none-eabi/12.2.0/../../../../arm-none-eabi/lib/thumb/v7e-m/nofp\libnosys.a
END GROUP
START GROUP
LOAD c:/msys64/mingw64/bin/../lib/gcc/arm-none-eabi/12.2.0/thumb/v7e-m/nofp\libgcc.a
LOAD c:/msys64/mingw64/bin/../lib/gcc/arm-none-eabi/12.2.0/../../../../arm-none-eabi/lib/thumb/v7e-m/nofp\libc_nano.a
LOAD c:/msys64/mingw64/bin/../lib/gcc/arm-none-eabi/12.2.0/../../../../arm-none-eabi/lib/thumb/v7e-m/nofp\libnosys.a
END GROUP
LOAD c:/msys64/mingw64/bin/../lib/gcc/arm-none-eabi/12.2.0/thumb/v7e-m/nofp/crtend.o
LOAD c:/msys64/mingw64/bin/../lib/gcc/arm-none-eabi/12.2.0/thumb/v7e-m/nofp/crtn.o
                0x2000a000                        _estack = 0x2000a000
                0x00000000                        _Min_Heap_Size = 0x0
                0x00000400                        _Min_Stack_Size = 0x400

.isr_vector     0x08000000      0x188
                0x08000000                        . = ALIGN (0x4)
 *(.isr_vector)
 .isr_vector    0x08000000      0x188 objdir/stm32f3_startup.o
                0x08000000                g_pfnVectors
                0x08000188                        . = ALIGN (0x4)

.text           0x08000188     0x2b2c
                0x08000188                        . = ALIGN (0x4)
 *(.text)
 .text          0x08000188       0x50 c:/msys64/mingw64/bin/../lib/gcc/arm-none-eabi/12.2.0/../../../../arm-none-eabi/lib/thumb/v7e-m/nofp\libg_nano.a(libc_a-init.o)
                0x08000188                __libc_init_array
 *(.text*)
 .text.__do_global_dtors_aux
                0x080001d8       0x24 c:/msys64/mingw64/bin/../lib/gcc/arm-none-eabi/12.2.0/thumb/v7e-m/nofp/crtbegin.o
 .text.frame_dummy
                0x080001fc       0x1c c:/msys64/mingw64/bin/../lib/gcc/arm-none-eabi/12.2.0/thumb/v7e-m/nofp/crtbegin.o
 .text.one_mult
                0x08000218       0x94 objdir/.//main.o
                0x08000218                one_mult
 .text.reversed_one_mult
                0x080002ac       0x94 objdir/.//main.o
                0x080002ac                reversed_one_mult
 .text.hundred_mult
                0x08000340       0xd0 objdir/.//main.o
                0x08000340                hundred_mult
 .text.hundred_mult_buffed
                0x08000410       0xd8 objdir/.//main.o
                0x08000410                hundred_mult_buffed
 .text.main     0x080004e8       0x54 objdir/.//main.o
                0x080004e8                main
 .text.ss_crc   0x0800053c       0x6c objdir/simpleserial.o
                0x0800053c                ss_crc
 .text.check_version
                0x080005a8       0x30 objdir/simpleserial.o
                0x080005a8                check_version
 .text.ss_get_commands
                0x080005d8       0x6c objdir/simpleserial.o
                0x080005d8                ss_get_commands
 .text.stuff_data
                0x08000644       0x50 objdir/simpleserial.o
                0x08000644                stuff_data
 .text.unstuff_data
                0x08000694       0x54 objdir/simpleserial.o
                0x08000694                unstuff_data
 .text.simpleserial_init
                0x080006e8       0x24 objdir/simpleserial.o
                0x080006e8                simpleserial_init
 .text.simpleserial_addcmd
                0x0800070c       0x8c objdir/simpleserial.o
                0x0800070c                simpleserial_addcmd
 .text.simpleserial_get
                0x08000798      0x268 objdir/simpleserial.o
                0x08000798                simpleserial_get
 .text.simpleserial_put
                0x08000a00      0x140 objdir/simpleserial.o
                0x08000a00                simpleserial_put
 .text.platform_init
                0x08000b40       0xa4 objdir/stm32f3_hal.o
                0x08000b40                platform_init
 .text.init_uart
                0x08000be4       0xa0 objdir/stm32f3_hal.o
                0x08000be4                init_uart
 .text.trigger_setup
                0x08000c84       0x58 objdir/stm32f3_hal.o
                0x08000c84                trigger_setup
 .text.trigger_high
                0x08000cdc       0x16 objdir/stm32f3_hal.o
                0x08000cdc                trigger_high
 .text.trigger_low
                0x08000cf2       0x16 objdir/stm32f3_hal.o
                0x08000cf2                trigger_low
 .text.getch    0x08000d08       0x3c objdir/stm32f3_hal.o
                0x08000d08                getch
 .text.putch    0x08000d44       0x2c objdir/stm32f3_hal.o
                0x08000d44                putch
 .text.HAL_GetTick
                0x08000d70       0x1c objdir/stm32f3_hal_lowlevel.o
                0x08000d70                HAL_GetTick
 .text.HAL_RCC_GetSysClockFreq
                0x08000d8c       0x10 objdir/stm32f3_hal_lowlevel.o
                0x08000d8c                HAL_RCC_GetSysClockFreq
 .text.HAL_RCC_GetPCLK1Freq
                0x08000d9c       0x10 objdir/stm32f3_hal_lowlevel.o
                0x08000d9c                HAL_RCC_GetPCLK1Freq
 .text.HAL_RCC_OscConfig
                0x08000dac     0x102c objdir/stm32f3_hal_lowlevel.o
                0x08000dac                HAL_RCC_OscConfig
 .text.HAL_RCC_ClockConfig
                0x08001dd8      0x304 objdir/stm32f3_hal_lowlevel.o
                0x08001dd8                HAL_RCC_ClockConfig
 .text.HAL_RCC_GetPCLK2Freq
                0x080020dc       0x10 objdir/stm32f3_hal_lowlevel.o
                0x080020dc                HAL_RCC_GetPCLK2Freq
 .text.HAL_GPIO_Init
                0x080020ec      0x2fc objdir/stm32f3_hal_lowlevel.o
                0x080020ec                HAL_GPIO_Init
 .text.HAL_GPIO_WritePin
                0x080023e8       0x2e objdir/stm32f3_hal_lowlevel.o
                0x080023e8                HAL_GPIO_WritePin
 *fill*         0x08002416        0x2 
 .text.UART_SetConfig
                0x08002418      0x400 objdir/stm32f3_hal_lowlevel.o
                0x08002418                UART_SetConfig
 .text.UART_CheckIdleState
                0x08002818       0x92 objdir/stm32f3_hal_lowlevel.o
                0x08002818                UART_CheckIdleState
 .text.HAL_UART_Init
                0x080028aa       0x8e objdir/stm32f3_hal_lowlevel.o
                0x080028aa                HAL_UART_Init
 .text.UART_WaitOnFlagUntilTimeout
                0x08002938       0x94 objdir/stm32f3_hal_lowlevel.o
                0x08002938                UART_WaitOnFlagUntilTimeout
 .text.HAL_UART_Transmit
                0x080029cc      0x118 objdir/stm32f3_hal_lowlevel.o
                0x080029cc                HAL_UART_Transmit
 .text.HAL_UART_Receive
                0x08002ae4      0x16a objdir/stm32f3_hal_lowlevel.o
                0x08002ae4                HAL_UART_Receive
 *fill*         0x08002c4e        0x2 
 .text.Reset_Handler
                0x08002c50       0x48 objdir/stm32f3_startup.o
                0x08002c50                Reset_Handler
 .text.Default_Handler
                0x08002c98        0x2 objdir/stm32f3_startup.o
                0x08002c98                DebugMon_Handler
                0x08002c98                HardFault_Handler
                0x08002c98                SysTick_Handler
                0x08002c98                PendSV_Handler
                0x08002c98                NMI_Handler
                0x08002c98                UsageFault_Handler
                0x08002c98                Default_Handler
                0x08002c98                MemManage_Handler
                0x08002c98                SVC_Handler
                0x08002c98                BusFault_Handler
 *(.glue_7)
 .glue_7        0x08002c9a        0x0 linker stubs
 *(.glue_7t)
 .glue_7t       0x08002c9a        0x0 linker stubs
 *(.eh_frame)
 *fill*         0x08002c9a        0x2 
 .eh_frame      0x08002c9c        0x0 c:/msys64/mingw64/bin/../lib/gcc/arm-none-eabi/12.2.0/thumb/v7e-m/nofp/crtbegin.o
 *(.init)
 .init          0x08002c9c        0x4 c:/msys64/mingw64/bin/../lib/gcc/arm-none-eabi/12.2.0/thumb/v7e-m/nofp/crti.o
                0x08002c9c                _init
 .init          0x08002ca0        0x8 c:/msys64/mingw64/bin/../lib/gcc/arm-none-eabi/12.2.0/thumb/v7e-m/nofp/crtn.o
 *(.fini)
 .fini          0x08002ca8        0x4 c:/msys64/mingw64/bin/../lib/gcc/arm-none-eabi/12.2.0/thumb/v7e-m/nofp/crti.o
                0x08002ca8                _fini
 .fini          0x08002cac        0x8 c:/msys64/mingw64/bin/../lib/gcc/arm-none-eabi/12.2.0/thumb/v7e-m/nofp/crtn.o
                0x08002cb4                        . = ALIGN (0x4)
                0x08002cb4                        _etext = .

.vfp11_veneer   0x08002cb4        0x0
 .vfp11_veneer  0x08002cb4        0x0 linker stubs

.v4_bx          0x08002cb4        0x0
 .v4_bx         0x08002cb4        0x0 linker stubs

.iplt           0x08002cb4        0x0
 .iplt          0x08002cb4        0x0 c:/msys64/mingw64/bin/../lib/gcc/arm-none-eabi/12.2.0/thumb/v7e-m/nofp/crtbegin.o

.rodata         0x08002cb4       0x10
                0x08002cb4                        . = ALIGN (0x4)
 *(.rodata)
 .rodata        0x08002cb4       0x10 objdir/.//main.o
 *(.rodata*)
                0x08002cc4                        . = ALIGN (0x4)

.rel.dyn        0x08002cc4        0x0
 .rel.iplt      0x08002cc4        0x0 c:/msys64/mingw64/bin/../lib/gcc/arm-none-eabi/12.2.0/thumb/v7e-m/nofp/crtbegin.o

.ARM.extab      0x08002cc4        0x0
                0x08002cc4                        . = ALIGN (0x4)
 *(.ARM.extab* .gnu.linkonce.armextab.*)
                0x08002cc4                        . = ALIGN (0x4)

.ARM            0x08002cc4        0x0
                0x08002cc4                        . = ALIGN (0x4)
                0x08002cc4                        __exidx_start = .
 *(.ARM.exidx*)
                0x08002cc4                        __exidx_end = .
                0x08002cc4                        . = ALIGN (0x4)

.preinit_array  0x08002cc4        0x0
                0x08002cc4                        . = ALIGN (0x4)
                0x08002cc4                        PROVIDE (__preinit_array_start = .)
 *(.preinit_array*)
                0x08002cc4                        PROVIDE (__preinit_array_end = .)
                0x08002cc4                        . = ALIGN (0x4)

.init_array     0x08002cc4        0x4
                0x08002cc4                        . = ALIGN (0x4)
                0x08002cc4                        PROVIDE (__init_array_start = .)
 *(SORT_BY_NAME(.init_array.*))
 *(.init_array*)
 .init_array    0x08002cc4        0x4 c:/msys64/mingw64/bin/../lib/gcc/arm-none-eabi/12.2.0/thumb/v7e-m/nofp/crtbegin.o
                0x08002cc8                        PROVIDE (__init_array_end = .)
                0x08002cc8                        . = ALIGN (0x4)

.fini_array     0x08002cc8        0x4
                0x08002cc8                        . = ALIGN (0x4)
                0x08002cc8                        PROVIDE (__fini_array_start = .)
 *(SORT_BY_NAME(.fini_array.*))
 *(.fini_array*)
 .fini_array    0x08002cc8        0x4 c:/msys64/mingw64/bin/../lib/gcc/arm-none-eabi/12.2.0/thumb/v7e-m/nofp/crtbegin.o
                0x08002ccc                        PROVIDE (__fini_array_end = .)
                0x08002ccc                        . = ALIGN (0x4)
                0x08002ccc                        _sidata = LOADADDR (.data)

.data           0x20000000        0x0 load address 0x08002ccc
                0x20000000                        . = ALIGN (0x4)
                0x20000000                        _sdata = .
 *(.data)
 *(.data*)
                0x20000000                        . = ALIGN (0x4)
                0x20000000                        _edata = .

.igot.plt       0x20000000        0x0 load address 0x08002ccc
 .igot.plt      0x20000000        0x0 c:/msys64/mingw64/bin/../lib/gcc/arm-none-eabi/12.2.0/thumb/v7e-m/nofp/crtbegin.o
                0x20000000                        . = ALIGN (0x4)

.bss            0x20000000      0x158 load address 0x08002ccc
                0x20000000                        _sbss = .
                0x20000000                        __bss_start__ = _sbss
 *(.bss)
 .bss           0x20000000       0xc4 objdir/simpleserial.o
 .bss           0x200000c4       0x70 objdir/stm32f3_hal.o
                0x200000c4                UartHandle
 .bss           0x20000134        0x8 objdir/stm32f3_hal_lowlevel.o
                0x20000134                hal_sys_tick
                0x20000138                uwTick
 *(.bss*)
 .bss.completed.1
                0x2000013c        0x1 c:/msys64/mingw64/bin/../lib/gcc/arm-none-eabi/12.2.0/thumb/v7e-m/nofp/crtbegin.o
 *fill*         0x2000013d        0x3 
 .bss.object.0  0x20000140       0x18 c:/msys64/mingw64/bin/../lib/gcc/arm-none-eabi/12.2.0/thumb/v7e-m/nofp/crtbegin.o
 *(COMMON)
                0x20000158                        . = ALIGN (0x4)
                0x20000158                        _ebss = .
                0x20000158                        __bss_end__ = _ebss

._user_heap_stack
                0x20000158      0x400 load address 0x08002ccc
                0x20000158                        . = ALIGN (0x8)
                0x20000158                        PROVIDE (end = .)
                [!provide]                        PROVIDE (_end = .)
                0x20000158                        . = (. + _Min_Heap_Size)
                0x20000558                        . = (. + _Min_Stack_Size)
 *fill*         0x20000158      0x400 
                0x20000558                        . = ALIGN (0x8)

/DISCARD/
 libc.a(*)
 libm.a(*)
 libgcc.a(*)

.ARM.attributes
                0x00000000       0x2a
 *(.ARM.attributes)
 .ARM.attributes
                0x00000000       0x1e c:/msys64/mingw64/bin/../lib/gcc/arm-none-eabi/12.2.0/thumb/v7e-m/nofp/crti.o
 .ARM.attributes
                0x0000001e       0x2e c:/msys64/mingw64/bin/../lib/gcc/arm-none-eabi/12.2.0/thumb/v7e-m/nofp/crtbegin.o
 .ARM.attributes
                0x0000004c       0x2e objdir/.//main.o
 .ARM.attributes
                0x0000007a       0x2e objdir/simpleserial.o
 .ARM.attributes
                0x000000a8       0x2e objdir/stm32f3_hal.o
 .ARM.attributes
                0x000000d6       0x2e objdir/stm32f3_hal_lowlevel.o
 .ARM.attributes
                0x00000104       0x21 objdir/stm32f3_startup.o
 .ARM.attributes
                0x00000125       0x2e c:/msys64/mingw64/bin/../lib/gcc/arm-none-eabi/12.2.0/../../../../arm-none-eabi/lib/thumb/v7e-m/nofp\libg_nano.a(libc_a-init.o)
 .ARM.attributes
                0x00000153       0x1e c:/msys64/mingw64/bin/../lib/gcc/arm-none-eabi/12.2.0/thumb/v7e-m/nofp/crtn.o
OUTPUT(simpleserial-target-CWLITEARM.elf elf32-littlearm)
LOAD linker stubs
LOAD c:/msys64/mingw64/bin/../lib/gcc/arm-none-eabi/12.2.0/../../../../arm-none-eabi/lib/thumb/v7e-m/nofp\libc.a
LOAD c:/msys64/mingw64/bin/../lib/gcc/arm-none-eabi/12.2.0/../../../../arm-none-eabi/lib/thumb/v7e-m/nofp\libm.a
LOAD c:/msys64/mingw64/bin/../lib/gcc/arm-none-eabi/12.2.0/thumb/v7e-m/nofp\libgcc.a

.debug_info     0x00000000     0x3f43
 .debug_info    0x00000000      0x66f objdir/.//main.o
 .debug_info    0x0000066f      0x62d objdir/simpleserial.o
 .debug_info    0x00000c9c      0xd92 objdir/stm32f3_hal.o
 .debug_info    0x00001a2e     0x240a objdir/stm32f3_hal_lowlevel.o
 .debug_info    0x00003e38      0x10b c:/msys64/mingw64/bin/../lib/gcc/arm-none-eabi/12.2.0/../../../../arm-none-eabi/lib/thumb/v7e-m/nofp\libg_nano.a(libc_a-init.o)

.debug_abbrev   0x00000000      0x9b9
 .debug_abbrev  0x00000000      0x17c objdir/.//main.o
 .debug_abbrev  0x0000017c      0x1d6 objdir/simpleserial.o
 .debug_abbrev  0x00000352      0x20f objdir/stm32f3_hal.o
 .debug_abbrev  0x00000561      0x38f objdir/stm32f3_hal_lowlevel.o
 .debug_abbrev  0x000008f0       0xc9 c:/msys64/mingw64/bin/../lib/gcc/arm-none-eabi/12.2.0/../../../../arm-none-eabi/lib/thumb/v7e-m/nofp\libg_nano.a(libc_a-init.o)

.debug_loc      0x00000000      0xe6a
 .debug_loc     0x00000000      0x170 objdir/.//main.o
 .debug_loc     0x00000170      0x438 objdir/simpleserial.o
 .debug_loc     0x000005a8      0x28a objdir/stm32f3_hal.o
 .debug_loc     0x00000832      0x638 objdir/stm32f3_hal_lowlevel.o

.debug_aranges  0x00000000      0x1f8
 .debug_aranges
                0x00000000       0x40 objdir/.//main.o
 .debug_aranges
                0x00000040       0x80 objdir/simpleserial.o
 .debug_aranges
                0x000000c0       0x60 objdir/stm32f3_hal.o
 .debug_aranges
                0x00000120       0xb8 objdir/stm32f3_hal_lowlevel.o
 .debug_aranges
                0x000001d8       0x20 c:/msys64/mingw64/bin/../lib/gcc/arm-none-eabi/12.2.0/../../../../arm-none-eabi/lib/thumb/v7e-m/nofp\libg_nano.a(libc_a-init.o)

.debug_ranges   0x00000000      0x198
 .debug_ranges  0x00000000       0x30 objdir/.//main.o
 .debug_ranges  0x00000030       0x70 objdir/simpleserial.o
 .debug_ranges  0x000000a0       0x50 objdir/stm32f3_hal.o
 .debug_ranges  0x000000f0       0xa8 objdir/stm32f3_hal_lowlevel.o

.debug_line     0x00000000     0x1fe3
 .debug_line    0x00000000      0x31c objdir/.//main.o
 .debug_line    0x0000031c      0x597 objdir/simpleserial.o
 .debug_line    0x000008b3      0x2e8 objdir/stm32f3_hal.o
 .debug_line    0x00000b9b     0x1304 objdir/stm32f3_hal_lowlevel.o
 .debug_line    0x00001e9f      0x144 c:/msys64/mingw64/bin/../lib/gcc/arm-none-eabi/12.2.0/../../../../arm-none-eabi/lib/thumb/v7e-m/nofp\libg_nano.a(libc_a-init.o)

.debug_str      0x00000000     0x14e0
 .debug_str     0x00000000     0x14e0 objdir/.//main.o
                                0x29e (size before relaxing)
 .debug_str     0x000014e0      0x37d objdir/simpleserial.o
 .debug_str     0x000014e0      0x992 objdir/stm32f3_hal.o
 .debug_str     0x000014e0     0x11bb objdir/stm32f3_hal_lowlevel.o
 .debug_str     0x000014e0      0x1e2 c:/msys64/mingw64/bin/../lib/gcc/arm-none-eabi/12.2.0/../../../../arm-none-eabi/lib/thumb/v7e-m/nofp\libg_nano.a(libc_a-init.o)

.comment        0x00000000       0x12
 .comment       0x00000000       0x12 objdir/.//main.o
                                 0x13 (size before relaxing)
 .comment       0x00000012       0x13 objdir/simpleserial.o
 .comment       0x00000012       0x13 objdir/stm32f3_hal.o
 .comment       0x00000012       0x13 objdir/stm32f3_hal_lowlevel.o
 .comment       0x00000012       0x13 c:/msys64/mingw64/bin/../lib/gcc/arm-none-eabi/12.2.0/../../../../arm-none-eabi/lib/thumb/v7e-m/nofp\libg_nano.a(libc_a-init.o)

.debug_frame    0x00000000      0x72c
 .debug_frame   0x00000000       0xcc objdir/.//main.o
 .debug_frame   0x000000cc      0x1fc objdir/simpleserial.o
 .debug_frame   0x000002c8      0x144 objdir/stm32f3_hal.o
 .debug_frame   0x0000040c      0x2f4 objdir/stm32f3_hal_lowlevel.o
 .debug_frame   0x00000700       0x2c c:/msys64/mingw64/bin/../lib/gcc/arm-none-eabi/12.2.0/../../../../arm-none-eabi/lib/thumb/v7e-m/nofp\libg_nano.a(libc_a-init.o)

.stab           0x00000000      0x144
 .stab          0x00000000      0x144 objdir/stm32f3_startup.o

.stabstr        0x00000000       0x70
 .stabstr       0x00000000       0x70 objdir/stm32f3_startup.o

.debug_loclists
                0x00000000       0x65
 .debug_loclists
                0x00000000       0x65 c:/msys64/mingw64/bin/../lib/gcc/arm-none-eabi/12.2.0/../../../../arm-none-eabi/lib/thumb/v7e-m/nofp\libg_nano.a(libc_a-init.o)

Cross Reference Table

Symbol                                            File
BusFault_Handler                                  objdir/stm32f3_startup.o
DebugMon_Handler                                  objdir/stm32f3_startup.o
Default_Handler                                   objdir/stm32f3_startup.o
HAL_GPIO_Init                                     objdir/stm32f3_hal_lowlevel.o
                                                  objdir/stm32f3_hal.o
HAL_GPIO_WritePin                                 objdir/stm32f3_hal_lowlevel.o
                                                  objdir/stm32f3_hal.o
HAL_GetTick                                       objdir/stm32f3_hal_lowlevel.o
HAL_IncTick                                       objdir/stm32f3_hal_lowlevel.o
HAL_InitTick                                      objdir/stm32f3_hal_lowlevel.o
HAL_NVIC_SetPriority                              objdir/stm32f3_hal_lowlevel.o
HAL_RCC_ClockConfig                               objdir/stm32f3_hal_lowlevel.o
                                                  objdir/stm32f3_hal.o
HAL_RCC_GetPCLK1Freq                              objdir/stm32f3_hal_lowlevel.o
HAL_RCC_GetPCLK2Freq                              objdir/stm32f3_hal_lowlevel.o
HAL_RCC_GetSysClockFreq                           objdir/stm32f3_hal_lowlevel.o
HAL_RCC_OscConfig                                 objdir/stm32f3_hal_lowlevel.o
                                                  objdir/stm32f3_hal.o
HAL_UART_Init                                     objdir/stm32f3_hal_lowlevel.o
                                                  objdir/stm32f3_hal.o
HAL_UART_Receive                                  objdir/stm32f3_hal_lowlevel.o
                                                  objdir/stm32f3_hal.o
HAL_UART_Transmit                                 objdir/stm32f3_hal_lowlevel.o
                                                  objdir/stm32f3_hal.o
HardFault_Handler                                 objdir/stm32f3_startup.o
MemManage_Handler                                 objdir/stm32f3_startup.o
NMI_Handler                                       objdir/stm32f3_startup.o
PendSV_Handler                                    objdir/stm32f3_startup.o
Reset_Handler                                     objdir/stm32f3_startup.o
SVC_Handler                                       objdir/stm32f3_startup.o
SysTick_Handler                                   objdir/stm32f3_startup.o
SystemCoreClock                                   objdir/stm32f3_hal_lowlevel.o
SystemInit                                        objdir/stm32f3_startup.o
UART_CheckIdleState                               objdir/stm32f3_hal_lowlevel.o
UART_SetConfig                                    objdir/stm32f3_hal_lowlevel.o
UART_WaitOnFlagUntilTimeout                       objdir/stm32f3_hal_lowlevel.o
UartHandle                                        objdir/stm32f3_hal.o
UsageFault_Handler                                objdir/stm32f3_startup.o
__adddf3                                          c:/msys64/mingw64/bin/../lib/gcc/arm-none-eabi/12.2.0/thumb/v7e-m/nofp\libgcc.a(_arm_addsubdf3.o)
__addsf3                                          c:/msys64/mingw64/bin/../lib/gcc/arm-none-eabi/12.2.0/thumb/v7e-m/nofp\libgcc.a(_arm_addsubsf3.o)
__aeabi_cdcmpeq                                   c:/msys64/mingw64/bin/../lib/gcc/arm-none-eabi/12.2.0/thumb/v7e-m/nofp\libgcc.a(_arm_cmpdf2.o)
__aeabi_cdcmple                                   c:/msys64/mingw64/bin/../lib/gcc/arm-none-eabi/12.2.0/thumb/v7e-m/nofp\libgcc.a(_arm_cmpdf2.o)
__aeabi_cdrcmple                                  c:/msys64/mingw64/bin/../lib/gcc/arm-none-eabi/12.2.0/thumb/v7e-m/nofp\libgcc.a(_arm_cmpdf2.o)
__aeabi_d2iz                                      c:/msys64/mingw64/bin/../lib/gcc/arm-none-eabi/12.2.0/thumb/v7e-m/nofp\libgcc.a(_arm_fixdfsi.o)
                                                  c:/msys64/mingw64/bin/../lib/gcc/arm-none-eabi/12.2.0/../../../../arm-none-eabi/lib/thumb/v7e-m/nofp\libm.a(libm_a-e_exp.o)
__aeabi_d2uiz                                     c:/msys64/mingw64/bin/../lib/gcc/arm-none-eabi/12.2.0/thumb/v7e-m/nofp\libgcc.a(_arm_fixunsdfsi.o)
                                                  objdir/.//network.o
__aeabi_dadd                                      c:/msys64/mingw64/bin/../lib/gcc/arm-none-eabi/12.2.0/thumb/v7e-m/nofp\libgcc.a(_arm_addsubdf3.o)
                                                  c:/msys64/mingw64/bin/../lib/gcc/arm-none-eabi/12.2.0/../../../../arm-none-eabi/lib/thumb/v7e-m/nofp\libm.a(libm_a-e_exp.o)
                                                  objdir/.//network.o
__aeabi_dcmpeq                                    c:/msys64/mingw64/bin/../lib/gcc/arm-none-eabi/12.2.0/thumb/v7e-m/nofp\libgcc.a(_arm_cmpdf2.o)
                                                  c:/msys64/mingw64/bin/../lib/gcc/arm-none-eabi/12.2.0/../../../../arm-none-eabi/lib/thumb/v7e-m/nofp\libm.a(libm_a-math_err.o)
__aeabi_dcmpge                                    c:/msys64/mingw64/bin/../lib/gcc/arm-none-eabi/12.2.0/thumb/v7e-m/nofp\libgcc.a(_arm_cmpdf2.o)
__aeabi_dcmpgt                                    c:/msys64/mingw64/bin/../lib/gcc/arm-none-eabi/12.2.0/thumb/v7e-m/nofp\libgcc.a(_arm_cmpdf2.o)
                                                  c:/msys64/mingw64/bin/../lib/gcc/arm-none-eabi/12.2.0/../../../../arm-none-eabi/lib/thumb/v7e-m/nofp\libm.a(libm_a-e_exp.o)
                                                  c:/msys64/mingw64/bin/../lib/gcc/arm-none-eabi/12.2.0/../../../../arm-none-eabi/lib/thumb/v7e-m/nofp\libm.a(libm_a-w_exp.o)
__aeabi_dcmple                                    c:/msys64/mingw64/bin/../lib/gcc/arm-none-eabi/12.2.0/thumb/v7e-m/nofp\libgcc.a(_arm_cmpdf2.o)
                                                  c:/msys64/mingw64/bin/../lib/gcc/arm-none-eabi/12.2.0/../../../../arm-none-eabi/lib/thumb/v7e-m/nofp\libm.a(libm_a-math_err.o)
__aeabi_dcmplt                                    c:/msys64/mingw64/bin/../lib/gcc/arm-none-eabi/12.2.0/thumb/v7e-m/nofp\libgcc.a(_arm_cmpdf2.o)
                                                  c:/msys64/mingw64/bin/../lib/gcc/arm-none-eabi/12.2.0/../../../../arm-none-eabi/lib/thumb/v7e-m/nofp\libm.a(libm_a-e_exp.o)
                                                  c:/msys64/mingw64/bin/../lib/gcc/arm-none-eabi/12.2.0/../../../../arm-none-eabi/lib/thumb/v7e-m/nofp\libm.a(libm_a-w_exp.o)
__aeabi_dcmpun                                    c:/msys64/mingw64/bin/../lib/gcc/arm-none-eabi/12.2.0/thumb/v7e-m/nofp\libgcc.a(_arm_unorddf2.o)
                                                  c:/msys64/mingw64/bin/../lib/gcc/arm-none-eabi/12.2.0/../../../../arm-none-eabi/lib/thumb/v7e-m/nofp\libm.a(libm_a-math_err.o)
__aeabi_ddiv                                      c:/msys64/mingw64/bin/../lib/gcc/arm-none-eabi/12.2.0/thumb/v7e-m/nofp\libgcc.a(_arm_muldivdf3.o)
                                                  c:/msys64/mingw64/bin/../lib/gcc/arm-none-eabi/12.2.0/../../../../arm-none-eabi/lib/thumb/v7e-m/nofp\libm.a(libm_a-math_err.o)
                                                  c:/msys64/mingw64/bin/../lib/gcc/arm-none-eabi/12.2.0/../../../../arm-none-eabi/lib/thumb/v7e-m/nofp\libm.a(libm_a-e_exp.o)
                                                  objdir/.//network.o
__aeabi_dmul                                      c:/msys64/mingw64/bin/../lib/gcc/arm-none-eabi/12.2.0/thumb/v7e-m/nofp\libgcc.a(_arm_muldivdf3.o)
                                                  c:/msys64/mingw64/bin/../lib/gcc/arm-none-eabi/12.2.0/thumb/v7e-m/nofp\libgcc.a(_arm_muldf3.o)
                                                  c:/msys64/mingw64/bin/../lib/gcc/arm-none-eabi/12.2.0/../../../../arm-none-eabi/lib/thumb/v7e-m/nofp\libm.a(libm_a-math_err.o)
                                                  c:/msys64/mingw64/bin/../lib/gcc/arm-none-eabi/12.2.0/../../../../arm-none-eabi/lib/thumb/v7e-m/nofp\libm.a(libm_a-e_exp.o)
__aeabi_drsub                                     c:/msys64/mingw64/bin/../lib/gcc/arm-none-eabi/12.2.0/thumb/v7e-m/nofp\libgcc.a(_arm_addsubdf3.o)
__aeabi_dsub                                      c:/msys64/mingw64/bin/../lib/gcc/arm-none-eabi/12.2.0/thumb/v7e-m/nofp\libgcc.a(_arm_addsubdf3.o)
                                                  c:/msys64/mingw64/bin/../lib/gcc/arm-none-eabi/12.2.0/../../../../arm-none-eabi/lib/thumb/v7e-m/nofp\libm.a(libm_a-math_err.o)
                                                  c:/msys64/mingw64/bin/../lib/gcc/arm-none-eabi/12.2.0/../../../../arm-none-eabi/lib/thumb/v7e-m/nofp\libm.a(libm_a-e_exp.o)
__aeabi_f2d                                       c:/msys64/mingw64/bin/../lib/gcc/arm-none-eabi/12.2.0/thumb/v7e-m/nofp\libgcc.a(_arm_addsubdf3.o)
__aeabi_f2uiz                                     c:/msys64/mingw64/bin/../lib/gcc/arm-none-eabi/12.2.0/thumb/v7e-m/nofp\libgcc.a(_arm_fixunssfsi.o)
                                                  objdir/.//network.o
__aeabi_fadd                                      c:/msys64/mingw64/bin/../lib/gcc/arm-none-eabi/12.2.0/thumb/v7e-m/nofp\libgcc.a(_arm_addsubsf3.o)
__aeabi_fdiv                                      c:/msys64/mingw64/bin/../lib/gcc/arm-none-eabi/12.2.0/thumb/v7e-m/nofp\libgcc.a(_arm_muldivsf3.o)
                                                  objdir/.//network.o
__aeabi_fmul                                      c:/msys64/mingw64/bin/../lib/gcc/arm-none-eabi/12.2.0/thumb/v7e-m/nofp\libgcc.a(_arm_muldivsf3.o)
__aeabi_frsub                                     c:/msys64/mingw64/bin/../lib/gcc/arm-none-eabi/12.2.0/thumb/v7e-m/nofp\libgcc.a(_arm_addsubsf3.o)
__aeabi_fsub                                      c:/msys64/mingw64/bin/../lib/gcc/arm-none-eabi/12.2.0/thumb/v7e-m/nofp\libgcc.a(_arm_addsubsf3.o)
__aeabi_i2d                                       c:/msys64/mingw64/bin/../lib/gcc/arm-none-eabi/12.2.0/thumb/v7e-m/nofp\libgcc.a(_arm_addsubdf3.o)
                                                  c:/msys64/mingw64/bin/../lib/gcc/arm-none-eabi/12.2.0/../../../../arm-none-eabi/lib/thumb/v7e-m/nofp\libm.a(libm_a-e_exp.o)
                                                  objdir/.//network.o
__aeabi_i2f                                       c:/msys64/mingw64/bin/../lib/gcc/arm-none-eabi/12.2.0/thumb/v7e-m/nofp\libgcc.a(_arm_addsubsf3.o)
                                                  objdir/.//network.o
__aeabi_l2d                                       c:/msys64/mingw64/bin/../lib/gcc/arm-none-eabi/12.2.0/thumb/v7e-m/nofp\libgcc.a(_arm_addsubdf3.o)
__aeabi_l2f                                       c:/msys64/mingw64/bin/../lib/gcc/arm-none-eabi/12.2.0/thumb/v7e-m/nofp\libgcc.a(_arm_addsubsf3.o)
__aeabi_ui2d                                      c:/msys64/mingw64/bin/../lib/gcc/arm-none-eabi/12.2.0/thumb/v7e-m/nofp\libgcc.a(_arm_addsubdf3.o)
__aeabi_ui2f                                      c:/msys64/mingw64/bin/../lib/gcc/arm-none-eabi/12.2.0/thumb/v7e-m/nofp\libgcc.a(_arm_addsubsf3.o)
__aeabi_ul2d                                      c:/msys64/mingw64/bin/../lib/gcc/arm-none-eabi/12.2.0/thumb/v7e-m/nofp\libgcc.a(_arm_addsubdf3.o)
__aeabi_ul2f                                      c:/msys64/mingw64/bin/../lib/gcc/arm-none-eabi/12.2.0/thumb/v7e-m/nofp\libgcc.a(_arm_addsubsf3.o)
__assert                                          c:/msys64/mingw64/bin/../lib/gcc/arm-none-eabi/12.2.0/../../../../arm-none-eabi/lib/thumb/v7e-m/nofp\libg_nano.a(libc_a-assert.o)
__assert_func                                     c:/msys64/mingw64/bin/../lib/gcc/arm-none-eabi/12.2.0/../../../../arm-none-eabi/lib/thumb/v7e-m/nofp\libg_nano.a(libc_a-assert.o)
                                                  c:/msys64/mingw64/bin/../lib/gcc/arm-none-eabi/12.2.0/../../../../arm-none-eabi/lib/thumb/v7e-m/nofp\libg_nano.a(libc_a-rand.o)
__atexit                                          c:/msys64/mingw64/bin/../lib/gcc/arm-none-eabi/12.2.0/../../../../arm-none-eabi/lib/thumb/v7e-m/nofp\libg_nano.a(libc_a-__call_atexit.o)
                                                  c:/msys64/mingw64/bin/../lib/gcc/arm-none-eabi/12.2.0/../../../../arm-none-eabi/lib/thumb/v7e-m/nofp\libg_nano.a(libc_a-__atexit.o)
__atexit0                                         c:/msys64/mingw64/bin/../lib/gcc/arm-none-eabi/12.2.0/../../../../arm-none-eabi/lib/thumb/v7e-m/nofp\libg_nano.a(libc_a-__atexit.o)
__atexit_dummy                                    c:/msys64/mingw64/bin/../lib/gcc/arm-none-eabi/12.2.0/../../../../arm-none-eabi/lib/thumb/v7e-m/nofp\libg_nano.a(libc_a-__atexit.o)
__atexit_recursive_mutex                          c:/msys64/mingw64/bin/../lib/gcc/arm-none-eabi/12.2.0/../../../../arm-none-eabi/lib/thumb/v7e-m/nofp\libg_nano.a(libc_a-__call_atexit.o)
                                                  c:/msys64/mingw64/bin/../lib/gcc/arm-none-eabi/12.2.0/../../../../arm-none-eabi/lib/thumb/v7e-m/nofp\libg_nano.a(libc_a-__atexit.o)
__bss_end__                                       c:/msys64/mingw64/bin/../lib/gcc/arm-none-eabi/12.2.0/../../../../arm-none-eabi/lib/thumb/v7e-m/nofp/crt0.o
__bss_start__                                     c:/msys64/mingw64/bin/../lib/gcc/arm-none-eabi/12.2.0/../../../../arm-none-eabi/lib/thumb/v7e-m/nofp/crt0.o
__call_exitprocs                                  c:/msys64/mingw64/bin/../lib/gcc/arm-none-eabi/12.2.0/../../../../arm-none-eabi/lib/thumb/v7e-m/nofp\libg_nano.a(libc_a-__call_atexit.o)
                                                  c:/msys64/mingw64/bin/../lib/gcc/arm-none-eabi/12.2.0/../../../../arm-none-eabi/lib/thumb/v7e-m/nofp\libg_nano.a(libc_a-__atexit.o)
                                                  c:/msys64/mingw64/bin/../lib/gcc/arm-none-eabi/12.2.0/../../../../arm-none-eabi/lib/thumb/v7e-m/nofp\libg_nano.a(libc_a-exit.o)
__cmpdf2                                          c:/msys64/mingw64/bin/../lib/gcc/arm-none-eabi/12.2.0/thumb/v7e-m/nofp\libgcc.a(_arm_cmpdf2.o)
__deregister_frame_info                           c:/msys64/mingw64/bin/../lib/gcc/arm-none-eabi/12.2.0/thumb/v7e-m/nofp/crtbegin.o
__divdf3                                          c:/msys64/mingw64/bin/../lib/gcc/arm-none-eabi/12.2.0/thumb/v7e-m/nofp\libgcc.a(_arm_muldivdf3.o)
__divsf3                                          c:/msys64/mingw64/bin/../lib/gcc/arm-none-eabi/12.2.0/thumb/v7e-m/nofp\libgcc.a(_arm_muldivsf3.o)
__dso_handle                                      c:/msys64/mingw64/bin/../lib/gcc/arm-none-eabi/12.2.0/thumb/v7e-m/nofp/crtbegin.o
__eqdf2                                           c:/msys64/mingw64/bin/../lib/gcc/arm-none-eabi/12.2.0/thumb/v7e-m/nofp\libgcc.a(_arm_cmpdf2.o)
__errno                                           c:/msys64/mingw64/bin/../lib/gcc/arm-none-eabi/12.2.0/../../../../arm-none-eabi/lib/thumb/v7e-m/nofp\libg_nano.a(libc_a-errno.o)
                                                  c:/msys64/mingw64/bin/../lib/gcc/arm-none-eabi/12.2.0/../../../../arm-none-eabi/lib/thumb/v7e-m/nofp\libm.a(libm_a-math_err.o)
                                                  c:/msys64/mingw64/bin/../lib/gcc/arm-none-eabi/12.2.0/../../../../arm-none-eabi/lib/thumb/v7e-m/nofp\libm.a(libm_a-w_exp.o)
                                                  objdir/stm32f3_sysmem.o
__extendsfdf2                                     c:/msys64/mingw64/bin/../lib/gcc/arm-none-eabi/12.2.0/thumb/v7e-m/nofp\libgcc.a(_arm_addsubdf3.o)
__fini_array_end                                  c:/msys64/mingw64/bin/../lib/gcc/arm-none-eabi/12.2.0/../../../../arm-none-eabi/lib/thumb/v7e-m/nofp\libg_nano.a(libc_a-fini.o)
__fini_array_start                                c:/msys64/mingw64/bin/../lib/gcc/arm-none-eabi/12.2.0/../../../../arm-none-eabi/lib/thumb/v7e-m/nofp\libg_nano.a(libc_a-fini.o)
__fixdfsi                                         c:/msys64/mingw64/bin/../lib/gcc/arm-none-eabi/12.2.0/thumb/v7e-m/nofp\libgcc.a(_arm_fixdfsi.o)
__fixunsdfsi                                      c:/msys64/mingw64/bin/../lib/gcc/arm-none-eabi/12.2.0/thumb/v7e-m/nofp\libgcc.a(_arm_fixunsdfsi.o)
__fixunssfsi                                      c:/msys64/mingw64/bin/../lib/gcc/arm-none-eabi/12.2.0/thumb/v7e-m/nofp\libgcc.a(_arm_fixunssfsi.o)
__floatdidf                                       c:/msys64/mingw64/bin/../lib/gcc/arm-none-eabi/12.2.0/thumb/v7e-m/nofp\libgcc.a(_arm_addsubdf3.o)
__floatdisf                                       c:/msys64/mingw64/bin/../lib/gcc/arm-none-eabi/12.2.0/thumb/v7e-m/nofp\libgcc.a(_arm_addsubsf3.o)
__floatsidf                                       c:/msys64/mingw64/bin/../lib/gcc/arm-none-eabi/12.2.0/thumb/v7e-m/nofp\libgcc.a(_arm_addsubdf3.o)
__floatsisf                                       c:/msys64/mingw64/bin/../lib/gcc/arm-none-eabi/12.2.0/thumb/v7e-m/nofp\libgcc.a(_arm_addsubsf3.o)
__floatundidf                                     c:/msys64/mingw64/bin/../lib/gcc/arm-none-eabi/12.2.0/thumb/v7e-m/nofp\libgcc.a(_arm_addsubdf3.o)
__floatundisf                                     c:/msys64/mingw64/bin/../lib/gcc/arm-none-eabi/12.2.0/thumb/v7e-m/nofp\libgcc.a(_arm_addsubsf3.o)
__floatunsidf                                     c:/msys64/mingw64/bin/../lib/gcc/arm-none-eabi/12.2.0/thumb/v7e-m/nofp\libgcc.a(_arm_addsubdf3.o)
__floatunsisf                                     c:/msys64/mingw64/bin/../lib/gcc/arm-none-eabi/12.2.0/thumb/v7e-m/nofp\libgcc.a(_arm_addsubsf3.o)
__fp_lock_all                                     c:/msys64/mingw64/bin/../lib/gcc/arm-none-eabi/12.2.0/../../../../arm-none-eabi/lib/thumb/v7e-m/nofp\libg_nano.a(libc_a-findfp.o)
__fp_unlock_all                                   c:/msys64/mingw64/bin/../lib/gcc/arm-none-eabi/12.2.0/../../../../arm-none-eabi/lib/thumb/v7e-m/nofp\libg_nano.a(libc_a-findfp.o)
__gedf2                                           c:/msys64/mingw64/bin/../lib/gcc/arm-none-eabi/12.2.0/thumb/v7e-m/nofp\libgcc.a(_arm_cmpdf2.o)
__gtdf2                                           c:/msys64/mingw64/bin/../lib/gcc/arm-none-eabi/12.2.0/thumb/v7e-m/nofp\libgcc.a(_arm_cmpdf2.o)
__ieee754_exp                                     c:/msys64/mingw64/bin/../lib/gcc/arm-none-eabi/12.2.0/../../../../arm-none-eabi/lib/thumb/v7e-m/nofp\libm.a(libm_a-e_exp.o)
                                                  c:/msys64/mingw64/bin/../lib/gcc/arm-none-eabi/12.2.0/../../../../arm-none-eabi/lib/thumb/v7e-m/nofp\libm.a(libm_a-w_exp.o)
__init_array_end                                  c:/msys64/mingw64/bin/../lib/gcc/arm-none-eabi/12.2.0/../../../../arm-none-eabi/lib/thumb/v7e-m/nofp\libg_nano.a(libc_a-init.o)
__init_array_start                                c:/msys64/mingw64/bin/../lib/gcc/arm-none-eabi/12.2.0/../../../../arm-none-eabi/lib/thumb/v7e-m/nofp\libg_nano.a(libc_a-init.o)
__ledf2                                           c:/msys64/mingw64/bin/../lib/gcc/arm-none-eabi/12.2.0/thumb/v7e-m/nofp\libgcc.a(_arm_cmpdf2.o)
__libc_fini_array                                 c:/msys64/mingw64/bin/../lib/gcc/arm-none-eabi/12.2.0/../../../../arm-none-eabi/lib/thumb/v7e-m/nofp\libg_nano.a(libc_a-fini.o)
                                                  c:/msys64/mingw64/bin/../lib/gcc/arm-none-eabi/12.2.0/../../../../arm-none-eabi/lib/thumb/v7e-m/nofp/crt0.o
__libc_init_array                                 c:/msys64/mingw64/bin/../lib/gcc/arm-none-eabi/12.2.0/../../../../arm-none-eabi/lib/thumb/v7e-m/nofp\libg_nano.a(libc_a-init.o)
                                                  objdir/stm32f3_startup.o
                                                  c:/msys64/mingw64/bin/../lib/gcc/arm-none-eabi/12.2.0/../../../../arm-none-eabi/lib/thumb/v7e-m/nofp/crt0.o
__lock___arc4random_mutex                         c:/msys64/mingw64/bin/../lib/gcc/arm-none-eabi/12.2.0/../../../../arm-none-eabi/lib/thumb/v7e-m/nofp\libg_nano.a(libc_a-lock.o)
__lock___at_quick_exit_mutex                      c:/msys64/mingw64/bin/../lib/gcc/arm-none-eabi/12.2.0/../../../../arm-none-eabi/lib/thumb/v7e-m/nofp\libg_nano.a(libc_a-lock.o)
__lock___atexit_recursive_mutex                   c:/msys64/mingw64/bin/../lib/gcc/arm-none-eabi/12.2.0/../../../../arm-none-eabi/lib/thumb/v7e-m/nofp\libg_nano.a(libc_a-lock.o)
                                                  c:/msys64/mingw64/bin/../lib/gcc/arm-none-eabi/12.2.0/../../../../arm-none-eabi/lib/thumb/v7e-m/nofp\libg_nano.a(libc_a-__call_atexit.o)
__lock___dd_hash_mutex                            c:/msys64/mingw64/bin/../lib/gcc/arm-none-eabi/12.2.0/../../../../arm-none-eabi/lib/thumb/v7e-m/nofp\libg_nano.a(libc_a-lock.o)
__lock___env_recursive_mutex                      c:/msys64/mingw64/bin/../lib/gcc/arm-none-eabi/12.2.0/../../../../arm-none-eabi/lib/thumb/v7e-m/nofp\libg_nano.a(libc_a-lock.o)
__lock___malloc_recursive_mutex                   c:/msys64/mingw64/bin/../lib/gcc/arm-none-eabi/12.2.0/../../../../arm-none-eabi/lib/thumb/v7e-m/nofp\libg_nano.a(libc_a-lock.o)
                                                  c:/msys64/mingw64/bin/../lib/gcc/arm-none-eabi/12.2.0/../../../../arm-none-eabi/lib/thumb/v7e-m/nofp\libg_nano.a(libc_a-mlock.o)
__lock___sfp_recursive_mutex                      c:/msys64/mingw64/bin/../lib/gcc/arm-none-eabi/12.2.0/../../../../arm-none-eabi/lib/thumb/v7e-m/nofp\libg_nano.a(libc_a-lock.o)
                                                  c:/msys64/mingw64/bin/../lib/gcc/arm-none-eabi/12.2.0/../../../../arm-none-eabi/lib/thumb/v7e-m/nofp\libg_nano.a(libc_a-findfp.o)
__lock___tz_mutex                                 c:/msys64/mingw64/bin/../lib/gcc/arm-none-eabi/12.2.0/../../../../arm-none-eabi/lib/thumb/v7e-m/nofp\libg_nano.a(libc_a-lock.o)
__ltdf2                                           c:/msys64/mingw64/bin/../lib/gcc/arm-none-eabi/12.2.0/thumb/v7e-m/nofp\libgcc.a(_arm_cmpdf2.o)
__malloc_free_list                                c:/msys64/mingw64/bin/../lib/gcc/arm-none-eabi/12.2.0/../../../../arm-none-eabi/lib/thumb/v7e-m/nofp\libg_nano.a(libc_a-mallocr.o)
                                                  c:/msys64/mingw64/bin/../lib/gcc/arm-none-eabi/12.2.0/../../../../arm-none-eabi/lib/thumb/v7e-m/nofp\libg_nano.a(libc_a-freer.o)
__malloc_lock                                     c:/msys64/mingw64/bin/../lib/gcc/arm-none-eabi/12.2.0/../../../../arm-none-eabi/lib/thumb/v7e-m/nofp\libg_nano.a(libc_a-mlock.o)
                                                  c:/msys64/mingw64/bin/../lib/gcc/arm-none-eabi/12.2.0/../../../../arm-none-eabi/lib/thumb/v7e-m/nofp\libg_nano.a(libc_a-freer.o)
                                                  c:/msys64/mingw64/bin/../lib/gcc/arm-none-eabi/12.2.0/../../../../arm-none-eabi/lib/thumb/v7e-m/nofp\libg_nano.a(libc_a-mallocr.o)
__malloc_sbrk_start                               c:/msys64/mingw64/bin/../lib/gcc/arm-none-eabi/12.2.0/../../../../arm-none-eabi/lib/thumb/v7e-m/nofp\libg_nano.a(libc_a-mallocr.o)
__malloc_unlock                                   c:/msys64/mingw64/bin/../lib/gcc/arm-none-eabi/12.2.0/../../../../arm-none-eabi/lib/thumb/v7e-m/nofp\libg_nano.a(libc_a-mlock.o)
                                                  c:/msys64/mingw64/bin/../lib/gcc/arm-none-eabi/12.2.0/../../../../arm-none-eabi/lib/thumb/v7e-m/nofp\libg_nano.a(libc_a-freer.o)
                                                  c:/msys64/mingw64/bin/../lib/gcc/arm-none-eabi/12.2.0/../../../../arm-none-eabi/lib/thumb/v7e-m/nofp\libg_nano.a(libc_a-mallocr.o)
__math_check_oflow                                c:/msys64/mingw64/bin/../lib/gcc/arm-none-eabi/12.2.0/../../../../arm-none-eabi/lib/thumb/v7e-m/nofp\libm.a(libm_a-math_err.o)
__math_check_uflow                                c:/msys64/mingw64/bin/../lib/gcc/arm-none-eabi/12.2.0/../../../../arm-none-eabi/lib/thumb/v7e-m/nofp\libm.a(libm_a-math_err.o)
__math_divzero                                    c:/msys64/mingw64/bin/../lib/gcc/arm-none-eabi/12.2.0/../../../../arm-none-eabi/lib/thumb/v7e-m/nofp\libm.a(libm_a-math_err.o)
__math_invalid                                    c:/msys64/mingw64/bin/../lib/gcc/arm-none-eabi/12.2.0/../../../../arm-none-eabi/lib/thumb/v7e-m/nofp\libm.a(libm_a-math_err.o)
__math_may_uflow                                  c:/msys64/mingw64/bin/../lib/gcc/arm-none-eabi/12.2.0/../../../../arm-none-eabi/lib/thumb/v7e-m/nofp\libm.a(libm_a-math_err.o)
__math_oflow                                      c:/msys64/mingw64/bin/../lib/gcc/arm-none-eabi/12.2.0/../../../../arm-none-eabi/lib/thumb/v7e-m/nofp\libm.a(libm_a-math_err.o)
                                                  c:/msys64/mingw64/bin/../lib/gcc/arm-none-eabi/12.2.0/../../../../arm-none-eabi/lib/thumb/v7e-m/nofp\libm.a(libm_a-e_exp.o)
__math_uflow                                      c:/msys64/mingw64/bin/../lib/gcc/arm-none-eabi/12.2.0/../../../../arm-none-eabi/lib/thumb/v7e-m/nofp\libm.a(libm_a-math_err.o)
                                                  c:/msys64/mingw64/bin/../lib/gcc/arm-none-eabi/12.2.0/../../../../arm-none-eabi/lib/thumb/v7e-m/nofp\libm.a(libm_a-e_exp.o)
__muldf3                                          c:/msys64/mingw64/bin/../lib/gcc/arm-none-eabi/12.2.0/thumb/v7e-m/nofp\libgcc.a(_arm_muldivdf3.o)
                                                  c:/msys64/mingw64/bin/../lib/gcc/arm-none-eabi/12.2.0/thumb/v7e-m/nofp\libgcc.a(_arm_muldf3.o)
__mulsf3                                          c:/msys64/mingw64/bin/../lib/gcc/arm-none-eabi/12.2.0/thumb/v7e-m/nofp\libgcc.a(_arm_muldivsf3.o)
__nedf2                                           c:/msys64/mingw64/bin/../lib/gcc/arm-none-eabi/12.2.0/thumb/v7e-m/nofp\libgcc.a(_arm_cmpdf2.o)
__on_exit_args                                    c:/msys64/mingw64/bin/../lib/gcc/arm-none-eabi/12.2.0/../../../../arm-none-eabi/lib/thumb/v7e-m/nofp\libg_nano.a(libc_a-__atexit.o)
__preinit_array_end                               c:/msys64/mingw64/bin/../lib/gcc/arm-none-eabi/12.2.0/../../../../arm-none-eabi/lib/thumb/v7e-m/nofp\libg_nano.a(libc_a-init.o)
__preinit_array_start                             c:/msys64/mingw64/bin/../lib/gcc/arm-none-eabi/12.2.0/../../../../arm-none-eabi/lib/thumb/v7e-m/nofp\libg_nano.a(libc_a-init.o)
__register_exitproc                               c:/msys64/mingw64/bin/../lib/gcc/arm-none-eabi/12.2.0/../../../../arm-none-eabi/lib/thumb/v7e-m/nofp\libg_nano.a(libc_a-__atexit.o)
                                                  c:/msys64/mingw64/bin/../lib/gcc/arm-none-eabi/12.2.0/../../../../arm-none-eabi/lib/thumb/v7e-m/nofp\libg_nano.a(libc_a-atexit.o)
__register_frame_info                             c:/msys64/mingw64/bin/../lib/gcc/arm-none-eabi/12.2.0/thumb/v7e-m/nofp/crtbegin.o
__retarget_lock_acquire                           c:/msys64/mingw64/bin/../lib/gcc/arm-none-eabi/12.2.0/../../../../arm-none-eabi/lib/thumb/v7e-m/nofp\libg_nano.a(libc_a-lock.o)
__retarget_lock_acquire_recursive                 c:/msys64/mingw64/bin/../lib/gcc/arm-none-eabi/12.2.0/../../../../arm-none-eabi/lib/thumb/v7e-m/nofp\libg_nano.a(libc_a-lock.o)
                                                  c:/msys64/mingw64/bin/../lib/gcc/arm-none-eabi/12.2.0/../../../../arm-none-eabi/lib/thumb/v7e-m/nofp\libg_nano.a(libc_a-nano-vfprintf.o)
                                                  c:/msys64/mingw64/bin/../lib/gcc/arm-none-eabi/12.2.0/../../../../arm-none-eabi/lib/thumb/v7e-m/nofp\libg_nano.a(libc_a-fflush.o)
                                                  c:/msys64/mingw64/bin/../lib/gcc/arm-none-eabi/12.2.0/../../../../arm-none-eabi/lib/thumb/v7e-m/nofp\libg_nano.a(libc_a-__call_atexit.o)
                                                  c:/msys64/mingw64/bin/../lib/gcc/arm-none-eabi/12.2.0/../../../../arm-none-eabi/lib/thumb/v7e-m/nofp\libg_nano.a(libc_a-__atexit.o)
                                                  c:/msys64/mingw64/bin/../lib/gcc/arm-none-eabi/12.2.0/../../../../arm-none-eabi/lib/thumb/v7e-m/nofp\libg_nano.a(libc_a-findfp.o)
                                                  c:/msys64/mingw64/bin/../lib/gcc/arm-none-eabi/12.2.0/../../../../arm-none-eabi/lib/thumb/v7e-m/nofp\libg_nano.a(libc_a-mlock.o)
__retarget_lock_close                             c:/msys64/mingw64/bin/../lib/gcc/arm-none-eabi/12.2.0/../../../../arm-none-eabi/lib/thumb/v7e-m/nofp\libg_nano.a(libc_a-lock.o)
__retarget_lock_close_recursive                   c:/msys64/mingw64/bin/../lib/gcc/arm-none-eabi/12.2.0/../../../../arm-none-eabi/lib/thumb/v7e-m/nofp\libg_nano.a(libc_a-lock.o)
__retarget_lock_init                              c:/msys64/mingw64/bin/../lib/gcc/arm-none-eabi/12.2.0/../../../../arm-none-eabi/lib/thumb/v7e-m/nofp\libg_nano.a(libc_a-lock.o)
__retarget_lock_init_recursive                    c:/msys64/mingw64/bin/../lib/gcc/arm-none-eabi/12.2.0/../../../../arm-none-eabi/lib/thumb/v7e-m/nofp\libg_nano.a(libc_a-lock.o)
                                                  c:/msys64/mingw64/bin/../lib/gcc/arm-none-eabi/12.2.0/../../../../arm-none-eabi/lib/thumb/v7e-m/nofp\libg_nano.a(libc_a-findfp.o)
__retarget_lock_release                           c:/msys64/mingw64/bin/../lib/gcc/arm-none-eabi/12.2.0/../../../../arm-none-eabi/lib/thumb/v7e-m/nofp\libg_nano.a(libc_a-lock.o)
__retarget_lock_release_recursive                 c:/msys64/mingw64/bin/../lib/gcc/arm-none-eabi/12.2.0/../../../../arm-none-eabi/lib/thumb/v7e-m/nofp\libg_nano.a(libc_a-lock.o)
                                                  c:/msys64/mingw64/bin/../lib/gcc/arm-none-eabi/12.2.0/../../../../arm-none-eabi/lib/thumb/v7e-m/nofp\libg_nano.a(libc_a-nano-vfprintf.o)
                                                  c:/msys64/mingw64/bin/../lib/gcc/arm-none-eabi/12.2.0/../../../../arm-none-eabi/lib/thumb/v7e-m/nofp\libg_nano.a(libc_a-fflush.o)
                                                  c:/msys64/mingw64/bin/../lib/gcc/arm-none-eabi/12.2.0/../../../../arm-none-eabi/lib/thumb/v7e-m/nofp\libg_nano.a(libc_a-__call_atexit.o)
                                                  c:/msys64/mingw64/bin/../lib/gcc/arm-none-eabi/12.2.0/../../../../arm-none-eabi/lib/thumb/v7e-m/nofp\libg_nano.a(libc_a-__atexit.o)
                                                  c:/msys64/mingw64/bin/../lib/gcc/arm-none-eabi/12.2.0/../../../../arm-none-eabi/lib/thumb/v7e-m/nofp\libg_nano.a(libc_a-findfp.o)
                                                  c:/msys64/mingw64/bin/../lib/gcc/arm-none-eabi/12.2.0/../../../../arm-none-eabi/lib/thumb/v7e-m/nofp\libg_nano.a(libc_a-mlock.o)
__retarget_lock_try_acquire                       c:/msys64/mingw64/bin/../lib/gcc/arm-none-eabi/12.2.0/../../../../arm-none-eabi/lib/thumb/v7e-m/nofp\libg_nano.a(libc_a-lock.o)
__retarget_lock_try_acquire_recursive             c:/msys64/mingw64/bin/../lib/gcc/arm-none-eabi/12.2.0/../../../../arm-none-eabi/lib/thumb/v7e-m/nofp\libg_nano.a(libc_a-lock.o)
__sclose                                          c:/msys64/mingw64/bin/../lib/gcc/arm-none-eabi/12.2.0/../../../../arm-none-eabi/lib/thumb/v7e-m/nofp\libg_nano.a(libc_a-stdio.o)
                                                  c:/msys64/mingw64/bin/../lib/gcc/arm-none-eabi/12.2.0/../../../../arm-none-eabi/lib/thumb/v7e-m/nofp\libg_nano.a(libc_a-findfp.o)
__seofread                                        c:/msys64/mingw64/bin/../lib/gcc/arm-none-eabi/12.2.0/../../../../arm-none-eabi/lib/thumb/v7e-m/nofp\libg_nano.a(libc_a-stdio.o)
__sf                                              c:/msys64/mingw64/bin/../lib/gcc/arm-none-eabi/12.2.0/../../../../arm-none-eabi/lib/thumb/v7e-m/nofp\libg_nano.a(libc_a-findfp.o)
                                                  c:/msys64/mingw64/bin/../lib/gcc/arm-none-eabi/12.2.0/../../../../arm-none-eabi/lib/thumb/v7e-m/nofp\libg_nano.a(libc_a-impure.o)
__sflush_r                                        c:/msys64/mingw64/bin/../lib/gcc/arm-none-eabi/12.2.0/../../../../arm-none-eabi/lib/thumb/v7e-m/nofp\libg_nano.a(libc_a-fflush.o)
__sfp                                             c:/msys64/mingw64/bin/../lib/gcc/arm-none-eabi/12.2.0/../../../../arm-none-eabi/lib/thumb/v7e-m/nofp\libg_nano.a(libc_a-findfp.o)
__sfp_lock_acquire                                c:/msys64/mingw64/bin/../lib/gcc/arm-none-eabi/12.2.0/../../../../arm-none-eabi/lib/thumb/v7e-m/nofp\libg_nano.a(libc_a-findfp.o)
__sfp_lock_release                                c:/msys64/mingw64/bin/../lib/gcc/arm-none-eabi/12.2.0/../../../../arm-none-eabi/lib/thumb/v7e-m/nofp\libg_nano.a(libc_a-findfp.o)
__sfputs_r                                        c:/msys64/mingw64/bin/../lib/gcc/arm-none-eabi/12.2.0/../../../../arm-none-eabi/lib/thumb/v7e-m/nofp\libg_nano.a(libc_a-nano-vfprintf.o)
__sfvwrite_r                                      c:/msys64/mingw64/bin/../lib/gcc/arm-none-eabi/12.2.0/../../../../arm-none-eabi/lib/thumb/v7e-m/nofp\libg_nano.a(libc_a-fvwrite.o)
                                                  c:/msys64/mingw64/bin/../lib/gcc/arm-none-eabi/12.2.0/../../../../arm-none-eabi/lib/thumb/v7e-m/nofp\libg_nano.a(libc_a-nano-vfprintf.o)
__sglue                                           c:/msys64/mingw64/bin/../lib/gcc/arm-none-eabi/12.2.0/../../../../arm-none-eabi/lib/thumb/v7e-m/nofp\libg_nano.a(libc_a-findfp.o)
                                                  c:/msys64/mingw64/bin/../lib/gcc/arm-none-eabi/12.2.0/../../../../arm-none-eabi/lib/thumb/v7e-m/nofp\libg_nano.a(libc_a-fflush.o)
__sigtramp                                        c:/msys64/mingw64/bin/../lib/gcc/arm-none-eabi/12.2.0/../../../../arm-none-eabi/lib/thumb/v7e-m/nofp\libg_nano.a(libc_a-signal.o)
__sigtramp_r                                      c:/msys64/mingw64/bin/../lib/gcc/arm-none-eabi/12.2.0/../../../../arm-none-eabi/lib/thumb/v7e-m/nofp\libg_nano.a(libc_a-signal.o)
__sinit                                           c:/msys64/mingw64/bin/../lib/gcc/arm-none-eabi/12.2.0/../../../../arm-none-eabi/lib/thumb/v7e-m/nofp\libg_nano.a(libc_a-findfp.o)
                                                  c:/msys64/mingw64/bin/../lib/gcc/arm-none-eabi/12.2.0/../../../../arm-none-eabi/lib/thumb/v7e-m/nofp\libg_nano.a(libc_a-wsetup.o)
                                                  c:/msys64/mingw64/bin/../lib/gcc/arm-none-eabi/12.2.0/../../../../arm-none-eabi/lib/thumb/v7e-m/nofp\libg_nano.a(libc_a-wbuf.o)
                                                  c:/msys64/mingw64/bin/../lib/gcc/arm-none-eabi/12.2.0/../../../../arm-none-eabi/lib/thumb/v7e-m/nofp\libg_nano.a(libc_a-nano-vfprintf.o)
                                                  c:/msys64/mingw64/bin/../lib/gcc/arm-none-eabi/12.2.0/../../../../arm-none-eabi/lib/thumb/v7e-m/nofp\libg_nano.a(libc_a-fflush.o)
__smakebuf_r                                      c:/msys64/mingw64/bin/../lib/gcc/arm-none-eabi/12.2.0/../../../../arm-none-eabi/lib/thumb/v7e-m/nofp\libg_nano.a(libc_a-makebuf.o)
                                                  c:/msys64/mingw64/bin/../lib/gcc/arm-none-eabi/12.2.0/../../../../arm-none-eabi/lib/thumb/v7e-m/nofp\libg_nano.a(libc_a-wsetup.o)
__sprint_r                                        c:/msys64/mingw64/bin/../lib/gcc/arm-none-eabi/12.2.0/../../../../arm-none-eabi/lib/thumb/v7e-m/nofp\libg_nano.a(libc_a-nano-vfprintf.o)
__sread                                           c:/msys64/mingw64/bin/../lib/gcc/arm-none-eabi/12.2.0/../../../../arm-none-eabi/lib/thumb/v7e-m/nofp\libg_nano.a(libc_a-stdio.o)
                                                  c:/msys64/mingw64/bin/../lib/gcc/arm-none-eabi/12.2.0/../../../../arm-none-eabi/lib/thumb/v7e-m/nofp\libg_nano.a(libc_a-findfp.o)
__sseek                                           c:/msys64/mingw64/bin/../lib/gcc/arm-none-eabi/12.2.0/../../../../arm-none-eabi/lib/thumb/v7e-m/nofp\libg_nano.a(libc_a-stdio.o)
                                                  c:/msys64/mingw64/bin/../lib/gcc/arm-none-eabi/12.2.0/../../../../arm-none-eabi/lib/thumb/v7e-m/nofp\libg_nano.a(libc_a-findfp.o)
__stack                                           c:/msys64/mingw64/bin/../lib/gcc/arm-none-eabi/12.2.0/../../../../arm-none-eabi/lib/thumb/v7e-m/nofp/crt0.o
__stdio_exit_handler                              c:/msys64/mingw64/bin/../lib/gcc/arm-none-eabi/12.2.0/../../../../arm-none-eabi/lib/thumb/v7e-m/nofp\libg_nano.a(libc_a-findfp.o)
                                                  c:/msys64/mingw64/bin/../lib/gcc/arm-none-eabi/12.2.0/../../../../arm-none-eabi/lib/thumb/v7e-m/nofp\libg_nano.a(libc_a-exit.o)
__subdf3                                          c:/msys64/mingw64/bin/../lib/gcc/arm-none-eabi/12.2.0/thumb/v7e-m/nofp\libgcc.a(_arm_addsubdf3.o)
__subsf3                                          c:/msys64/mingw64/bin/../lib/gcc/arm-none-eabi/12.2.0/thumb/v7e-m/nofp\libgcc.a(_arm_addsubsf3.o)
__swbuf                                           c:/msys64/mingw64/bin/../lib/gcc/arm-none-eabi/12.2.0/../../../../arm-none-eabi/lib/thumb/v7e-m/nofp\libg_nano.a(libc_a-wbuf.o)
__swbuf_r                                         c:/msys64/mingw64/bin/../lib/gcc/arm-none-eabi/12.2.0/../../../../arm-none-eabi/lib/thumb/v7e-m/nofp\libg_nano.a(libc_a-wbuf.o)
                                                  c:/msys64/mingw64/bin/../lib/gcc/arm-none-eabi/12.2.0/../../../../arm-none-eabi/lib/thumb/v7e-m/nofp\libg_nano.a(libc_a-nano-vfprintf.o)
__swhatbuf_r                                      c:/msys64/mingw64/bin/../lib/gcc/arm-none-eabi/12.2.0/../../../../arm-none-eabi/lib/thumb/v7e-m/nofp\libg_nano.a(libc_a-makebuf.o)
__swrite                                          c:/msys64/mingw64/bin/../lib/gcc/arm-none-eabi/12.2.0/../../../../arm-none-eabi/lib/thumb/v7e-m/nofp\libg_nano.a(libc_a-stdio.o)
                                                  c:/msys64/mingw64/bin/../lib/gcc/arm-none-eabi/12.2.0/../../../../arm-none-eabi/lib/thumb/v7e-m/nofp\libg_nano.a(libc_a-findfp.o)
__swsetup_r                                       c:/msys64/mingw64/bin/../lib/gcc/arm-none-eabi/12.2.0/../../../../arm-none-eabi/lib/thumb/v7e-m/nofp\libg_nano.a(libc_a-wsetup.o)
                                                  c:/msys64/mingw64/bin/../lib/gcc/arm-none-eabi/12.2.0/../../../../arm-none-eabi/lib/thumb/v7e-m/nofp\libg_nano.a(libc_a-wbuf.o)
                                                  c:/msys64/mingw64/bin/../lib/gcc/arm-none-eabi/12.2.0/../../../../arm-none-eabi/lib/thumb/v7e-m/nofp\libg_nano.a(libc_a-fvwrite.o)
                                                  c:/msys64/mingw64/bin/../lib/gcc/arm-none-eabi/12.2.0/../../../../arm-none-eabi/lib/thumb/v7e-m/nofp\libg_nano.a(libc_a-nano-vfprintf.o)
__unorddf2                                        c:/msys64/mingw64/bin/../lib/gcc/arm-none-eabi/12.2.0/thumb/v7e-m/nofp\libgcc.a(_arm_unorddf2.o)
_close                                            c:/msys64/mingw64/bin/../lib/gcc/arm-none-eabi/12.2.0/../../../../arm-none-eabi/lib/thumb/v7e-m/nofp\libnosys.a(close.o)
                                                  c:/msys64/mingw64/bin/../lib/gcc/arm-none-eabi/12.2.0/../../../../arm-none-eabi/lib/thumb/v7e-m/nofp\libg_nano.a(libc_a-closer.o)
_close_r                                          c:/msys64/mingw64/bin/../lib/gcc/arm-none-eabi/12.2.0/../../../../arm-none-eabi/lib/thumb/v7e-m/nofp\libg_nano.a(libc_a-closer.o)
                                                  c:/msys64/mingw64/bin/../lib/gcc/arm-none-eabi/12.2.0/../../../../arm-none-eabi/lib/thumb/v7e-m/nofp\libg_nano.a(libc_a-stdio.o)
_ebss                                             objdir/stm32f3_startup.o
_edata                                            objdir/stm32f3_startup.o
_estack                                           objdir/stm32f3_startup.o
_exit                                             c:/msys64/mingw64/bin/../lib/gcc/arm-none-eabi/12.2.0/../../../../arm-none-eabi/lib/thumb/v7e-m/nofp\libnosys.a(_exit.o)
                                                  c:/msys64/mingw64/bin/../lib/gcc/arm-none-eabi/12.2.0/../../../../arm-none-eabi/lib/thumb/v7e-m/nofp\libg_nano.a(libc_a-abort.o)
                                                  c:/msys64/mingw64/bin/../lib/gcc/arm-none-eabi/12.2.0/../../../../arm-none-eabi/lib/thumb/v7e-m/nofp\libg_nano.a(libc_a-exit.o)
_fflush_r                                         c:/msys64/mingw64/bin/../lib/gcc/arm-none-eabi/12.2.0/../../../../arm-none-eabi/lib/thumb/v7e-m/nofp\libg_nano.a(libc_a-fflush.o)
                                                  c:/msys64/mingw64/bin/../lib/gcc/arm-none-eabi/12.2.0/../../../../arm-none-eabi/lib/thumb/v7e-m/nofp\libg_nano.a(libc_a-wbuf.o)
                                                  c:/msys64/mingw64/bin/../lib/gcc/arm-none-eabi/12.2.0/../../../../arm-none-eabi/lib/thumb/v7e-m/nofp\libg_nano.a(libc_a-fvwrite.o)
                                                  c:/msys64/mingw64/bin/../lib/gcc/arm-none-eabi/12.2.0/../../../../arm-none-eabi/lib/thumb/v7e-m/nofp\libg_nano.a(libc_a-findfp.o)
_fini                                             c:/msys64/mingw64/bin/../lib/gcc/arm-none-eabi/12.2.0/thumb/v7e-m/nofp/crti.o
                                                  c:/msys64/mingw64/bin/../lib/gcc/arm-none-eabi/12.2.0/../../../../arm-none-eabi/lib/thumb/v7e-m/nofp\libg_nano.a(libc_a-fini.o)
_fiprintf_r                                       c:/msys64/mingw64/bin/../lib/gcc/arm-none-eabi/12.2.0/../../../../arm-none-eabi/lib/thumb/v7e-m/nofp\libg_nano.a(libc_a-fprintf.o)
_fprintf_r                                        c:/msys64/mingw64/bin/../lib/gcc/arm-none-eabi/12.2.0/../../../../arm-none-eabi/lib/thumb/v7e-m/nofp\libg_nano.a(libc_a-fprintf.o)
_free_r                                           c:/msys64/mingw64/bin/../lib/gcc/arm-none-eabi/12.2.0/../../../../arm-none-eabi/lib/thumb/v7e-m/nofp\libg_nano.a(libc_a-freer.o)
                                                  c:/msys64/mingw64/bin/../lib/gcc/arm-none-eabi/12.2.0/../../../../arm-none-eabi/lib/thumb/v7e-m/nofp\libg_nano.a(libc_a-reallocr.o)
                                                  c:/msys64/mingw64/bin/../lib/gcc/arm-none-eabi/12.2.0/../../../../arm-none-eabi/lib/thumb/v7e-m/nofp\libg_nano.a(libc_a-wsetup.o)
                                                  c:/msys64/mingw64/bin/../lib/gcc/arm-none-eabi/12.2.0/../../../../arm-none-eabi/lib/thumb/v7e-m/nofp\libg_nano.a(libc_a-fvwrite.o)
                                                  c:/msys64/mingw64/bin/../lib/gcc/arm-none-eabi/12.2.0/../../../../arm-none-eabi/lib/thumb/v7e-m/nofp\libg_nano.a(libc_a-fflush.o)
                                                  c:/msys64/mingw64/bin/../lib/gcc/arm-none-eabi/12.2.0/../../../../arm-none-eabi/lib/thumb/v7e-m/nofp\libg_nano.a(libc_a-reent.o)
                                                  c:/msys64/mingw64/bin/../lib/gcc/arm-none-eabi/12.2.0/../../../../arm-none-eabi/lib/thumb/v7e-m/nofp\libg_nano.a(libc_a-malloc.o)
_fstat                                            c:/msys64/mingw64/bin/../lib/gcc/arm-none-eabi/12.2.0/../../../../arm-none-eabi/lib/thumb/v7e-m/nofp\libnosys.a(fstat.o)
                                                  c:/msys64/mingw64/bin/../lib/gcc/arm-none-eabi/12.2.0/../../../../arm-none-eabi/lib/thumb/v7e-m/nofp\libg_nano.a(libc_a-fstatr.o)
_fstat_r                                          c:/msys64/mingw64/bin/../lib/gcc/arm-none-eabi/12.2.0/../../../../arm-none-eabi/lib/thumb/v7e-m/nofp\libg_nano.a(libc_a-fstatr.o)
                                                  c:/msys64/mingw64/bin/../lib/gcc/arm-none-eabi/12.2.0/../../../../arm-none-eabi/lib/thumb/v7e-m/nofp\libg_nano.a(libc_a-makebuf.o)
_fwalk_sglue                                      c:/msys64/mingw64/bin/../lib/gcc/arm-none-eabi/12.2.0/../../../../arm-none-eabi/lib/thumb/v7e-m/nofp\libg_nano.a(libc_a-fwalk.o)
                                                  c:/msys64/mingw64/bin/../lib/gcc/arm-none-eabi/12.2.0/../../../../arm-none-eabi/lib/thumb/v7e-m/nofp\libg_nano.a(libc_a-fflush.o)
                                                  c:/msys64/mingw64/bin/../lib/gcc/arm-none-eabi/12.2.0/../../../../arm-none-eabi/lib/thumb/v7e-m/nofp\libg_nano.a(libc_a-findfp.o)
_getpid                                           c:/msys64/mingw64/bin/../lib/gcc/arm-none-eabi/12.2.0/../../../../arm-none-eabi/lib/thumb/v7e-m/nofp\libnosys.a(getpid.o)
                                                  c:/msys64/mingw64/bin/../lib/gcc/arm-none-eabi/12.2.0/../../../../arm-none-eabi/lib/thumb/v7e-m/nofp\libg_nano.a(libc_a-signalr.o)
_getpid_r                                         c:/msys64/mingw64/bin/../lib/gcc/arm-none-eabi/12.2.0/../../../../arm-none-eabi/lib/thumb/v7e-m/nofp\libg_nano.a(libc_a-signalr.o)
                                                  c:/msys64/mingw64/bin/../lib/gcc/arm-none-eabi/12.2.0/../../../../arm-none-eabi/lib/thumb/v7e-m/nofp\libg_nano.a(libc_a-signal.o)
_gettimeofday                                     c:/msys64/mingw64/bin/../lib/gcc/arm-none-eabi/12.2.0/../../../../arm-none-eabi/lib/thumb/v7e-m/nofp\libnosys.a(gettod.o)
                                                  c:/msys64/mingw64/bin/../lib/gcc/arm-none-eabi/12.2.0/../../../../arm-none-eabi/lib/thumb/v7e-m/nofp\libg_nano.a(libc_a-gettimeofdayr.o)
_gettimeofday_r                                   c:/msys64/mingw64/bin/../lib/gcc/arm-none-eabi/12.2.0/../../../../arm-none-eabi/lib/thumb/v7e-m/nofp\libg_nano.a(libc_a-gettimeofdayr.o)
                                                  c:/msys64/mingw64/bin/../lib/gcc/arm-none-eabi/12.2.0/../../../../arm-none-eabi/lib/thumb/v7e-m/nofp\libg_nano.a(libc_a-time.o)
_impure_data                                      c:/msys64/mingw64/bin/../lib/gcc/arm-none-eabi/12.2.0/../../../../arm-none-eabi/lib/thumb/v7e-m/nofp\libg_nano.a(libc_a-impure.o)
                                                  c:/msys64/mingw64/bin/../lib/gcc/arm-none-eabi/12.2.0/../../../../arm-none-eabi/lib/thumb/v7e-m/nofp\libg_nano.a(libc_a-fflush.o)
                                                  c:/msys64/mingw64/bin/../lib/gcc/arm-none-eabi/12.2.0/../../../../arm-none-eabi/lib/thumb/v7e-m/nofp\libg_nano.a(libc_a-findfp.o)
_impure_ptr                                       c:/msys64/mingw64/bin/../lib/gcc/arm-none-eabi/12.2.0/../../../../arm-none-eabi/lib/thumb/v7e-m/nofp\libg_nano.a(libc_a-impure.o)
                                                  c:/msys64/mingw64/bin/../lib/gcc/arm-none-eabi/12.2.0/../../../../arm-none-eabi/lib/thumb/v7e-m/nofp\libg_nano.a(libc_a-signal.o)
                                                  c:/msys64/mingw64/bin/../lib/gcc/arm-none-eabi/12.2.0/../../../../arm-none-eabi/lib/thumb/v7e-m/nofp\libg_nano.a(libc_a-wsetup.o)
                                                  c:/msys64/mingw64/bin/../lib/gcc/arm-none-eabi/12.2.0/../../../../arm-none-eabi/lib/thumb/v7e-m/nofp\libg_nano.a(libc_a-wbuf.o)
                                                  c:/msys64/mingw64/bin/../lib/gcc/arm-none-eabi/12.2.0/../../../../arm-none-eabi/lib/thumb/v7e-m/nofp\libg_nano.a(libc_a-nano-vfprintf.o)
                                                  c:/msys64/mingw64/bin/../lib/gcc/arm-none-eabi/12.2.0/../../../../arm-none-eabi/lib/thumb/v7e-m/nofp\libg_nano.a(libc_a-fprintf.o)
                                                  c:/msys64/mingw64/bin/../lib/gcc/arm-none-eabi/12.2.0/../../../../arm-none-eabi/lib/thumb/v7e-m/nofp\libg_nano.a(libc_a-fflush.o)
                                                  c:/msys64/mingw64/bin/../lib/gcc/arm-none-eabi/12.2.0/../../../../arm-none-eabi/lib/thumb/v7e-m/nofp\libg_nano.a(libc_a-assert.o)
                                                  c:/msys64/mingw64/bin/../lib/gcc/arm-none-eabi/12.2.0/../../../../arm-none-eabi/lib/thumb/v7e-m/nofp\libg_nano.a(libc_a-errno.o)
                                                  c:/msys64/mingw64/bin/../lib/gcc/arm-none-eabi/12.2.0/../../../../arm-none-eabi/lib/thumb/v7e-m/nofp\libg_nano.a(libc_a-reent.o)
                                                  c:/msys64/mingw64/bin/../lib/gcc/arm-none-eabi/12.2.0/../../../../arm-none-eabi/lib/thumb/v7e-m/nofp\libg_nano.a(libc_a-time.o)
                                                  c:/msys64/mingw64/bin/../lib/gcc/arm-none-eabi/12.2.0/../../../../arm-none-eabi/lib/thumb/v7e-m/nofp\libg_nano.a(libc_a-rand.o)
                                                  c:/msys64/mingw64/bin/../lib/gcc/arm-none-eabi/12.2.0/../../../../arm-none-eabi/lib/thumb/v7e-m/nofp\libg_nano.a(libc_a-malloc.o)
_init                                             c:/msys64/mingw64/bin/../lib/gcc/arm-none-eabi/12.2.0/thumb/v7e-m/nofp/crti.o
                                                  c:/msys64/mingw64/bin/../lib/gcc/arm-none-eabi/12.2.0/../../../../arm-none-eabi/lib/thumb/v7e-m/nofp\libg_nano.a(libc_a-init.o)
_init_signal                                      c:/msys64/mingw64/bin/../lib/gcc/arm-none-eabi/12.2.0/../../../../arm-none-eabi/lib/thumb/v7e-m/nofp\libg_nano.a(libc_a-signal.o)
_init_signal_r                                    c:/msys64/mingw64/bin/../lib/gcc/arm-none-eabi/12.2.0/../../../../arm-none-eabi/lib/thumb/v7e-m/nofp\libg_nano.a(libc_a-signal.o)
_isatty                                           c:/msys64/mingw64/bin/../lib/gcc/arm-none-eabi/12.2.0/../../../../arm-none-eabi/lib/thumb/v7e-m/nofp\libnosys.a(isatty.o)
                                                  c:/msys64/mingw64/bin/../lib/gcc/arm-none-eabi/12.2.0/../../../../arm-none-eabi/lib/thumb/v7e-m/nofp\libg_nano.a(libc_a-isattyr.o)
_isatty_r                                         c:/msys64/mingw64/bin/../lib/gcc/arm-none-eabi/12.2.0/../../../../arm-none-eabi/lib/thumb/v7e-m/nofp\libg_nano.a(libc_a-isattyr.o)
                                                  c:/msys64/mingw64/bin/../lib/gcc/arm-none-eabi/12.2.0/../../../../arm-none-eabi/lib/thumb/v7e-m/nofp\libg_nano.a(libc_a-makebuf.o)
_kill                                             c:/msys64/mingw64/bin/../lib/gcc/arm-none-eabi/12.2.0/../../../../arm-none-eabi/lib/thumb/v7e-m/nofp\libnosys.a(kill.o)
                                                  c:/msys64/mingw64/bin/../lib/gcc/arm-none-eabi/12.2.0/../../../../arm-none-eabi/lib/thumb/v7e-m/nofp\libg_nano.a(libc_a-signalr.o)
_kill_r                                           c:/msys64/mingw64/bin/../lib/gcc/arm-none-eabi/12.2.0/../../../../arm-none-eabi/lib/thumb/v7e-m/nofp\libg_nano.a(libc_a-signalr.o)
                                                  c:/msys64/mingw64/bin/../lib/gcc/arm-none-eabi/12.2.0/../../../../arm-none-eabi/lib/thumb/v7e-m/nofp\libg_nano.a(libc_a-signal.o)
_lseek                                            c:/msys64/mingw64/bin/../lib/gcc/arm-none-eabi/12.2.0/../../../../arm-none-eabi/lib/thumb/v7e-m/nofp\libnosys.a(lseek.o)
                                                  c:/msys64/mingw64/bin/../lib/gcc/arm-none-eabi/12.2.0/../../../../arm-none-eabi/lib/thumb/v7e-m/nofp\libg_nano.a(libc_a-lseekr.o)
_lseek_r                                          c:/msys64/mingw64/bin/../lib/gcc/arm-none-eabi/12.2.0/../../../../arm-none-eabi/lib/thumb/v7e-m/nofp\libg_nano.a(libc_a-lseekr.o)
                                                  c:/msys64/mingw64/bin/../lib/gcc/arm-none-eabi/12.2.0/../../../../arm-none-eabi/lib/thumb/v7e-m/nofp\libg_nano.a(libc_a-stdio.o)
_mainCRTStartup                                   c:/msys64/mingw64/bin/../lib/gcc/arm-none-eabi/12.2.0/../../../../arm-none-eabi/lib/thumb/v7e-m/nofp/crt0.o
_malloc_r                                         c:/msys64/mingw64/bin/../lib/gcc/arm-none-eabi/12.2.0/../../../../arm-none-eabi/lib/thumb/v7e-m/nofp\libg_nano.a(libc_a-mallocr.o)
                                                  c:/msys64/mingw64/bin/../lib/gcc/arm-none-eabi/12.2.0/../../../../arm-none-eabi/lib/thumb/v7e-m/nofp\libg_nano.a(libc_a-makebuf.o)
                                                  c:/msys64/mingw64/bin/../lib/gcc/arm-none-eabi/12.2.0/../../../../arm-none-eabi/lib/thumb/v7e-m/nofp\libg_nano.a(libc_a-reallocr.o)
                                                  c:/msys64/mingw64/bin/../lib/gcc/arm-none-eabi/12.2.0/../../../../arm-none-eabi/lib/thumb/v7e-m/nofp\libg_nano.a(libc_a-signal.o)
                                                  c:/msys64/mingw64/bin/../lib/gcc/arm-none-eabi/12.2.0/../../../../arm-none-eabi/lib/thumb/v7e-m/nofp\libg_nano.a(libc_a-fvwrite.o)
                                                  c:/msys64/mingw64/bin/../lib/gcc/arm-none-eabi/12.2.0/../../../../arm-none-eabi/lib/thumb/v7e-m/nofp\libg_nano.a(libc_a-findfp.o)
                                                  c:/msys64/mingw64/bin/../lib/gcc/arm-none-eabi/12.2.0/../../../../arm-none-eabi/lib/thumb/v7e-m/nofp\libg_nano.a(libc_a-malloc.o)
_malloc_usable_size_r                             c:/msys64/mingw64/bin/../lib/gcc/arm-none-eabi/12.2.0/../../../../arm-none-eabi/lib/thumb/v7e-m/nofp\libg_nano.a(libc_a-msizer.o)
                                                  c:/msys64/mingw64/bin/../lib/gcc/arm-none-eabi/12.2.0/../../../../arm-none-eabi/lib/thumb/v7e-m/nofp\libg_nano.a(libc_a-reallocr.o)
_printf_common                                    c:/msys64/mingw64/bin/../lib/gcc/arm-none-eabi/12.2.0/../../../../arm-none-eabi/lib/thumb/v7e-m/nofp\libg_nano.a(libc_a-nano-vfprintf_i.o)
_printf_float                                     c:/msys64/mingw64/bin/../lib/gcc/arm-none-eabi/12.2.0/../../../../arm-none-eabi/lib/thumb/v7e-m/nofp\libg_nano.a(libc_a-nano-vfprintf.o)
_printf_i                                         c:/msys64/mingw64/bin/../lib/gcc/arm-none-eabi/12.2.0/../../../../arm-none-eabi/lib/thumb/v7e-m/nofp\libg_nano.a(libc_a-nano-vfprintf_i.o)
                                                  c:/msys64/mingw64/bin/../lib/gcc/arm-none-eabi/12.2.0/../../../../arm-none-eabi/lib/thumb/v7e-m/nofp\libg_nano.a(libc_a-nano-vfprintf.o)
_raise_r                                          c:/msys64/mingw64/bin/../lib/gcc/arm-none-eabi/12.2.0/../../../../arm-none-eabi/lib/thumb/v7e-m/nofp\libg_nano.a(libc_a-signal.o)
_read                                             c:/msys64/mingw64/bin/../lib/gcc/arm-none-eabi/12.2.0/../../../../arm-none-eabi/lib/thumb/v7e-m/nofp\libnosys.a(read.o)
                                                  c:/msys64/mingw64/bin/../lib/gcc/arm-none-eabi/12.2.0/../../../../arm-none-eabi/lib/thumb/v7e-m/nofp\libg_nano.a(libc_a-readr.o)
_read_r                                           c:/msys64/mingw64/bin/../lib/gcc/arm-none-eabi/12.2.0/../../../../arm-none-eabi/lib/thumb/v7e-m/nofp\libg_nano.a(libc_a-readr.o)
                                                  c:/msys64/mingw64/bin/../lib/gcc/arm-none-eabi/12.2.0/../../../../arm-none-eabi/lib/thumb/v7e-m/nofp\libg_nano.a(libc_a-stdio.o)
_realloc_r                                        c:/msys64/mingw64/bin/../lib/gcc/arm-none-eabi/12.2.0/../../../../arm-none-eabi/lib/thumb/v7e-m/nofp\libg_nano.a(libc_a-reallocr.o)
                                                  c:/msys64/mingw64/bin/../lib/gcc/arm-none-eabi/12.2.0/../../../../arm-none-eabi/lib/thumb/v7e-m/nofp\libg_nano.a(libc_a-fvwrite.o)
_reclaim_reent                                    c:/msys64/mingw64/bin/../lib/gcc/arm-none-eabi/12.2.0/../../../../arm-none-eabi/lib/thumb/v7e-m/nofp\libg_nano.a(libc_a-reent.o)
_sbrk                                             objdir/stm32f3_sysmem.o
                                                  c:/msys64/mingw64/bin/../lib/gcc/arm-none-eabi/12.2.0/../../../../arm-none-eabi/lib/thumb/v7e-m/nofp\libg_nano.a(libc_a-sbrkr.o)
_sbrk_r                                           c:/msys64/mingw64/bin/../lib/gcc/arm-none-eabi/12.2.0/../../../../arm-none-eabi/lib/thumb/v7e-m/nofp\libg_nano.a(libc_a-sbrkr.o)
                                                  c:/msys64/mingw64/bin/../lib/gcc/arm-none-eabi/12.2.0/../../../../arm-none-eabi/lib/thumb/v7e-m/nofp\libg_nano.a(libc_a-mallocr.o)
_sbss                                             objdir/stm32f3_startup.o
_sdata                                            objdir/stm32f3_startup.o
_sidata                                           objdir/stm32f3_startup.o
_signal_r                                         c:/msys64/mingw64/bin/../lib/gcc/arm-none-eabi/12.2.0/../../../../arm-none-eabi/lib/thumb/v7e-m/nofp\libg_nano.a(libc_a-signal.o)
_stack_init                                       c:/msys64/mingw64/bin/../lib/gcc/arm-none-eabi/12.2.0/../../../../arm-none-eabi/lib/thumb/v7e-m/nofp/crt0.o
_start                                            c:/msys64/mingw64/bin/../lib/gcc/arm-none-eabi/12.2.0/../../../../arm-none-eabi/lib/thumb/v7e-m/nofp/crt0.o
_vfiprintf_r                                      c:/msys64/mingw64/bin/../lib/gcc/arm-none-eabi/12.2.0/../../../../arm-none-eabi/lib/thumb/v7e-m/nofp\libg_nano.a(libc_a-nano-vfprintf.o)
_vfprintf_r                                       c:/msys64/mingw64/bin/../lib/gcc/arm-none-eabi/12.2.0/../../../../arm-none-eabi/lib/thumb/v7e-m/nofp\libg_nano.a(libc_a-nano-vfprintf.o)
                                                  c:/msys64/mingw64/bin/../lib/gcc/arm-none-eabi/12.2.0/../../../../arm-none-eabi/lib/thumb/v7e-m/nofp\libg_nano.a(libc_a-fprintf.o)
_write                                            c:/msys64/mingw64/bin/../lib/gcc/arm-none-eabi/12.2.0/../../../../arm-none-eabi/lib/thumb/v7e-m/nofp\libnosys.a(write.o)
                                                  c:/msys64/mingw64/bin/../lib/gcc/arm-none-eabi/12.2.0/../../../../arm-none-eabi/lib/thumb/v7e-m/nofp\libg_nano.a(libc_a-writer.o)
_write_r                                          c:/msys64/mingw64/bin/../lib/gcc/arm-none-eabi/12.2.0/../../../../arm-none-eabi/lib/thumb/v7e-m/nofp\libg_nano.a(libc_a-writer.o)
                                                  c:/msys64/mingw64/bin/../lib/gcc/arm-none-eabi/12.2.0/../../../../arm-none-eabi/lib/thumb/v7e-m/nofp\libg_nano.a(libc_a-stdio.o)
abort                                             c:/msys64/mingw64/bin/../lib/gcc/arm-none-eabi/12.2.0/../../../../arm-none-eabi/lib/thumb/v7e-m/nofp\libg_nano.a(libc_a-abort.o)
                                                  c:/msys64/mingw64/bin/../lib/gcc/arm-none-eabi/12.2.0/../../../../arm-none-eabi/lib/thumb/v7e-m/nofp\libg_nano.a(libc_a-assert.o)
atexit                                            c:/msys64/mingw64/bin/../lib/gcc/arm-none-eabi/12.2.0/../../../../arm-none-eabi/lib/thumb/v7e-m/nofp\libg_nano.a(libc_a-atexit.o)
                                                  c:/msys64/mingw64/bin/../lib/gcc/arm-none-eabi/12.2.0/../../../../arm-none-eabi/lib/thumb/v7e-m/nofp/crt0.o
change_err_led                                    objdir/stm32f3_hal.o
                                                  objdir/simpleserial.o
change_ok_led                                     objdir/stm32f3_hal.o
                                                  objdir/simpleserial.o
check_version                                     objdir/simpleserial.o
construct_network                                 objdir/.//network.o
construct_quantized_network                       objdir/.//network.o
construct_quantized_network2                      objdir/.//network.o
create_layer                                      objdir/.//network.o
create_network                                    objdir/.//network.o
create_neuron                                     objdir/.//network.o
end                                               objdir/stm32f3_sysmem.o
errno                                             c:/msys64/mingw64/bin/../lib/gcc/arm-none-eabi/12.2.0/../../../../arm-none-eabi/lib/thumb/v7e-m/nofp\libg_nano.a(libc_a-reent.o)
                                                  c:/msys64/mingw64/bin/../lib/gcc/arm-none-eabi/12.2.0/../../../../arm-none-eabi/lib/thumb/v7e-m/nofp\libnosys.a(write.o)
                                                  c:/msys64/mingw64/bin/../lib/gcc/arm-none-eabi/12.2.0/../../../../arm-none-eabi/lib/thumb/v7e-m/nofp\libnosys.a(read.o)
                                                  c:/msys64/mingw64/bin/../lib/gcc/arm-none-eabi/12.2.0/../../../../arm-none-eabi/lib/thumb/v7e-m/nofp\libnosys.a(lseek.o)
                                                  c:/msys64/mingw64/bin/../lib/gcc/arm-none-eabi/12.2.0/../../../../arm-none-eabi/lib/thumb/v7e-m/nofp\libnosys.a(kill.o)
                                                  c:/msys64/mingw64/bin/../lib/gcc/arm-none-eabi/12.2.0/../../../../arm-none-eabi/lib/thumb/v7e-m/nofp\libnosys.a(isatty.o)
                                                  c:/msys64/mingw64/bin/../lib/gcc/arm-none-eabi/12.2.0/../../../../arm-none-eabi/lib/thumb/v7e-m/nofp\libnosys.a(gettod.o)
                                                  c:/msys64/mingw64/bin/../lib/gcc/arm-none-eabi/12.2.0/../../../../arm-none-eabi/lib/thumb/v7e-m/nofp\libnosys.a(getpid.o)
                                                  c:/msys64/mingw64/bin/../lib/gcc/arm-none-eabi/12.2.0/../../../../arm-none-eabi/lib/thumb/v7e-m/nofp\libnosys.a(fstat.o)
                                                  c:/msys64/mingw64/bin/../lib/gcc/arm-none-eabi/12.2.0/../../../../arm-none-eabi/lib/thumb/v7e-m/nofp\libnosys.a(close.o)
                                                  c:/msys64/mingw64/bin/../lib/gcc/arm-none-eabi/12.2.0/../../../../arm-none-eabi/lib/thumb/v7e-m/nofp\libg_nano.a(libc_a-isattyr.o)
                                                  c:/msys64/mingw64/bin/../lib/gcc/arm-none-eabi/12.2.0/../../../../arm-none-eabi/lib/thumb/v7e-m/nofp\libg_nano.a(libc_a-fstatr.o)
                                                  c:/msys64/mingw64/bin/../lib/gcc/arm-none-eabi/12.2.0/../../../../arm-none-eabi/lib/thumb/v7e-m/nofp\libg_nano.a(libc_a-signalr.o)
                                                  c:/msys64/mingw64/bin/../lib/gcc/arm-none-eabi/12.2.0/../../../../arm-none-eabi/lib/thumb/v7e-m/nofp\libg_nano.a(libc_a-writer.o)
                                                  c:/msys64/mingw64/bin/../lib/gcc/arm-none-eabi/12.2.0/../../../../arm-none-eabi/lib/thumb/v7e-m/nofp\libg_nano.a(libc_a-sbrkr.o)
                                                  c:/msys64/mingw64/bin/../lib/gcc/arm-none-eabi/12.2.0/../../../../arm-none-eabi/lib/thumb/v7e-m/nofp\libg_nano.a(libc_a-readr.o)
                                                  c:/msys64/mingw64/bin/../lib/gcc/arm-none-eabi/12.2.0/../../../../arm-none-eabi/lib/thumb/v7e-m/nofp\libg_nano.a(libc_a-lseekr.o)
                                                  c:/msys64/mingw64/bin/../lib/gcc/arm-none-eabi/12.2.0/../../../../arm-none-eabi/lib/thumb/v7e-m/nofp\libg_nano.a(libc_a-gettimeofdayr.o)
                                                  c:/msys64/mingw64/bin/../lib/gcc/arm-none-eabi/12.2.0/../../../../arm-none-eabi/lib/thumb/v7e-m/nofp\libg_nano.a(libc_a-closer.o)
exit                                              c:/msys64/mingw64/bin/../lib/gcc/arm-none-eabi/12.2.0/../../../../arm-none-eabi/lib/thumb/v7e-m/nofp\libg_nano.a(libc_a-exit.o)
                                                  c:/msys64/mingw64/bin/../lib/gcc/arm-none-eabi/12.2.0/../../../../arm-none-eabi/lib/thumb/v7e-m/nofp/crt0.o
exp                                               c:/msys64/mingw64/bin/../lib/gcc/arm-none-eabi/12.2.0/../../../../arm-none-eabi/lib/thumb/v7e-m/nofp\libm.a(libm_a-w_exp.o)
                                                  objdir/.//network.o
fflush                                            c:/msys64/mingw64/bin/../lib/gcc/arm-none-eabi/12.2.0/../../../../arm-none-eabi/lib/thumb/v7e-m/nofp\libg_nano.a(libc_a-fflush.o)
finite                                            c:/msys64/mingw64/bin/../lib/gcc/arm-none-eabi/12.2.0/../../../../arm-none-eabi/lib/thumb/v7e-m/nofp\libm.a(libm_a-s_finite.o)
                                                  c:/msys64/mingw64/bin/../lib/gcc/arm-none-eabi/12.2.0/../../../../arm-none-eabi/lib/thumb/v7e-m/nofp\libm.a(libm_a-w_exp.o)
fiprintf                                          c:/msys64/mingw64/bin/../lib/gcc/arm-none-eabi/12.2.0/../../../../arm-none-eabi/lib/thumb/v7e-m/nofp\libg_nano.a(libc_a-fprintf.o)
                                                  c:/msys64/mingw64/bin/../lib/gcc/arm-none-eabi/12.2.0/../../../../arm-none-eabi/lib/thumb/v7e-m/nofp\libg_nano.a(libc_a-assert.o)
forward                                           objdir/.//network.o
forward_layer                                     objdir/.//network.o
forward_shuffled                                  objdir/.//network.o
forward_shuffled_without_overhead                 objdir/.//network.o
forward_shuffled_without_overhead_activations_at_end objdir/.//network.o
fprintf                                           c:/msys64/mingw64/bin/../lib/gcc/arm-none-eabi/12.2.0/../../../../arm-none-eabi/lib/thumb/v7e-m/nofp\libg_nano.a(libc_a-fprintf.o)
free                                              c:/msys64/mingw64/bin/../lib/gcc/arm-none-eabi/12.2.0/../../../../arm-none-eabi/lib/thumb/v7e-m/nofp\libg_nano.a(libc_a-malloc.o)
g_pfnVectors                                      objdir/stm32f3_startup.o
generate_random_indices                           objdir/.//network.o
get_random_indices                                objdir/.//network.o
getch                                             objdir/stm32f3_hal.o
                                                  objdir/simpleserial.o
hal_sys_tick                                      objdir/stm32f3_hal_lowlevel.o
hardware_init_hook                                c:/msys64/mingw64/bin/../lib/gcc/arm-none-eabi/12.2.0/../../../../arm-none-eabi/lib/thumb/v7e-m/nofp/crt0.o
hex_decode                                        objdir/simpleserial.o
hundred_mult                                      objdir/.//main.o
hundred_mult_buffed                               objdir/.//main.o
init_uart                                         objdir/stm32f3_hal.o
                                                  objdir/.//main.o
main                                              objdir/.//main.o
                                                  objdir/stm32f3_startup.o
                                                  c:/msys64/mingw64/bin/../lib/gcc/arm-none-eabi/12.2.0/../../../../arm-none-eabi/lib/thumb/v7e-m/nofp/crt0.o
malloc                                            c:/msys64/mingw64/bin/../lib/gcc/arm-none-eabi/12.2.0/../../../../arm-none-eabi/lib/thumb/v7e-m/nofp\libg_nano.a(libc_a-malloc.o)
                                                  c:/msys64/mingw64/bin/../lib/gcc/arm-none-eabi/12.2.0/../../../../arm-none-eabi/lib/thumb/v7e-m/nofp\libg_nano.a(libc_a-__atexit.o)
                                                  c:/msys64/mingw64/bin/../lib/gcc/arm-none-eabi/12.2.0/../../../../arm-none-eabi/lib/thumb/v7e-m/nofp\libg_nano.a(libc_a-rand.o)
                                                  objdir/.//network.o
memchr                                            c:/msys64/mingw64/bin/../lib/gcc/arm-none-eabi/12.2.0/../../../../arm-none-eabi/lib/thumb/v7e-m/nofp\libg_nano.a(libc_a-memchr.o)
                                                  c:/msys64/mingw64/bin/../lib/gcc/arm-none-eabi/12.2.0/../../../../arm-none-eabi/lib/thumb/v7e-m/nofp\libg_nano.a(libc_a-fvwrite.o)
                                                  c:/msys64/mingw64/bin/../lib/gcc/arm-none-eabi/12.2.0/../../../../arm-none-eabi/lib/thumb/v7e-m/nofp\libg_nano.a(libc_a-nano-vfprintf_i.o)
                                                  c:/msys64/mingw64/bin/../lib/gcc/arm-none-eabi/12.2.0/../../../../arm-none-eabi/lib/thumb/v7e-m/nofp\libg_nano.a(libc_a-nano-vfprintf.o)
memcpy                                            c:/msys64/mingw64/bin/../lib/gcc/arm-none-eabi/12.2.0/../../../../arm-none-eabi/lib/thumb/v7e-m/nofp\libg_nano.a(libc_a-memcpy.o)
                                                  c:/msys64/mingw64/bin/../lib/gcc/arm-none-eabi/12.2.0/../../../../arm-none-eabi/lib/thumb/v7e-m/nofp\libg_nano.a(libc_a-reallocr.o)
                                                  c:/msys64/mingw64/bin/../lib/gcc/arm-none-eabi/12.2.0/../../../../arm-none-eabi/lib/thumb/v7e-m/nofp\libg_nano.a(libc_a-fvwrite.o)
memmove                                           c:/msys64/mingw64/bin/../lib/gcc/arm-none-eabi/12.2.0/../../../../arm-none-eabi/lib/thumb/v7e-m/nofp\libg_nano.a(libc_a-memmove.o)
                                                  c:/msys64/mingw64/bin/../lib/gcc/arm-none-eabi/12.2.0/../../../../arm-none-eabi/lib/thumb/v7e-m/nofp\libg_nano.a(libc_a-fvwrite.o)
memset                                            c:/msys64/mingw64/bin/../lib/gcc/arm-none-eabi/12.2.0/../../../../arm-none-eabi/lib/thumb/v7e-m/nofp\libg_nano.a(libc_a-memset.o)
                                                  c:/msys64/mingw64/bin/../lib/gcc/arm-none-eabi/12.2.0/../../../../arm-none-eabi/lib/thumb/v7e-m/nofp\libg_nano.a(libc_a-findfp.o)
                                                  c:/msys64/mingw64/bin/../lib/gcc/arm-none-eabi/12.2.0/../../../../arm-none-eabi/lib/thumb/v7e-m/nofp/crt0.o
one_mult                                          objdir/.//main.o
platform_init                                     objdir/stm32f3_hal.o
                                                  objdir/.//main.o
putch                                             objdir/stm32f3_hal.o
                                                  objdir/simpleserial.o
quantized_create_neuron                           objdir/.//network.o
raise                                             c:/msys64/mingw64/bin/../lib/gcc/arm-none-eabi/12.2.0/../../../../arm-none-eabi/lib/thumb/v7e-m/nofp\libg_nano.a(libc_a-signal.o)
                                                  c:/msys64/mingw64/bin/../lib/gcc/arm-none-eabi/12.2.0/../../../../arm-none-eabi/lib/thumb/v7e-m/nofp\libg_nano.a(libc_a-abort.o)
rand                                              c:/msys64/mingw64/bin/../lib/gcc/arm-none-eabi/12.2.0/../../../../arm-none-eabi/lib/thumb/v7e-m/nofp\libg_nano.a(libc_a-rand.o)
                                                  objdir/.//network.o
reversed_one_mult                                 objdir/.//main.o
shuffleArray                                      objdir/.//network.o
signal                                            c:/msys64/mingw64/bin/../lib/gcc/arm-none-eabi/12.2.0/../../../../arm-none-eabi/lib/thumb/v7e-m/nofp\libg_nano.a(libc_a-signal.o)
simpleserial_addcmd                               objdir/simpleserial.o
                                                  objdir/.//main.o
simpleserial_get                                  objdir/simpleserial.o
                                                  objdir/.//main.o
simpleserial_init                                 objdir/simpleserial.o
                                                  objdir/.//main.o
simpleserial_put                                  objdir/simpleserial.o
                                                  objdir/.//main.o
software_init_hook                                c:/msys64/mingw64/bin/../lib/gcc/arm-none-eabi/12.2.0/../../../../arm-none-eabi/lib/thumb/v7e-m/nofp/crt0.o
srand                                             c:/msys64/mingw64/bin/../lib/gcc/arm-none-eabi/12.2.0/../../../../arm-none-eabi/lib/thumb/v7e-m/nofp\libg_nano.a(libc_a-rand.o)
                                                  objdir/.//network.o
ss_crc                                            objdir/simpleserial.o
ss_get_commands                                   objdir/simpleserial.o
ss_puts                                           objdir/simpleserial.o
stuff_data                                        objdir/simpleserial.o
swap                                              objdir/.//network.o
time                                              c:/msys64/mingw64/bin/../lib/gcc/arm-none-eabi/12.2.0/../../../../arm-none-eabi/lib/thumb/v7e-m/nofp\libg_nano.a(libc_a-time.o)
                                                  objdir/.//network.o
trigger_high                                      objdir/stm32f3_hal.o
                                                  objdir/.//main.o
trigger_low                                       objdir/stm32f3_hal.o
                                                  objdir/.//main.o
trigger_setup                                     objdir/stm32f3_hal.o
                                                  objdir/.//main.o
unstuff_data                                      objdir/simpleserial.o
uwTick                                            objdir/stm32f3_hal_lowlevel.o
vfiprintf                                         c:/msys64/mingw64/bin/../lib/gcc/arm-none-eabi/12.2.0/../../../../arm-none-eabi/lib/thumb/v7e-m/nofp\libg_nano.a(libc_a-nano-vfprintf.o)
vfprintf                                          c:/msys64/mingw64/bin/../lib/gcc/arm-none-eabi/12.2.0/../../../../arm-none-eabi/lib/thumb/v7e-m/nofp\libg_nano.a(libc_a-nano-vfprintf.o)